<!doctype html public "-//w3c//dtd html 4.0 transitional//en">
<html><head>
<title>Static Call Graph - [.\Objects\AutoAITalk.axf]</title></head>
<body><HR>
<H1>Static Call Graph for image .\Objects\AutoAITalk.axf</H1><HR>
<BR><P>#&#060CALLGRAPH&#062# ARM Linker, 5060750: Last Updated: Thu Aug 21 14:25:37 2025
<BR><P>
<H3>Maximum Stack Usage =      29920 bytes + Unknown(Cycles, Untraceable Function Pointers)</H3><H3>
Call chain for Maximum Stack Depth:</H3>
main &rArr; AudioInputProcess &rArr; opus_encode &rArr; opus_encode_native &rArr; opus_encode_frame_native &rArr; silk_Encode &rArr; silk_encode_frame_FLP &rArr; silk_find_pitch_lags_FLP &rArr; silk_pitch_analysis_core_FLP &rArr; silk_P_Ana_calc_energy_st3 &rArr; silk_energy_FLP &rArr; __aeabi_dmul &rArr; _double_epilogue &rArr; _double_round
<P>
<H3>
Mutually Recursive functions
</H3> <LI><a href="#[18]">PendSV_Handler</a>&nbsp;&nbsp;&nbsp;&rArr;&nbsp;&nbsp;&nbsp;<a href="#[18]">PendSV_Handler</a><BR>
 <LI><a href="#[2c]">ADC1_2_IRQHandler</a>&nbsp;&nbsp;&nbsp;&rArr;&nbsp;&nbsp;&nbsp;<a href="#[2c]">ADC1_2_IRQHandler</a><BR>
 <LI><a href="#[248]">quant_partition</a>&nbsp;&nbsp;&nbsp;&rArr;&nbsp;&nbsp;&nbsp;<a href="#[248]">quant_partition</a><BR>
 <LI><a href="#[1fe]">opus_decode_native</a>&nbsp;&nbsp;&nbsp;&rArr;&nbsp;&nbsp;&nbsp;<a href="#[1fe]">opus_decode_native</a><BR>
 <LI><a href="#[1ff]">opus_decode_frame</a>&nbsp;&nbsp;&nbsp;&rArr;&nbsp;&nbsp;&nbsp;<a href="#[1ff]">opus_decode_frame</a><BR>
</UL>
<P>
<H3>
Function Pointers
</H3><UL>
 <LI><a href="#[2c]">ADC1_2_IRQHandler</a> from startup_n32h482.o(.text) referenced from startup_n32h482.o(RESET)
 <LI><a href="#[49]">ADC3_ADC4_IRQHandler</a> from startup_n32h482.o(.text) referenced from startup_n32h482.o(RESET)
 <LI><a href="#[32]">ATIM1_BRK_IRQHandler</a> from startup_n32h482.o(.text) referenced from startup_n32h482.o(RESET)
 <LI><a href="#[35]">ATIM1_CC_IRQHandler</a> from startup_n32h482.o(.text) referenced from startup_n32h482.o(RESET)
 <LI><a href="#[34]">ATIM1_TRG_COM_IRQHandler</a> from startup_n32h482.o(.text) referenced from startup_n32h482.o(RESET)
 <LI><a href="#[33]">ATIM1_UP_IRQHandler</a> from startup_n32h482.o(.text) referenced from startup_n32h482.o(RESET)
 <LI><a href="#[45]">ATIM2_BRK_IRQHandler</a> from startup_n32h482.o(.text) referenced from startup_n32h482.o(RESET)
 <LI><a href="#[48]">ATIM2_CC_IRQHandler</a> from startup_n32h482.o(.text) referenced from startup_n32h482.o(RESET)
 <LI><a href="#[47]">ATIM2_TRG_COM_IRQHandler</a> from startup_n32h482.o(.text) referenced from startup_n32h482.o(RESET)
 <LI><a href="#[46]">ATIM2_UP_IRQHandler</a> from startup_n32h482.o(.text) referenced from startup_n32h482.o(RESET)
 <LI><a href="#[6f]">ATIM3_BRK_IRQHandler</a> from startup_n32h482.o(.text) referenced from startup_n32h482.o(RESET)
 <LI><a href="#[72]">ATIM3_CC_IRQHandler</a> from startup_n32h482.o(.text) referenced from startup_n32h482.o(RESET)
 <LI><a href="#[71]">ATIM3_TRG_COM_IRQHandler</a> from startup_n32h482.o(.text) referenced from startup_n32h482.o(RESET)
 <LI><a href="#[70]">ATIM3_UP_IRQHandler</a> from startup_n32h482.o(.text) referenced from startup_n32h482.o(RESET)
 <LI><a href="#[50]">BTIM1_IRQHandler</a> from startup_n32h482.o(.text) referenced from startup_n32h482.o(RESET)
 <LI><a href="#[51]">BTIM2_IRQHandler</a> from startup_n32h482.o(.text) referenced from startup_n32h482.o(RESET)
 <LI><a href="#[14]">BusFault_Handler</a> from n32h47x_48x_it.o(i.BusFault_Handler) referenced from startup_n32h482.o(RESET)
 <LI><a href="#[77]">Cordic_IRQ_IRQHandler</a> from startup_n32h482.o(.text) referenced from startup_n32h482.o(RESET)
 <LI><a href="#[7e]">DAC1_2_3_4_Underflow_IRQHandler</a> from startup_n32h482.o(.text) referenced from startup_n32h482.o(RESET)
 <LI><a href="#[7f]">DAC5_6_7_8_Underflow_IRQHandler</a> from startup_n32h482.o(.text) referenced from startup_n32h482.o(RESET)
 <LI><a href="#[25]">DMA1_Channel1_IRQHandler</a> from startup_n32h482.o(.text) referenced from startup_n32h482.o(RESET)
 <LI><a href="#[26]">DMA1_Channel2_IRQHandler</a> from startup_n32h482.o(.text) referenced from startup_n32h482.o(RESET)
 <LI><a href="#[27]">DMA1_Channel3_IRQHandler</a> from startup_n32h482.o(.text) referenced from startup_n32h482.o(RESET)
 <LI><a href="#[28]">DMA1_Channel4_IRQHandler</a> from startup_n32h482.o(.text) referenced from startup_n32h482.o(RESET)
 <LI><a href="#[29]">DMA1_Channel5_IRQHandler</a> from startup_n32h482.o(.text) referenced from startup_n32h482.o(RESET)
 <LI><a href="#[2a]">DMA1_Channel6_IRQHandler</a> from startup_n32h482.o(.text) referenced from startup_n32h482.o(RESET)
 <LI><a href="#[2b]">DMA1_Channel7_IRQHandler</a> from startup_n32h482.o(.text) referenced from startup_n32h482.o(RESET)
 <LI><a href="#[65]">DMA1_Channel8_IRQHandler</a> from startup_n32h482.o(.text) referenced from startup_n32h482.o(RESET)
 <LI><a href="#[52]">DMA2_Channel1_IRQHandler</a> from startup_n32h482.o(.text) referenced from startup_n32h482.o(RESET)
 <LI><a href="#[53]">DMA2_Channel2_IRQHandler</a> from startup_n32h482.o(.text) referenced from startup_n32h482.o(RESET)
 <LI><a href="#[54]">DMA2_Channel3_IRQHandler</a> from startup_n32h482.o(.text) referenced from startup_n32h482.o(RESET)
 <LI><a href="#[55]">DMA2_Channel4_IRQHandler</a> from startup_n32h482.o(.text) referenced from startup_n32h482.o(RESET)
 <LI><a href="#[56]">DMA2_Channel5_IRQHandler</a> from startup_n32h482.o(.text) referenced from startup_n32h482.o(RESET)
 <LI><a href="#[5d]">DMA2_Channel6_IRQHandler</a> from startup_n32h482.o(.text) referenced from startup_n32h482.o(RESET)
 <LI><a href="#[5e]">DMA2_Channel7_IRQHandler</a> from startup_n32h482.o(.text) referenced from startup_n32h482.o(RESET)
 <LI><a href="#[66]">DMA2_Channel8_IRQHandler</a> from startup_n32h482.o(.text) referenced from startup_n32h482.o(RESET)
 <LI><a href="#[17]">DebugMon_Handler</a> from n32h47x_48x_it.o(i.DebugMon_Handler) referenced from startup_n32h482.o(RESET)
 <LI><a href="#[1]">EP1_IN_Callback</a> from usbfsd_endp.o(i.EP1_IN_Callback) referenced 2 times from usbfsd_istr.o(.data)
 <LI><a href="#[3]">EP3_OUT_Callback</a> from usbfsd_endp.o(i.EP3_OUT_Callback) referenced 2 times from usbfsd_istr.o(.data)
 <LI><a href="#[20]">EXTI0_IRQHandler</a> from startup_n32h482.o(.text) referenced from startup_n32h482.o(RESET)
 <LI><a href="#[42]">EXTI15_10_IRQHandler</a> from startup_n32h482.o(.text) referenced from startup_n32h482.o(RESET)
 <LI><a href="#[21]">EXTI1_IRQHandler</a> from startup_n32h482.o(.text) referenced from startup_n32h482.o(RESET)
 <LI><a href="#[22]">EXTI2_IRQHandler</a> from startup_n32h482.o(.text) referenced from startup_n32h482.o(RESET)
 <LI><a href="#[23]">EXTI3_IRQHandler</a> from startup_n32h482.o(.text) referenced from startup_n32h482.o(RESET)
 <LI><a href="#[24]">EXTI4_IRQHandler</a> from startup_n32h482.o(.text) referenced from startup_n32h482.o(RESET)
 <LI><a href="#[31]">EXTI9_5_IRQHandler</a> from startup_n32h482.o(.text) referenced from startup_n32h482.o(RESET)
 <LI><a href="#[2f]">FDCAN1_INT0_IRQHandler</a> from startup_n32h482.o(.text) referenced from startup_n32h482.o(RESET)
 <LI><a href="#[30]">FDCAN1_INT1_IRQHandler</a> from startup_n32h482.o(.text) referenced from startup_n32h482.o(RESET)
 <LI><a href="#[58]">FDCAN2_INT0_IRQHandler</a> from startup_n32h482.o(.text) referenced from startup_n32h482.o(RESET)
 <LI><a href="#[59]">FDCAN2_INT1_IRQHandler</a> from startup_n32h482.o(.text) referenced from startup_n32h482.o(RESET)
 <LI><a href="#[5a]">FDCAN3_INT0_IRQHandler</a> from startup_n32h482.o(.text) referenced from startup_n32h482.o(RESET)
 <LI><a href="#[5b]">FDCAN3_INT1_IRQHandler</a> from startup_n32h482.o(.text) referenced from startup_n32h482.o(RESET)
 <LI><a href="#[81]">FEMC_IRQHandler</a> from startup_n32h482.o(.text) referenced from startup_n32h482.o(RESET)
 <LI><a href="#[1e]">FLASH_IRQHandler</a> from startup_n32h482.o(.text) referenced from startup_n32h482.o(RESET)
 <LI><a href="#[76]">FMAC_IRQ_IRQHandler</a> from startup_n32h482.o(.text) referenced from startup_n32h482.o(RESET)
 <LI><a href="#[7d]">GTIM10_IRQHandler</a> from startup_n32h482.o(.text) referenced from startup_n32h482.o(RESET)
 <LI><a href="#[36]">GTIM1_IRQHandler</a> from startup_n32h482.o(.text) referenced from startup_n32h482.o(RESET)
 <LI><a href="#[37]">GTIM2_IRQHandler</a> from startup_n32h482.o(.text) referenced from startup_n32h482.o(RESET)
 <LI><a href="#[38]">GTIM3_IRQHandler</a> from startup_n32h482.o(.text) referenced from startup_n32h482.o(RESET)
 <LI><a href="#[4c]">GTIM4_IRQHandler</a> from startup_n32h482.o(.text) referenced from startup_n32h482.o(RESET)
 <LI><a href="#[6e]">GTIM5_IRQHandler</a> from startup_n32h482.o(.text) referenced from startup_n32h482.o(RESET)
 <LI><a href="#[73]">GTIM6_IRQHandler</a> from startup_n32h482.o(.text) referenced from startup_n32h482.o(RESET)
 <LI><a href="#[7a]">GTIM7_IRQHandler</a> from startup_n32h482.o(.text) referenced from startup_n32h482.o(RESET)
 <LI><a href="#[7b]">GTIM8_IRQHandler</a> from startup_n32h482.o(.text) referenced from startup_n32h482.o(RESET)
 <LI><a href="#[7c]">GTIM9_IRQHandler</a> from startup_n32h482.o(.text) referenced from startup_n32h482.o(RESET)
 <LI><a href="#[12]">HardFault_Handler</a> from n32h47x_48x_it.o(i.HardFault_Handler) referenced from startup_n32h482.o(RESET)
 <LI><a href="#[3a]">I2C1_ER_IRQHandler</a> from startup_n32h482.o(.text) referenced from startup_n32h482.o(RESET)
 <LI><a href="#[39]">I2C1_EV_IRQHandler</a> from startup_n32h482.o(.text) referenced from startup_n32h482.o(RESET)
 <LI><a href="#[3c]">I2C2_ER_IRQHandler</a> from startup_n32h482.o(.text) referenced from startup_n32h482.o(RESET)
 <LI><a href="#[3b]">I2C2_EV_IRQHandler</a> from startup_n32h482.o(.text) referenced from startup_n32h482.o(RESET)
 <LI><a href="#[60]">I2C3_ER_IRQHandler</a> from startup_n32h482.o(.text) referenced from startup_n32h482.o(RESET)
 <LI><a href="#[5f]">I2C3_EV_IRQHandler</a> from startup_n32h482.o(.text) referenced from startup_n32h482.o(RESET)
 <LI><a href="#[62]">I2C4_ER_IRQHandler</a> from startup_n32h482.o(.text) referenced from startup_n32h482.o(RESET)
 <LI><a href="#[61]">I2C4_EV_IRQHandler</a> from startup_n32h482.o(.text) referenced from startup_n32h482.o(RESET)
 <LI><a href="#[74]">LPTIM1_WKUP_IRQHandler</a> from startup_n32h482.o(.text) referenced from startup_n32h482.o(RESET)
 <LI><a href="#[75]">LPTIM2_WKUP_IRQHandler</a> from startup_n32h482.o(.text) referenced from startup_n32h482.o(RESET)
 <LI><a href="#[13]">MemManage_Handler</a> from n32h47x_48x_it.o(i.MemManage_Handler) referenced from startup_n32h482.o(RESET)
 <LI><a href="#[11]">NMI_Handler</a> from n32h47x_48x_it.o(i.NMI_Handler) referenced from startup_n32h482.o(RESET)
 <LI><a href="#[1b]">PVD_IRQHandler</a> from startup_n32h482.o(.text) referenced from startup_n32h482.o(RESET)
 <LI><a href="#[18]">PendSV_Handler</a> from startup_n32h482.o(.text) referenced from startup_n32h482.o(RESET)
 <LI><a href="#[1f]">RCC_IRQHandler</a> from startup_n32h482.o(.text) referenced from startup_n32h482.o(RESET)
 <LI><a href="#[43]">RTCAlarm_IRQHandler</a> from startup_n32h482.o(.text) referenced from startup_n32h482.o(RESET)
 <LI><a href="#[1c]">RTC_TAMPER_IRQHandler</a> from startup_n32h482.o(.text) referenced from startup_n32h482.o(RESET)
 <LI><a href="#[1d]">RTC_WKUP_IRQHandler</a> from startup_n32h482.o(.text) referenced from startup_n32h482.o(RESET)
 <LI><a href="#[10]">Reset_Handler</a> from startup_n32h482.o(.text) referenced from startup_n32h482.o(RESET)
 <LI><a href="#[67]">SAC_IRQHandler</a> from startup_n32h482.o(.text) referenced from startup_n32h482.o(RESET)
 <LI><a href="#[4b]">SDIO_IRQHandler</a> from startup_n32h482.o(.text) referenced from startup_n32h482.o(RESET)
 <LI><a href="#[68]">SMPU_IRQHandler</a> from startup_n32h482.o(.text) referenced from startup_n32h482.o(RESET)
 <LI><a href="#[3d]">SPI1_IRQHandler</a> from startup_n32h482.o(.text) referenced from startup_n32h482.o(RESET)
 <LI><a href="#[3e]">SPI2_I2S2_IRQHandler</a> from startup_n32h482.o(.text) referenced from startup_n32h482.o(RESET)
 <LI><a href="#[4d]">SPI3_I2S3_IRQHandler</a> from startup_n32h482.o(.text) referenced from startup_n32h482.o(RESET)
 <LI><a href="#[6d]">SPI4_IRQHandler</a> from startup_n32h482.o(.text) referenced from startup_n32h482.o(RESET)
 <LI><a href="#[78]">SPI5_IRQHandler</a> from startup_n32h482.o(.text) referenced from startup_n32h482.o(RESET)
 <LI><a href="#[79]">SPI6_IRQHandler</a> from startup_n32h482.o(.text) referenced from startup_n32h482.o(RESET)
 <LI><a href="#[57]">SRAM_ERR_IRQHandler</a> from startup_n32h482.o(.text) referenced from startup_n32h482.o(RESET)
 <LI><a href="#[16]">SVC_Handler</a> from n32h47x_48x_it.o(i.SVC_Handler) referenced from startup_n32h482.o(RESET)
 <LI><a href="#[86]">Standard_GetConfiguration</a> from usbfsd_core.o(i.Standard_GetConfiguration) referenced from usbfsd_core.o(i.Data_Setup0)
 <LI><a href="#[87]">Standard_GetInterface</a> from usbfsd_core.o(i.Standard_GetInterface) referenced from usbfsd_core.o(i.Data_Setup0)
 <LI><a href="#[85]">Standard_GetStatus</a> from usbfsd_core.o(i.Standard_GetStatus) referenced from usbfsd_core.o(i.Data_Setup0)
 <LI><a href="#[19]">SysTick_Handler</a> from n32h47x_48x_it.o(i.SysTick_Handler) referenced from startup_n32h482.o(RESET)
 <LI><a href="#[83]">SystemInit</a> from system_n32h47x_48x.o(i.SystemInit) referenced from startup_n32h482.o(.text)
 <LI><a href="#[4f]">UART5_IRQHandler</a> from startup_n32h482.o(.text) referenced from startup_n32h482.o(RESET)
 <LI><a href="#[63]">UART6_IRQHandler</a> from startup_n32h482.o(.text) referenced from startup_n32h482.o(RESET)
 <LI><a href="#[64]">UART7_IRQHandler</a> from n32h47x_48x_it.o(i.UART7_IRQHandler) referenced from startup_n32h482.o(RESET)
 <LI><a href="#[6c]">UART8_IRQHandler</a> from startup_n32h482.o(.text) referenced from startup_n32h482.o(RESET)
 <LI><a href="#[4a]">UCDR_IRQHandler</a> from startup_n32h482.o(.text) referenced from startup_n32h482.o(RESET)
 <LI><a href="#[3f]">USART1_IRQHandler</a> from startup_n32h482.o(.text) referenced from startup_n32h482.o(RESET)
 <LI><a href="#[40]">USART2_IRQHandler</a> from startup_n32h482.o(.text) referenced from startup_n32h482.o(RESET)
 <LI><a href="#[41]">USART3_IRQHandler</a> from startup_n32h482.o(.text) referenced from startup_n32h482.o(RESET)
 <LI><a href="#[4e]">USART4_IRQHandler</a> from n32h47x_48x_it.o(i.USART4_IRQHandler) referenced from startup_n32h482.o(RESET)
 <LI><a href="#[2d]">USB_FS_HP_IRQHandler</a> from startup_n32h482.o(.text) referenced from startup_n32h482.o(RESET)
 <LI><a href="#[2e]">USB_FS_LP_IRQHandler</a> from n32h47x_48x_it.o(i.USB_FS_LP_IRQHandler) referenced from startup_n32h482.o(RESET)
 <LI><a href="#[44]">USB_FS_WKUP_IRQHandler</a> from n32h47x_48x_it.o(i.USB_FS_WKUP_IRQHandler) referenced from startup_n32h482.o(RESET)
 <LI><a href="#[6a]">USB_HS_EPx_IN_IRQHandler</a> from startup_n32h482.o(.text) referenced from startup_n32h482.o(RESET)
 <LI><a href="#[69]">USB_HS_EPx_OUT_IRQHandler</a> from startup_n32h482.o(.text) referenced from startup_n32h482.o(RESET)
 <LI><a href="#[80]">USB_HS_IRQHandler</a> from startup_n32h482.o(.text) referenced from startup_n32h482.o(RESET)
 <LI><a href="#[6b]">USB_HS_WKUP_IRQHandler</a> from startup_n32h482.o(.text) referenced from startup_n32h482.o(RESET)
 <LI><a href="#[2]">USB_ProcessNop</a> from usbfsd_core.o(i.USB_ProcessNop) referenced 38 times from usbfsd_istr.o(.data)
 <LI><a href="#[15]">UsageFault_Handler</a> from n32h47x_48x_it.o(i.UsageFault_Handler) referenced from startup_n32h482.o(RESET)
 <LI><a href="#[8]">Virtual_Com_Port_Data_Setup</a> from usbfsd_prop.o(i.Virtual_Com_Port_Data_Setup) referenced 2 times from usbfsd_prop.o(.data)
 <LI><a href="#[c]">Virtual_Com_Port_GetConfigDescriptor</a> from usbfsd_prop.o(i.Virtual_Com_Port_GetConfigDescriptor) referenced 2 times from usbfsd_prop.o(.data)
 <LI><a href="#[b]">Virtual_Com_Port_GetDeviceDescriptor</a> from usbfsd_prop.o(i.Virtual_Com_Port_GetDeviceDescriptor) referenced 2 times from usbfsd_prop.o(.data)
 <LI><a href="#[88]">Virtual_Com_Port_GetLineCoding</a> from usbfsd_prop.o(i.Virtual_Com_Port_GetLineCoding) referenced from usbfsd_prop.o(i.Virtual_Com_Port_Data_Setup)
 <LI><a href="#[d]">Virtual_Com_Port_GetStringDescriptor</a> from usbfsd_prop.o(i.Virtual_Com_Port_GetStringDescriptor) referenced 2 times from usbfsd_prop.o(.data)
 <LI><a href="#[a]">Virtual_Com_Port_Get_Interface_Setting</a> from usbfsd_prop.o(i.Virtual_Com_Port_Get_Interface_Setting) referenced 2 times from usbfsd_prop.o(.data)
 <LI><a href="#[9]">Virtual_Com_Port_NoData_Setup</a> from usbfsd_prop.o(i.Virtual_Com_Port_NoData_Setup) referenced 2 times from usbfsd_prop.o(.data)
 <LI><a href="#[5]">Virtual_Com_Port_Reset</a> from usbfsd_prop.o(i.Virtual_Com_Port_Reset) referenced 2 times from usbfsd_prop.o(.data)
 <LI><a href="#[e]">Virtual_Com_Port_SetConfiguration</a> from usbfsd_prop.o(i.Virtual_Com_Port_SetConfiguration) referenced 2 times from usbfsd_prop.o(.data)
 <LI><a href="#[f]">Virtual_Com_Port_SetDeviceAddress</a> from usbfsd_prop.o(i.Virtual_Com_Port_SetDeviceAddress) referenced 2 times from usbfsd_prop.o(.data)
 <LI><a href="#[89]">Virtual_Com_Port_SetLineCoding</a> from usbfsd_prop.o(i.Virtual_Com_Port_SetLineCoding) referenced from usbfsd_prop.o(i.Virtual_Com_Port_Data_Setup)
 <LI><a href="#[6]">Virtual_Com_Port_Status_In</a> from usbfsd_prop.o(i.Virtual_Com_Port_Status_In) referenced 2 times from usbfsd_prop.o(.data)
 <LI><a href="#[7]">Virtual_Com_Port_Status_Out</a> from usbfsd_prop.o(i.Virtual_Com_Port_Status_Out) referenced 2 times from usbfsd_prop.o(.data)
 <LI><a href="#[4]">Virtual_Com_Port_init</a> from usbfsd_prop.o(i.Virtual_Com_Port_init) referenced 2 times from usbfsd_prop.o(.data)
 <LI><a href="#[1a]">WWDG_IRQHandler</a> from startup_n32h482.o(.text) referenced from startup_n32h482.o(RESET)
 <LI><a href="#[5c]">XSPI_IRQHandler</a> from startup_n32h482.o(.text) referenced from startup_n32h482.o(RESET)
 <LI><a href="#[84]">__main</a> from entry.o(.ARM.Collect$$$$00000000) referenced from startup_n32h482.o(.text)
 <LI><a href="#[8b]">_sputc</a> from printf1.o(i._sputc) referenced from printf1.o(i.__0sprintf$1)
 <LI><a href="#[8c]">downmix_int</a> from opus_encoder.o(i.downmix_int) referenced from opus_encoder.o(i.opus_encode)
 <LI><a href="#[8a]">fputc</a> from log.o(i.fputc) referenced from printf1.o(i.__0printf$1)
 <LI><a href="#[82]">main</a> from main.o(i.main) referenced from entry9a.o(.ARM.Collect$$$$0000000B)
</UL>
<P>
<H3>
Global Symbols
</H3>
<P><STRONG><a name="[84]"></a>__main</STRONG> (Thumb, 0 bytes, Stack size unknown bytes, entry.o(.ARM.Collect$$$$00000000))
<BR>[Address Reference Count : 1]<UL><LI> startup_n32h482.o(.text)
</UL>
<P><STRONG><a name="[314]"></a>_main_stk</STRONG> (Thumb, 0 bytes, Stack size unknown bytes, entry2.o(.ARM.Collect$$$$00000001))

<P><STRONG><a name="[8d]"></a>_main_scatterload</STRONG> (Thumb, 0 bytes, Stack size unknown bytes, entry5.o(.ARM.Collect$$$$00000004))
<BR><BR>[Calls]<UL><LI><a href="#[8e]">&gt;&gt;</a>&nbsp;&nbsp;&nbsp;__scatterload
</UL>

<P><STRONG><a name="[a9]"></a>__main_after_scatterload</STRONG> (Thumb, 0 bytes, Stack size unknown bytes, entry5.o(.ARM.Collect$$$$00000004))
<BR><BR>[Called By]<UL><LI><a href="#[8e]">&gt;&gt;</a>&nbsp;&nbsp;&nbsp;__scatterload
</UL>

<P><STRONG><a name="[315]"></a>_main_clock</STRONG> (Thumb, 0 bytes, Stack size unknown bytes, entry7b.o(.ARM.Collect$$$$00000008))

<P><STRONG><a name="[316]"></a>_main_cpp_init</STRONG> (Thumb, 0 bytes, Stack size unknown bytes, entry8b.o(.ARM.Collect$$$$0000000A))

<P><STRONG><a name="[317]"></a>_main_init</STRONG> (Thumb, 0 bytes, Stack size unknown bytes, entry9a.o(.ARM.Collect$$$$0000000B))

<P><STRONG><a name="[318]"></a>__rt_final_cpp</STRONG> (Thumb, 0 bytes, Stack size unknown bytes, entry10a.o(.ARM.Collect$$$$0000000D))

<P><STRONG><a name="[319]"></a>__rt_final_exit</STRONG> (Thumb, 0 bytes, Stack size unknown bytes, entry11a.o(.ARM.Collect$$$$0000000F))

<P><STRONG><a name="[10]"></a>Reset_Handler</STRONG> (Thumb, 8 bytes, Stack size 0 bytes, startup_n32h482.o(.text))
<BR>[Address Reference Count : 1]<UL><LI> startup_n32h482.o(RESET)
</UL>
<P><STRONG><a name="[18]"></a>PendSV_Handler</STRONG> (Thumb, 2 bytes, Stack size 0 bytes, startup_n32h482.o(.text))
<BR><BR>[Calls]<UL><LI><a href="#[18]">&gt;&gt;</a>&nbsp;&nbsp;&nbsp;PendSV_Handler
</UL>
<BR>[Called By]<UL><LI><a href="#[18]">&gt;&gt;</a>&nbsp;&nbsp;&nbsp;PendSV_Handler
</UL>
<BR>[Address Reference Count : 1]<UL><LI> startup_n32h482.o(RESET)
</UL>
<P><STRONG><a name="[2c]"></a>ADC1_2_IRQHandler</STRONG> (Thumb, 0 bytes, Stack size 0 bytes, startup_n32h482.o(.text))
<BR><BR>[Calls]<UL><LI><a href="#[2c]">&gt;&gt;</a>&nbsp;&nbsp;&nbsp;ADC1_2_IRQHandler
</UL>
<BR>[Called By]<UL><LI><a href="#[2c]">&gt;&gt;</a>&nbsp;&nbsp;&nbsp;ADC1_2_IRQHandler
</UL>
<BR>[Address Reference Count : 1]<UL><LI> startup_n32h482.o(RESET)
</UL>
<P><STRONG><a name="[49]"></a>ADC3_ADC4_IRQHandler</STRONG> (Thumb, 0 bytes, Stack size 0 bytes, startup_n32h482.o(.text))
<BR>[Address Reference Count : 1]<UL><LI> startup_n32h482.o(RESET)
</UL>
<P><STRONG><a name="[32]"></a>ATIM1_BRK_IRQHandler</STRONG> (Thumb, 0 bytes, Stack size 0 bytes, startup_n32h482.o(.text))
<BR>[Address Reference Count : 1]<UL><LI> startup_n32h482.o(RESET)
</UL>
<P><STRONG><a name="[35]"></a>ATIM1_CC_IRQHandler</STRONG> (Thumb, 0 bytes, Stack size 0 bytes, startup_n32h482.o(.text))
<BR>[Address Reference Count : 1]<UL><LI> startup_n32h482.o(RESET)
</UL>
<P><STRONG><a name="[34]"></a>ATIM1_TRG_COM_IRQHandler</STRONG> (Thumb, 0 bytes, Stack size 0 bytes, startup_n32h482.o(.text))
<BR>[Address Reference Count : 1]<UL><LI> startup_n32h482.o(RESET)
</UL>
<P><STRONG><a name="[33]"></a>ATIM1_UP_IRQHandler</STRONG> (Thumb, 0 bytes, Stack size 0 bytes, startup_n32h482.o(.text))
<BR>[Address Reference Count : 1]<UL><LI> startup_n32h482.o(RESET)
</UL>
<P><STRONG><a name="[45]"></a>ATIM2_BRK_IRQHandler</STRONG> (Thumb, 0 bytes, Stack size 0 bytes, startup_n32h482.o(.text))
<BR>[Address Reference Count : 1]<UL><LI> startup_n32h482.o(RESET)
</UL>
<P><STRONG><a name="[48]"></a>ATIM2_CC_IRQHandler</STRONG> (Thumb, 0 bytes, Stack size 0 bytes, startup_n32h482.o(.text))
<BR>[Address Reference Count : 1]<UL><LI> startup_n32h482.o(RESET)
</UL>
<P><STRONG><a name="[47]"></a>ATIM2_TRG_COM_IRQHandler</STRONG> (Thumb, 0 bytes, Stack size 0 bytes, startup_n32h482.o(.text))
<BR>[Address Reference Count : 1]<UL><LI> startup_n32h482.o(RESET)
</UL>
<P><STRONG><a name="[46]"></a>ATIM2_UP_IRQHandler</STRONG> (Thumb, 0 bytes, Stack size 0 bytes, startup_n32h482.o(.text))
<BR>[Address Reference Count : 1]<UL><LI> startup_n32h482.o(RESET)
</UL>
<P><STRONG><a name="[6f]"></a>ATIM3_BRK_IRQHandler</STRONG> (Thumb, 0 bytes, Stack size 0 bytes, startup_n32h482.o(.text))
<BR>[Address Reference Count : 1]<UL><LI> startup_n32h482.o(RESET)
</UL>
<P><STRONG><a name="[72]"></a>ATIM3_CC_IRQHandler</STRONG> (Thumb, 0 bytes, Stack size 0 bytes, startup_n32h482.o(.text))
<BR>[Address Reference Count : 1]<UL><LI> startup_n32h482.o(RESET)
</UL>
<P><STRONG><a name="[71]"></a>ATIM3_TRG_COM_IRQHandler</STRONG> (Thumb, 0 bytes, Stack size 0 bytes, startup_n32h482.o(.text))
<BR>[Address Reference Count : 1]<UL><LI> startup_n32h482.o(RESET)
</UL>
<P><STRONG><a name="[70]"></a>ATIM3_UP_IRQHandler</STRONG> (Thumb, 0 bytes, Stack size 0 bytes, startup_n32h482.o(.text))
<BR>[Address Reference Count : 1]<UL><LI> startup_n32h482.o(RESET)
</UL>
<P><STRONG><a name="[50]"></a>BTIM1_IRQHandler</STRONG> (Thumb, 0 bytes, Stack size 0 bytes, startup_n32h482.o(.text))
<BR>[Address Reference Count : 1]<UL><LI> startup_n32h482.o(RESET)
</UL>
<P><STRONG><a name="[51]"></a>BTIM2_IRQHandler</STRONG> (Thumb, 0 bytes, Stack size 0 bytes, startup_n32h482.o(.text))
<BR>[Address Reference Count : 1]<UL><LI> startup_n32h482.o(RESET)
</UL>
<P><STRONG><a name="[77]"></a>Cordic_IRQ_IRQHandler</STRONG> (Thumb, 0 bytes, Stack size 0 bytes, startup_n32h482.o(.text))
<BR>[Address Reference Count : 1]<UL><LI> startup_n32h482.o(RESET)
</UL>
<P><STRONG><a name="[7e]"></a>DAC1_2_3_4_Underflow_IRQHandler</STRONG> (Thumb, 0 bytes, Stack size 0 bytes, startup_n32h482.o(.text))
<BR>[Address Reference Count : 1]<UL><LI> startup_n32h482.o(RESET)
</UL>
<P><STRONG><a name="[7f]"></a>DAC5_6_7_8_Underflow_IRQHandler</STRONG> (Thumb, 0 bytes, Stack size 0 bytes, startup_n32h482.o(.text))
<BR>[Address Reference Count : 1]<UL><LI> startup_n32h482.o(RESET)
</UL>
<P><STRONG><a name="[25]"></a>DMA1_Channel1_IRQHandler</STRONG> (Thumb, 0 bytes, Stack size 0 bytes, startup_n32h482.o(.text))
<BR>[Address Reference Count : 1]<UL><LI> startup_n32h482.o(RESET)
</UL>
<P><STRONG><a name="[26]"></a>DMA1_Channel2_IRQHandler</STRONG> (Thumb, 0 bytes, Stack size 0 bytes, startup_n32h482.o(.text))
<BR>[Address Reference Count : 1]<UL><LI> startup_n32h482.o(RESET)
</UL>
<P><STRONG><a name="[27]"></a>DMA1_Channel3_IRQHandler</STRONG> (Thumb, 0 bytes, Stack size 0 bytes, startup_n32h482.o(.text))
<BR>[Address Reference Count : 1]<UL><LI> startup_n32h482.o(RESET)
</UL>
<P><STRONG><a name="[28]"></a>DMA1_Channel4_IRQHandler</STRONG> (Thumb, 0 bytes, Stack size 0 bytes, startup_n32h482.o(.text))
<BR>[Address Reference Count : 1]<UL><LI> startup_n32h482.o(RESET)
</UL>
<P><STRONG><a name="[29]"></a>DMA1_Channel5_IRQHandler</STRONG> (Thumb, 0 bytes, Stack size 0 bytes, startup_n32h482.o(.text))
<BR>[Address Reference Count : 1]<UL><LI> startup_n32h482.o(RESET)
</UL>
<P><STRONG><a name="[2a]"></a>DMA1_Channel6_IRQHandler</STRONG> (Thumb, 0 bytes, Stack size 0 bytes, startup_n32h482.o(.text))
<BR>[Address Reference Count : 1]<UL><LI> startup_n32h482.o(RESET)
</UL>
<P><STRONG><a name="[2b]"></a>DMA1_Channel7_IRQHandler</STRONG> (Thumb, 0 bytes, Stack size 0 bytes, startup_n32h482.o(.text))
<BR>[Address Reference Count : 1]<UL><LI> startup_n32h482.o(RESET)
</UL>
<P><STRONG><a name="[65]"></a>DMA1_Channel8_IRQHandler</STRONG> (Thumb, 0 bytes, Stack size 0 bytes, startup_n32h482.o(.text))
<BR>[Address Reference Count : 1]<UL><LI> startup_n32h482.o(RESET)
</UL>
<P><STRONG><a name="[52]"></a>DMA2_Channel1_IRQHandler</STRONG> (Thumb, 0 bytes, Stack size 0 bytes, startup_n32h482.o(.text))
<BR>[Address Reference Count : 1]<UL><LI> startup_n32h482.o(RESET)
</UL>
<P><STRONG><a name="[53]"></a>DMA2_Channel2_IRQHandler</STRONG> (Thumb, 0 bytes, Stack size 0 bytes, startup_n32h482.o(.text))
<BR>[Address Reference Count : 1]<UL><LI> startup_n32h482.o(RESET)
</UL>
<P><STRONG><a name="[54]"></a>DMA2_Channel3_IRQHandler</STRONG> (Thumb, 0 bytes, Stack size 0 bytes, startup_n32h482.o(.text))
<BR>[Address Reference Count : 1]<UL><LI> startup_n32h482.o(RESET)
</UL>
<P><STRONG><a name="[55]"></a>DMA2_Channel4_IRQHandler</STRONG> (Thumb, 0 bytes, Stack size 0 bytes, startup_n32h482.o(.text))
<BR>[Address Reference Count : 1]<UL><LI> startup_n32h482.o(RESET)
</UL>
<P><STRONG><a name="[56]"></a>DMA2_Channel5_IRQHandler</STRONG> (Thumb, 0 bytes, Stack size 0 bytes, startup_n32h482.o(.text))
<BR>[Address Reference Count : 1]<UL><LI> startup_n32h482.o(RESET)
</UL>
<P><STRONG><a name="[5d]"></a>DMA2_Channel6_IRQHandler</STRONG> (Thumb, 0 bytes, Stack size 0 bytes, startup_n32h482.o(.text))
<BR>[Address Reference Count : 1]<UL><LI> startup_n32h482.o(RESET)
</UL>
<P><STRONG><a name="[5e]"></a>DMA2_Channel7_IRQHandler</STRONG> (Thumb, 0 bytes, Stack size 0 bytes, startup_n32h482.o(.text))
<BR>[Address Reference Count : 1]<UL><LI> startup_n32h482.o(RESET)
</UL>
<P><STRONG><a name="[66]"></a>DMA2_Channel8_IRQHandler</STRONG> (Thumb, 0 bytes, Stack size 0 bytes, startup_n32h482.o(.text))
<BR>[Address Reference Count : 1]<UL><LI> startup_n32h482.o(RESET)
</UL>
<P><STRONG><a name="[20]"></a>EXTI0_IRQHandler</STRONG> (Thumb, 0 bytes, Stack size 0 bytes, startup_n32h482.o(.text))
<BR>[Address Reference Count : 1]<UL><LI> startup_n32h482.o(RESET)
</UL>
<P><STRONG><a name="[42]"></a>EXTI15_10_IRQHandler</STRONG> (Thumb, 0 bytes, Stack size 0 bytes, startup_n32h482.o(.text))
<BR>[Address Reference Count : 1]<UL><LI> startup_n32h482.o(RESET)
</UL>
<P><STRONG><a name="[21]"></a>EXTI1_IRQHandler</STRONG> (Thumb, 0 bytes, Stack size 0 bytes, startup_n32h482.o(.text))
<BR>[Address Reference Count : 1]<UL><LI> startup_n32h482.o(RESET)
</UL>
<P><STRONG><a name="[22]"></a>EXTI2_IRQHandler</STRONG> (Thumb, 0 bytes, Stack size 0 bytes, startup_n32h482.o(.text))
<BR>[Address Reference Count : 1]<UL><LI> startup_n32h482.o(RESET)
</UL>
<P><STRONG><a name="[23]"></a>EXTI3_IRQHandler</STRONG> (Thumb, 0 bytes, Stack size 0 bytes, startup_n32h482.o(.text))
<BR>[Address Reference Count : 1]<UL><LI> startup_n32h482.o(RESET)
</UL>
<P><STRONG><a name="[24]"></a>EXTI4_IRQHandler</STRONG> (Thumb, 0 bytes, Stack size 0 bytes, startup_n32h482.o(.text))
<BR>[Address Reference Count : 1]<UL><LI> startup_n32h482.o(RESET)
</UL>
<P><STRONG><a name="[31]"></a>EXTI9_5_IRQHandler</STRONG> (Thumb, 0 bytes, Stack size 0 bytes, startup_n32h482.o(.text))
<BR>[Address Reference Count : 1]<UL><LI> startup_n32h482.o(RESET)
</UL>
<P><STRONG><a name="[2f]"></a>FDCAN1_INT0_IRQHandler</STRONG> (Thumb, 0 bytes, Stack size 0 bytes, startup_n32h482.o(.text))
<BR>[Address Reference Count : 1]<UL><LI> startup_n32h482.o(RESET)
</UL>
<P><STRONG><a name="[30]"></a>FDCAN1_INT1_IRQHandler</STRONG> (Thumb, 0 bytes, Stack size 0 bytes, startup_n32h482.o(.text))
<BR>[Address Reference Count : 1]<UL><LI> startup_n32h482.o(RESET)
</UL>
<P><STRONG><a name="[58]"></a>FDCAN2_INT0_IRQHandler</STRONG> (Thumb, 0 bytes, Stack size 0 bytes, startup_n32h482.o(.text))
<BR>[Address Reference Count : 1]<UL><LI> startup_n32h482.o(RESET)
</UL>
<P><STRONG><a name="[59]"></a>FDCAN2_INT1_IRQHandler</STRONG> (Thumb, 0 bytes, Stack size 0 bytes, startup_n32h482.o(.text))
<BR>[Address Reference Count : 1]<UL><LI> startup_n32h482.o(RESET)
</UL>
<P><STRONG><a name="[5a]"></a>FDCAN3_INT0_IRQHandler</STRONG> (Thumb, 0 bytes, Stack size 0 bytes, startup_n32h482.o(.text))
<BR>[Address Reference Count : 1]<UL><LI> startup_n32h482.o(RESET)
</UL>
<P><STRONG><a name="[5b]"></a>FDCAN3_INT1_IRQHandler</STRONG> (Thumb, 0 bytes, Stack size 0 bytes, startup_n32h482.o(.text))
<BR>[Address Reference Count : 1]<UL><LI> startup_n32h482.o(RESET)
</UL>
<P><STRONG><a name="[81]"></a>FEMC_IRQHandler</STRONG> (Thumb, 0 bytes, Stack size 0 bytes, startup_n32h482.o(.text))
<BR>[Address Reference Count : 1]<UL><LI> startup_n32h482.o(RESET)
</UL>
<P><STRONG><a name="[1e]"></a>FLASH_IRQHandler</STRONG> (Thumb, 0 bytes, Stack size 0 bytes, startup_n32h482.o(.text))
<BR>[Address Reference Count : 1]<UL><LI> startup_n32h482.o(RESET)
</UL>
<P><STRONG><a name="[76]"></a>FMAC_IRQ_IRQHandler</STRONG> (Thumb, 0 bytes, Stack size 0 bytes, startup_n32h482.o(.text))
<BR>[Address Reference Count : 1]<UL><LI> startup_n32h482.o(RESET)
</UL>
<P><STRONG><a name="[7d]"></a>GTIM10_IRQHandler</STRONG> (Thumb, 0 bytes, Stack size 0 bytes, startup_n32h482.o(.text))
<BR>[Address Reference Count : 1]<UL><LI> startup_n32h482.o(RESET)
</UL>
<P><STRONG><a name="[36]"></a>GTIM1_IRQHandler</STRONG> (Thumb, 0 bytes, Stack size 0 bytes, startup_n32h482.o(.text))
<BR>[Address Reference Count : 1]<UL><LI> startup_n32h482.o(RESET)
</UL>
<P><STRONG><a name="[37]"></a>GTIM2_IRQHandler</STRONG> (Thumb, 0 bytes, Stack size 0 bytes, startup_n32h482.o(.text))
<BR>[Address Reference Count : 1]<UL><LI> startup_n32h482.o(RESET)
</UL>
<P><STRONG><a name="[38]"></a>GTIM3_IRQHandler</STRONG> (Thumb, 0 bytes, Stack size 0 bytes, startup_n32h482.o(.text))
<BR>[Address Reference Count : 1]<UL><LI> startup_n32h482.o(RESET)
</UL>
<P><STRONG><a name="[4c]"></a>GTIM4_IRQHandler</STRONG> (Thumb, 0 bytes, Stack size 0 bytes, startup_n32h482.o(.text))
<BR>[Address Reference Count : 1]<UL><LI> startup_n32h482.o(RESET)
</UL>
<P><STRONG><a name="[6e]"></a>GTIM5_IRQHandler</STRONG> (Thumb, 0 bytes, Stack size 0 bytes, startup_n32h482.o(.text))
<BR>[Address Reference Count : 1]<UL><LI> startup_n32h482.o(RESET)
</UL>
<P><STRONG><a name="[73]"></a>GTIM6_IRQHandler</STRONG> (Thumb, 0 bytes, Stack size 0 bytes, startup_n32h482.o(.text))
<BR>[Address Reference Count : 1]<UL><LI> startup_n32h482.o(RESET)
</UL>
<P><STRONG><a name="[7a]"></a>GTIM7_IRQHandler</STRONG> (Thumb, 0 bytes, Stack size 0 bytes, startup_n32h482.o(.text))
<BR>[Address Reference Count : 1]<UL><LI> startup_n32h482.o(RESET)
</UL>
<P><STRONG><a name="[7b]"></a>GTIM8_IRQHandler</STRONG> (Thumb, 0 bytes, Stack size 0 bytes, startup_n32h482.o(.text))
<BR>[Address Reference Count : 1]<UL><LI> startup_n32h482.o(RESET)
</UL>
<P><STRONG><a name="[7c]"></a>GTIM9_IRQHandler</STRONG> (Thumb, 0 bytes, Stack size 0 bytes, startup_n32h482.o(.text))
<BR>[Address Reference Count : 1]<UL><LI> startup_n32h482.o(RESET)
</UL>
<P><STRONG><a name="[3a]"></a>I2C1_ER_IRQHandler</STRONG> (Thumb, 0 bytes, Stack size 0 bytes, startup_n32h482.o(.text))
<BR>[Address Reference Count : 1]<UL><LI> startup_n32h482.o(RESET)
</UL>
<P><STRONG><a name="[39]"></a>I2C1_EV_IRQHandler</STRONG> (Thumb, 0 bytes, Stack size 0 bytes, startup_n32h482.o(.text))
<BR>[Address Reference Count : 1]<UL><LI> startup_n32h482.o(RESET)
</UL>
<P><STRONG><a name="[3c]"></a>I2C2_ER_IRQHandler</STRONG> (Thumb, 0 bytes, Stack size 0 bytes, startup_n32h482.o(.text))
<BR>[Address Reference Count : 1]<UL><LI> startup_n32h482.o(RESET)
</UL>
<P><STRONG><a name="[3b]"></a>I2C2_EV_IRQHandler</STRONG> (Thumb, 0 bytes, Stack size 0 bytes, startup_n32h482.o(.text))
<BR>[Address Reference Count : 1]<UL><LI> startup_n32h482.o(RESET)
</UL>
<P><STRONG><a name="[60]"></a>I2C3_ER_IRQHandler</STRONG> (Thumb, 0 bytes, Stack size 0 bytes, startup_n32h482.o(.text))
<BR>[Address Reference Count : 1]<UL><LI> startup_n32h482.o(RESET)
</UL>
<P><STRONG><a name="[5f]"></a>I2C3_EV_IRQHandler</STRONG> (Thumb, 0 bytes, Stack size 0 bytes, startup_n32h482.o(.text))
<BR>[Address Reference Count : 1]<UL><LI> startup_n32h482.o(RESET)
</UL>
<P><STRONG><a name="[62]"></a>I2C4_ER_IRQHandler</STRONG> (Thumb, 0 bytes, Stack size 0 bytes, startup_n32h482.o(.text))
<BR>[Address Reference Count : 1]<UL><LI> startup_n32h482.o(RESET)
</UL>
<P><STRONG><a name="[61]"></a>I2C4_EV_IRQHandler</STRONG> (Thumb, 0 bytes, Stack size 0 bytes, startup_n32h482.o(.text))
<BR>[Address Reference Count : 1]<UL><LI> startup_n32h482.o(RESET)
</UL>
<P><STRONG><a name="[74]"></a>LPTIM1_WKUP_IRQHandler</STRONG> (Thumb, 0 bytes, Stack size 0 bytes, startup_n32h482.o(.text))
<BR>[Address Reference Count : 1]<UL><LI> startup_n32h482.o(RESET)
</UL>
<P><STRONG><a name="[75]"></a>LPTIM2_WKUP_IRQHandler</STRONG> (Thumb, 0 bytes, Stack size 0 bytes, startup_n32h482.o(.text))
<BR>[Address Reference Count : 1]<UL><LI> startup_n32h482.o(RESET)
</UL>
<P><STRONG><a name="[1b]"></a>PVD_IRQHandler</STRONG> (Thumb, 0 bytes, Stack size 0 bytes, startup_n32h482.o(.text))
<BR>[Address Reference Count : 1]<UL><LI> startup_n32h482.o(RESET)
</UL>
<P><STRONG><a name="[1f]"></a>RCC_IRQHandler</STRONG> (Thumb, 0 bytes, Stack size 0 bytes, startup_n32h482.o(.text))
<BR>[Address Reference Count : 1]<UL><LI> startup_n32h482.o(RESET)
</UL>
<P><STRONG><a name="[43]"></a>RTCAlarm_IRQHandler</STRONG> (Thumb, 0 bytes, Stack size 0 bytes, startup_n32h482.o(.text))
<BR>[Address Reference Count : 1]<UL><LI> startup_n32h482.o(RESET)
</UL>
<P><STRONG><a name="[1c]"></a>RTC_TAMPER_IRQHandler</STRONG> (Thumb, 0 bytes, Stack size 0 bytes, startup_n32h482.o(.text))
<BR>[Address Reference Count : 1]<UL><LI> startup_n32h482.o(RESET)
</UL>
<P><STRONG><a name="[1d]"></a>RTC_WKUP_IRQHandler</STRONG> (Thumb, 0 bytes, Stack size 0 bytes, startup_n32h482.o(.text))
<BR>[Address Reference Count : 1]<UL><LI> startup_n32h482.o(RESET)
</UL>
<P><STRONG><a name="[67]"></a>SAC_IRQHandler</STRONG> (Thumb, 0 bytes, Stack size 0 bytes, startup_n32h482.o(.text))
<BR>[Address Reference Count : 1]<UL><LI> startup_n32h482.o(RESET)
</UL>
<P><STRONG><a name="[4b]"></a>SDIO_IRQHandler</STRONG> (Thumb, 0 bytes, Stack size 0 bytes, startup_n32h482.o(.text))
<BR>[Address Reference Count : 1]<UL><LI> startup_n32h482.o(RESET)
</UL>
<P><STRONG><a name="[68]"></a>SMPU_IRQHandler</STRONG> (Thumb, 0 bytes, Stack size 0 bytes, startup_n32h482.o(.text))
<BR>[Address Reference Count : 1]<UL><LI> startup_n32h482.o(RESET)
</UL>
<P><STRONG><a name="[3d]"></a>SPI1_IRQHandler</STRONG> (Thumb, 0 bytes, Stack size 0 bytes, startup_n32h482.o(.text))
<BR>[Address Reference Count : 1]<UL><LI> startup_n32h482.o(RESET)
</UL>
<P><STRONG><a name="[3e]"></a>SPI2_I2S2_IRQHandler</STRONG> (Thumb, 0 bytes, Stack size 0 bytes, startup_n32h482.o(.text))
<BR>[Address Reference Count : 1]<UL><LI> startup_n32h482.o(RESET)
</UL>
<P><STRONG><a name="[4d]"></a>SPI3_I2S3_IRQHandler</STRONG> (Thumb, 0 bytes, Stack size 0 bytes, startup_n32h482.o(.text))
<BR>[Address Reference Count : 1]<UL><LI> startup_n32h482.o(RESET)
</UL>
<P><STRONG><a name="[6d]"></a>SPI4_IRQHandler</STRONG> (Thumb, 0 bytes, Stack size 0 bytes, startup_n32h482.o(.text))
<BR>[Address Reference Count : 1]<UL><LI> startup_n32h482.o(RESET)
</UL>
<P><STRONG><a name="[78]"></a>SPI5_IRQHandler</STRONG> (Thumb, 0 bytes, Stack size 0 bytes, startup_n32h482.o(.text))
<BR>[Address Reference Count : 1]<UL><LI> startup_n32h482.o(RESET)
</UL>
<P><STRONG><a name="[79]"></a>SPI6_IRQHandler</STRONG> (Thumb, 0 bytes, Stack size 0 bytes, startup_n32h482.o(.text))
<BR>[Address Reference Count : 1]<UL><LI> startup_n32h482.o(RESET)
</UL>
<P><STRONG><a name="[57]"></a>SRAM_ERR_IRQHandler</STRONG> (Thumb, 0 bytes, Stack size 0 bytes, startup_n32h482.o(.text))
<BR>[Address Reference Count : 1]<UL><LI> startup_n32h482.o(RESET)
</UL>
<P><STRONG><a name="[4f]"></a>UART5_IRQHandler</STRONG> (Thumb, 0 bytes, Stack size 0 bytes, startup_n32h482.o(.text))
<BR>[Address Reference Count : 1]<UL><LI> startup_n32h482.o(RESET)
</UL>
<P><STRONG><a name="[63]"></a>UART6_IRQHandler</STRONG> (Thumb, 0 bytes, Stack size 0 bytes, startup_n32h482.o(.text))
<BR>[Address Reference Count : 1]<UL><LI> startup_n32h482.o(RESET)
</UL>
<P><STRONG><a name="[6c]"></a>UART8_IRQHandler</STRONG> (Thumb, 0 bytes, Stack size 0 bytes, startup_n32h482.o(.text))
<BR>[Address Reference Count : 1]<UL><LI> startup_n32h482.o(RESET)
</UL>
<P><STRONG><a name="[4a]"></a>UCDR_IRQHandler</STRONG> (Thumb, 0 bytes, Stack size 0 bytes, startup_n32h482.o(.text))
<BR>[Address Reference Count : 1]<UL><LI> startup_n32h482.o(RESET)
</UL>
<P><STRONG><a name="[3f]"></a>USART1_IRQHandler</STRONG> (Thumb, 0 bytes, Stack size 0 bytes, startup_n32h482.o(.text))
<BR>[Address Reference Count : 1]<UL><LI> startup_n32h482.o(RESET)
</UL>
<P><STRONG><a name="[40]"></a>USART2_IRQHandler</STRONG> (Thumb, 0 bytes, Stack size 0 bytes, startup_n32h482.o(.text))
<BR>[Address Reference Count : 1]<UL><LI> startup_n32h482.o(RESET)
</UL>
<P><STRONG><a name="[41]"></a>USART3_IRQHandler</STRONG> (Thumb, 0 bytes, Stack size 0 bytes, startup_n32h482.o(.text))
<BR>[Address Reference Count : 1]<UL><LI> startup_n32h482.o(RESET)
</UL>
<P><STRONG><a name="[2d]"></a>USB_FS_HP_IRQHandler</STRONG> (Thumb, 0 bytes, Stack size 0 bytes, startup_n32h482.o(.text))
<BR>[Address Reference Count : 1]<UL><LI> startup_n32h482.o(RESET)
</UL>
<P><STRONG><a name="[6a]"></a>USB_HS_EPx_IN_IRQHandler</STRONG> (Thumb, 0 bytes, Stack size 0 bytes, startup_n32h482.o(.text))
<BR>[Address Reference Count : 1]<UL><LI> startup_n32h482.o(RESET)
</UL>
<P><STRONG><a name="[69]"></a>USB_HS_EPx_OUT_IRQHandler</STRONG> (Thumb, 0 bytes, Stack size 0 bytes, startup_n32h482.o(.text))
<BR>[Address Reference Count : 1]<UL><LI> startup_n32h482.o(RESET)
</UL>
<P><STRONG><a name="[80]"></a>USB_HS_IRQHandler</STRONG> (Thumb, 0 bytes, Stack size 0 bytes, startup_n32h482.o(.text))
<BR>[Address Reference Count : 1]<UL><LI> startup_n32h482.o(RESET)
</UL>
<P><STRONG><a name="[6b]"></a>USB_HS_WKUP_IRQHandler</STRONG> (Thumb, 0 bytes, Stack size 0 bytes, startup_n32h482.o(.text))
<BR>[Address Reference Count : 1]<UL><LI> startup_n32h482.o(RESET)
</UL>
<P><STRONG><a name="[1a]"></a>WWDG_IRQHandler</STRONG> (Thumb, 0 bytes, Stack size 0 bytes, startup_n32h482.o(.text))
<BR>[Address Reference Count : 1]<UL><LI> startup_n32h482.o(RESET)
</UL>
<P><STRONG><a name="[5c]"></a>XSPI_IRQHandler</STRONG> (Thumb, 0 bytes, Stack size 0 bytes, startup_n32h482.o(.text))
<BR>[Address Reference Count : 1]<UL><LI> startup_n32h482.o(RESET)
</UL>
<P><STRONG><a name="[8f]"></a>__aeabi_uldivmod</STRONG> (Thumb, 98 bytes, Stack size 40 bytes, uldiv.o(.text))
<BR><BR>[Stack]<UL><LI>Max Depth = 40<LI>Call Chain = __aeabi_uldivmod
</UL>
<BR>[Calls]<UL><LI><a href="#[90]">&gt;&gt;</a>&nbsp;&nbsp;&nbsp;__aeabi_llsr
<LI><a href="#[91]">&gt;&gt;</a>&nbsp;&nbsp;&nbsp;__aeabi_llsl
</UL>
<BR>[Called By]<UL><LI><a href="#[dc]">&gt;&gt;</a>&nbsp;&nbsp;&nbsp;RCC_GetClocksFreqValue
</UL>

<P><STRONG><a name="[91]"></a>__aeabi_llsl</STRONG> (Thumb, 30 bytes, Stack size 0 bytes, llshl.o(.text))
<BR><BR>[Called By]<UL><LI><a href="#[98]">&gt;&gt;</a>&nbsp;&nbsp;&nbsp;__aeabi_dadd
<LI><a href="#[8f]">&gt;&gt;</a>&nbsp;&nbsp;&nbsp;__aeabi_uldivmod
<LI><a href="#[9a]">&gt;&gt;</a>&nbsp;&nbsp;&nbsp;_double_epilogue
</UL>

<P><STRONG><a name="[31a]"></a>_ll_shift_l</STRONG> (Thumb, 0 bytes, Stack size 0 bytes, llshl.o(.text), UNUSED)

<P><STRONG><a name="[90]"></a>__aeabi_llsr</STRONG> (Thumb, 32 bytes, Stack size 0 bytes, llushr.o(.text))
<BR><BR>[Called By]<UL><LI><a href="#[a3]">&gt;&gt;</a>&nbsp;&nbsp;&nbsp;__aeabi_d2uiz
<LI><a href="#[a2]">&gt;&gt;</a>&nbsp;&nbsp;&nbsp;__aeabi_d2iz
<LI><a href="#[8f]">&gt;&gt;</a>&nbsp;&nbsp;&nbsp;__aeabi_uldivmod
<LI><a href="#[a8]">&gt;&gt;</a>&nbsp;&nbsp;&nbsp;_dsqrt
<LI><a href="#[9a]">&gt;&gt;</a>&nbsp;&nbsp;&nbsp;_double_epilogue
</UL>

<P><STRONG><a name="[31b]"></a>_ll_ushift_r</STRONG> (Thumb, 0 bytes, Stack size 0 bytes, llushr.o(.text), UNUSED)

<P><STRONG><a name="[99]"></a>__aeabi_lasr</STRONG> (Thumb, 36 bytes, Stack size 0 bytes, llsshr.o(.text))
<BR><BR>[Called By]<UL><LI><a href="#[98]">&gt;&gt;</a>&nbsp;&nbsp;&nbsp;__aeabi_dadd
<LI><a href="#[e3]">&gt;&gt;</a>&nbsp;&nbsp;&nbsp;LPC_inverse_pred_gain_QA_c
</UL>

<P><STRONG><a name="[31c]"></a>_ll_sshift_r</STRONG> (Thumb, 0 bytes, Stack size 0 bytes, llsshr.o(.text), UNUSED)

<P><STRONG><a name="[31d]"></a>___aeabi_memcpy8$move</STRONG> (Thumb, 0 bytes, Stack size 8 bytes, memmovea.o(.text), UNUSED)

<P><STRONG><a name="[f3]"></a>__aeabi_memcpy</STRONG> (Thumb, 64 bytes, Stack size 8 bytes, memmovea.o(.text))
<BR><BR>[Stack]<UL><LI>Max Depth = 8<LI>Call Chain = __aeabi_memcpy
</UL>
<BR>[Called By]<UL><LI><a href="#[f0]">&gt;&gt;</a>&nbsp;&nbsp;&nbsp;QueuePush
<LI><a href="#[2df]">&gt;&gt;</a>&nbsp;&nbsp;&nbsp;silk_find_pred_coefs_FLP
<LI><a href="#[28c]">&gt;&gt;</a>&nbsp;&nbsp;&nbsp;silk_LBRR_encode_FLP
<LI><a href="#[305]">&gt;&gt;</a>&nbsp;&nbsp;&nbsp;silk_resampler_private_IIR_FIR
<LI><a href="#[303]">&gt;&gt;</a>&nbsp;&nbsp;&nbsp;silk_quant_LTP_gains
<LI><a href="#[302]">&gt;&gt;</a>&nbsp;&nbsp;&nbsp;silk_process_NLSFs
<LI><a href="#[2b6]">&gt;&gt;</a>&nbsp;&nbsp;&nbsp;silk_PLC_update
<LI><a href="#[2b5]">&gt;&gt;</a>&nbsp;&nbsp;&nbsp;silk_PLC_conceal
<LI><a href="#[238]">&gt;&gt;</a>&nbsp;&nbsp;&nbsp;opus_packet_extensions_generate
<LI><a href="#[21b]">&gt;&gt;</a>&nbsp;&nbsp;&nbsp;silk_Encode
<LI><a href="#[201]">&gt;&gt;</a>&nbsp;&nbsp;&nbsp;silk_Decode
<LI><a href="#[1a9]">&gt;&gt;</a>&nbsp;&nbsp;&nbsp;quant_coarse_energy
<LI><a href="#[18e]">&gt;&gt;</a>&nbsp;&nbsp;&nbsp;quant_all_bands
<LI><a href="#[23b]">&gt;&gt;</a>&nbsp;&nbsp;&nbsp;opus_packet_pad_impl
<LI><a href="#[284]">&gt;&gt;</a>&nbsp;&nbsp;&nbsp;silk_encode_frame_FLP
<LI><a href="#[277]">&gt;&gt;</a>&nbsp;&nbsp;&nbsp;silk_resampler
<LI><a href="#[275]">&gt;&gt;</a>&nbsp;&nbsp;&nbsp;silk_decode_frame
<LI><a href="#[2a6]">&gt;&gt;</a>&nbsp;&nbsp;&nbsp;silk_NLSF_encode
<LI><a href="#[2a5]">&gt;&gt;</a>&nbsp;&nbsp;&nbsp;silk_NLSF_del_dec_quant
<LI><a href="#[2d8]">&gt;&gt;</a>&nbsp;&nbsp;&nbsp;silk_decode_parameters
<LI><a href="#[2d7]">&gt;&gt;</a>&nbsp;&nbsp;&nbsp;silk_decode_core
</UL>

<P><STRONG><a name="[17d]"></a>__aeabi_memcpy4</STRONG> (Thumb, 0 bytes, Stack size 8 bytes, memmovea.o(.text))
<BR><BR>[Stack]<UL><LI>Max Depth = 8<LI>Call Chain = __aeabi_memcpy4
</UL>
<BR>[Called By]<UL><LI><a href="#[2e0]">&gt;&gt;</a>&nbsp;&nbsp;&nbsp;silk_process_gains_FLP
<LI><a href="#[2de]">&gt;&gt;</a>&nbsp;&nbsp;&nbsp;silk_noise_shape_analysis_FLP
<LI><a href="#[2dd]">&gt;&gt;</a>&nbsp;&nbsp;&nbsp;silk_find_pitch_lags_FLP
<LI><a href="#[28c]">&gt;&gt;</a>&nbsp;&nbsp;&nbsp;silk_LBRR_encode_FLP
<LI><a href="#[2d0]">&gt;&gt;</a>&nbsp;&nbsp;&nbsp;silk_burg_modified_FLP
<LI><a href="#[306]">&gt;&gt;</a>&nbsp;&nbsp;&nbsp;silk_resampler_private_down_FIR
<LI><a href="#[2b5]">&gt;&gt;</a>&nbsp;&nbsp;&nbsp;silk_PLC_conceal
<LI><a href="#[228]">&gt;&gt;</a>&nbsp;&nbsp;&nbsp;tonality_get_info
<LI><a href="#[253]">&gt;&gt;</a>&nbsp;&nbsp;&nbsp;tonality_analysis
<LI><a href="#[1d6]">&gt;&gt;</a>&nbsp;&nbsp;&nbsp;downmix_and_resample
<LI><a href="#[21b]">&gt;&gt;</a>&nbsp;&nbsp;&nbsp;silk_Encode
<LI><a href="#[1fc]">&gt;&gt;</a>&nbsp;&nbsp;&nbsp;opus_custom_encoder_ctl
<LI><a href="#[197]">&gt;&gt;</a>&nbsp;&nbsp;&nbsp;celt_encode_with_ec
<LI><a href="#[214]">&gt;&gt;</a>&nbsp;&nbsp;&nbsp;opus_encode_frame_native
<LI><a href="#[201]">&gt;&gt;</a>&nbsp;&nbsp;&nbsp;silk_Decode
<LI><a href="#[180]">&gt;&gt;</a>&nbsp;&nbsp;&nbsp;celt_decode_with_ec_dred
<LI><a href="#[1a9]">&gt;&gt;</a>&nbsp;&nbsp;&nbsp;quant_coarse_energy
<LI><a href="#[1a8]">&gt;&gt;</a>&nbsp;&nbsp;&nbsp;tf_analysis
<LI><a href="#[19e]">&gt;&gt;</a>&nbsp;&nbsp;&nbsp;run_prefilter
<LI><a href="#[1a7]">&gt;&gt;</a>&nbsp;&nbsp;&nbsp;dynalloc_analysis
<LI><a href="#[17a]">&gt;&gt;</a>&nbsp;&nbsp;&nbsp;celt_synthesis
<LI><a href="#[177]">&gt;&gt;</a>&nbsp;&nbsp;&nbsp;celt_decode_lost
<LI><a href="#[18e]">&gt;&gt;</a>&nbsp;&nbsp;&nbsp;quant_all_bands
<LI><a href="#[249]">&gt;&gt;</a>&nbsp;&nbsp;&nbsp;stereo_merge
<LI><a href="#[242]">&gt;&gt;</a>&nbsp;&nbsp;&nbsp;special_hybrid_folding
<LI><a href="#[243]">&gt;&gt;</a>&nbsp;&nbsp;&nbsp;quant_band
<LI><a href="#[1ee]">&gt;&gt;</a>&nbsp;&nbsp;&nbsp;interleave_hadamard
<LI><a href="#[1d5]">&gt;&gt;</a>&nbsp;&nbsp;&nbsp;deinterleave_hadamard
<LI><a href="#[284]">&gt;&gt;</a>&nbsp;&nbsp;&nbsp;silk_encode_frame_FLP
<LI><a href="#[2af]">&gt;&gt;</a>&nbsp;&nbsp;&nbsp;silk_NSQ_del_dec_c
<LI><a href="#[2b2]">&gt;&gt;</a>&nbsp;&nbsp;&nbsp;silk_noise_shape_quantizer_del_dec
<LI><a href="#[2ae]">&gt;&gt;</a>&nbsp;&nbsp;&nbsp;silk_noise_shape_quantizer
<LI><a href="#[2d7]">&gt;&gt;</a>&nbsp;&nbsp;&nbsp;silk_decode_core
<LI><a href="#[25f]">&gt;&gt;</a>&nbsp;&nbsp;&nbsp;silk_CNG
</UL>

<P><STRONG><a name="[1e1]"></a>__aeabi_memmove</STRONG> (Thumb, 0 bytes, Stack size 8 bytes, memmovea.o(.text))
<BR><BR>[Stack]<UL><LI>Max Depth = 8<LI>Call Chain = __aeabi_memmove
</UL>
<BR>[Called By]<UL><LI><a href="#[238]">&gt;&gt;</a>&nbsp;&nbsp;&nbsp;opus_packet_extensions_generate
<LI><a href="#[22a]">&gt;&gt;</a>&nbsp;&nbsp;&nbsp;opus_repacketizer_out_range_impl
<LI><a href="#[199]">&gt;&gt;</a>&nbsp;&nbsp;&nbsp;ec_enc_shrink
<LI><a href="#[214]">&gt;&gt;</a>&nbsp;&nbsp;&nbsp;opus_encode_frame_native
<LI><a href="#[275]">&gt;&gt;</a>&nbsp;&nbsp;&nbsp;silk_decode_frame
<LI><a href="#[2af]">&gt;&gt;</a>&nbsp;&nbsp;&nbsp;silk_NSQ_del_dec_c
<LI><a href="#[2ac]">&gt;&gt;</a>&nbsp;&nbsp;&nbsp;silk_NSQ_c
</UL>

<P><STRONG><a name="[178]"></a>__aeabi_memmove4</STRONG> (Thumb, 0 bytes, Stack size 8 bytes, memmovea.o(.text))
<BR><BR>[Stack]<UL><LI>Max Depth = 8<LI>Call Chain = __aeabi_memmove4
</UL>
<BR>[Called By]<UL><LI><a href="#[253]">&gt;&gt;</a>&nbsp;&nbsp;&nbsp;tonality_analysis
<LI><a href="#[214]">&gt;&gt;</a>&nbsp;&nbsp;&nbsp;opus_encode_frame_native
<LI><a href="#[180]">&gt;&gt;</a>&nbsp;&nbsp;&nbsp;celt_decode_with_ec_dred
<LI><a href="#[19e]">&gt;&gt;</a>&nbsp;&nbsp;&nbsp;run_prefilter
<LI><a href="#[177]">&gt;&gt;</a>&nbsp;&nbsp;&nbsp;celt_decode_lost
<LI><a href="#[190]">&gt;&gt;</a>&nbsp;&nbsp;&nbsp;comb_filter
<LI><a href="#[284]">&gt;&gt;</a>&nbsp;&nbsp;&nbsp;silk_encode_frame_FLP
<LI><a href="#[2af]">&gt;&gt;</a>&nbsp;&nbsp;&nbsp;silk_NSQ_del_dec_c
<LI><a href="#[2ac]">&gt;&gt;</a>&nbsp;&nbsp;&nbsp;silk_NSQ_c
<LI><a href="#[25f]">&gt;&gt;</a>&nbsp;&nbsp;&nbsp;silk_CNG
</UL>

<P><STRONG><a name="[31e]"></a>__aeabi_memmove8</STRONG> (Thumb, 0 bytes, Stack size 8 bytes, memmovea.o(.text), UNUSED)

<P><STRONG><a name="[93]"></a>__aeabi_memset</STRONG> (Thumb, 14 bytes, Stack size 0 bytes, memseta.o(.text))
<BR><BR>[Called By]<UL><LI><a href="#[94]">&gt;&gt;</a>&nbsp;&nbsp;&nbsp;_memset$wrapper
<LI><a href="#[92]">&gt;&gt;</a>&nbsp;&nbsp;&nbsp;__aeabi_memclr
</UL>

<P><STRONG><a name="[31f]"></a>__aeabi_memset4</STRONG> (Thumb, 0 bytes, Stack size 0 bytes, memseta.o(.text), UNUSED)

<P><STRONG><a name="[320]"></a>__aeabi_memset8</STRONG> (Thumb, 0 bytes, Stack size 0 bytes, memseta.o(.text), UNUSED)

<P><STRONG><a name="[92]"></a>__aeabi_memclr</STRONG> (Thumb, 4 bytes, Stack size 0 bytes, memseta.o(.text))
<BR><BR>[Calls]<UL><LI><a href="#[93]">&gt;&gt;</a>&nbsp;&nbsp;&nbsp;__aeabi_memset
</UL>
<BR>[Called By]<UL><LI><a href="#[64]">&gt;&gt;</a>&nbsp;&nbsp;&nbsp;UART7_IRQHandler
<LI><a href="#[1f8]">&gt;&gt;</a>&nbsp;&nbsp;&nbsp;opus_encoder_ctl
<LI><a href="#[2d3]">&gt;&gt;</a>&nbsp;&nbsp;&nbsp;silk_setup_fs
<LI><a href="#[2b5]">&gt;&gt;</a>&nbsp;&nbsp;&nbsp;silk_PLC_conceal
<LI><a href="#[222]">&gt;&gt;</a>&nbsp;&nbsp;&nbsp;tonality_analysis_reset
<LI><a href="#[21b]">&gt;&gt;</a>&nbsp;&nbsp;&nbsp;silk_Encode
<LI><a href="#[1b1]">&gt;&gt;</a>&nbsp;&nbsp;&nbsp;ec_enc_done
<LI><a href="#[201]">&gt;&gt;</a>&nbsp;&nbsp;&nbsp;silk_Decode
<LI><a href="#[27f]">&gt;&gt;</a>&nbsp;&nbsp;&nbsp;silk_encode_pulses
<LI><a href="#[270]">&gt;&gt;</a>&nbsp;&nbsp;&nbsp;silk_decoder_set_fs
<LI><a href="#[274]">&gt;&gt;</a>&nbsp;&nbsp;&nbsp;silk_decode_pulses
<LI><a href="#[2d8]">&gt;&gt;</a>&nbsp;&nbsp;&nbsp;silk_decode_parameters
<LI><a href="#[28f]">&gt;&gt;</a>&nbsp;&nbsp;&nbsp;silk_LPC_analysis_filter
</UL>

<P><STRONG><a name="[160]"></a>__aeabi_memclr4</STRONG> (Thumb, 0 bytes, Stack size 0 bytes, memseta.o(.text))
<BR><BR>[Called By]<UL><LI><a href="#[2df]">&gt;&gt;</a>&nbsp;&nbsp;&nbsp;silk_find_pred_coefs_FLP
<LI><a href="#[2d0]">&gt;&gt;</a>&nbsp;&nbsp;&nbsp;silk_burg_modified_FLP
<LI><a href="#[2d3]">&gt;&gt;</a>&nbsp;&nbsp;&nbsp;silk_setup_fs
<LI><a href="#[20c]">&gt;&gt;</a>&nbsp;&nbsp;&nbsp;opus_decoder_init
<LI><a href="#[19d]">&gt;&gt;</a>&nbsp;&nbsp;&nbsp;celt_preemphasis
<LI><a href="#[225]">&gt;&gt;</a>&nbsp;&nbsp;&nbsp;silk_InitEncoder
<LI><a href="#[21b]">&gt;&gt;</a>&nbsp;&nbsp;&nbsp;silk_Encode
<LI><a href="#[1fc]">&gt;&gt;</a>&nbsp;&nbsp;&nbsp;opus_custom_encoder_ctl
<LI><a href="#[197]">&gt;&gt;</a>&nbsp;&nbsp;&nbsp;celt_encode_with_ec
<LI><a href="#[22c]">&gt;&gt;</a>&nbsp;&nbsp;&nbsp;opus_encoder_init
<LI><a href="#[214]">&gt;&gt;</a>&nbsp;&nbsp;&nbsp;opus_encode_frame_native
<LI><a href="#[201]">&gt;&gt;</a>&nbsp;&nbsp;&nbsp;silk_Decode
<LI><a href="#[1fb]">&gt;&gt;</a>&nbsp;&nbsp;&nbsp;opus_custom_decoder_ctl
<LI><a href="#[1a2]">&gt;&gt;</a>&nbsp;&nbsp;&nbsp;transient_analysis
<LI><a href="#[1b5]">&gt;&gt;</a>&nbsp;&nbsp;&nbsp;opus_custom_encoder_init_arch
<LI><a href="#[1a7]">&gt;&gt;</a>&nbsp;&nbsp;&nbsp;dynalloc_analysis
<LI><a href="#[1a3]">&gt;&gt;</a>&nbsp;&nbsp;&nbsp;compute_mdcts
<LI><a href="#[15f]">&gt;&gt;</a>&nbsp;&nbsp;&nbsp;_celt_lpc
<LI><a href="#[195]">&gt;&gt;</a>&nbsp;&nbsp;&nbsp;opus_custom_decoder_init
<LI><a href="#[1bb]">&gt;&gt;</a>&nbsp;&nbsp;&nbsp;denormalise_bands
<LI><a href="#[248]">&gt;&gt;</a>&nbsp;&nbsp;&nbsp;quant_partition
<LI><a href="#[279]">&gt;&gt;</a>&nbsp;&nbsp;&nbsp;silk_init_encoder
<LI><a href="#[27f]">&gt;&gt;</a>&nbsp;&nbsp;&nbsp;silk_encode_pulses
<LI><a href="#[2c2]">&gt;&gt;</a>&nbsp;&nbsp;&nbsp;silk_reset_decoder
<LI><a href="#[26f]">&gt;&gt;</a>&nbsp;&nbsp;&nbsp;silk_init_decoder
<LI><a href="#[270]">&gt;&gt;</a>&nbsp;&nbsp;&nbsp;silk_decoder_set_fs
<LI><a href="#[2af]">&gt;&gt;</a>&nbsp;&nbsp;&nbsp;silk_NSQ_del_dec_c
<LI><a href="#[2cc]">&gt;&gt;</a>&nbsp;&nbsp;&nbsp;silk_VAD_Init
<LI><a href="#[2dc]">&gt;&gt;</a>&nbsp;&nbsp;&nbsp;silk_resampler_init
<LI><a href="#[2d8]">&gt;&gt;</a>&nbsp;&nbsp;&nbsp;silk_decode_parameters
<LI><a href="#[25f]">&gt;&gt;</a>&nbsp;&nbsp;&nbsp;silk_CNG
<LI><a href="#[2f9]">&gt;&gt;</a>&nbsp;&nbsp;&nbsp;silk_warped_autocorrelation_FLP
<LI><a href="#[2ee]">&gt;&gt;</a>&nbsp;&nbsp;&nbsp;silk_pitch_analysis_core_FLP
<LI><a href="#[290]">&gt;&gt;</a>&nbsp;&nbsp;&nbsp;silk_LPC_analysis_filter_FLP
</UL>

<P><STRONG><a name="[321]"></a>__aeabi_memclr8</STRONG> (Thumb, 0 bytes, Stack size 0 bytes, memseta.o(.text), UNUSED)

<P><STRONG><a name="[94]"></a>_memset$wrapper</STRONG> (Thumb, 18 bytes, Stack size 8 bytes, memseta.o(.text), UNUSED)
<BR><BR>[Calls]<UL><LI><a href="#[93]">&gt;&gt;</a>&nbsp;&nbsp;&nbsp;__aeabi_memset
</UL>

<P><STRONG><a name="[112]"></a>strstr</STRONG> (Thumb, 36 bytes, Stack size 12 bytes, strstr.o(.text))
<BR><BR>[Stack]<UL><LI>Max Depth = 12<LI>Call Chain = strstr
</UL>
<BR>[Called By]<UL><LI><a href="#[64]">&gt;&gt;</a>&nbsp;&nbsp;&nbsp;UART7_IRQHandler
</UL>

<P><STRONG><a name="[11a]"></a>strlen</STRONG> (Thumb, 14 bytes, Stack size 0 bytes, strlen.o(.text))
<BR><BR>[Called By]<UL><LI><a href="#[ad]">&gt;&gt;</a>&nbsp;&nbsp;&nbsp;UART7_SendATCommand
</UL>

<P><STRONG><a name="[95]"></a>atoi</STRONG> (Thumb, 26 bytes, Stack size 16 bytes, atoi.o(.text))
<BR><BR>[Stack]<UL><LI>Max Depth = 88<LI>Call Chain = atoi &rArr; strtol &rArr; _strtoul
</UL>
<BR>[Calls]<UL><LI><a href="#[97]">&gt;&gt;</a>&nbsp;&nbsp;&nbsp;strtol
<LI><a href="#[96]">&gt;&gt;</a>&nbsp;&nbsp;&nbsp;__aeabi_errno_addr
</UL>
<BR>[Called By]<UL><LI><a href="#[64]">&gt;&gt;</a>&nbsp;&nbsp;&nbsp;UART7_IRQHandler
</UL>

<P><STRONG><a name="[98]"></a>__aeabi_dadd</STRONG> (Thumb, 322 bytes, Stack size 48 bytes, dadd.o(.text))
<BR><BR>[Stack]<UL><LI>Max Depth = 88<LI>Call Chain = __aeabi_dadd &rArr; _double_epilogue &rArr; _double_round
</UL>
<BR>[Calls]<UL><LI><a href="#[99]">&gt;&gt;</a>&nbsp;&nbsp;&nbsp;__aeabi_lasr
<LI><a href="#[91]">&gt;&gt;</a>&nbsp;&nbsp;&nbsp;__aeabi_llsl
<LI><a href="#[9b]">&gt;&gt;</a>&nbsp;&nbsp;&nbsp;_double_round
<LI><a href="#[9a]">&gt;&gt;</a>&nbsp;&nbsp;&nbsp;_double_epilogue
</UL>
<BR>[Called By]<UL><LI><a href="#[2e0]">&gt;&gt;</a>&nbsp;&nbsp;&nbsp;silk_process_gains_FLP
<LI><a href="#[2de]">&gt;&gt;</a>&nbsp;&nbsp;&nbsp;silk_noise_shape_analysis_FLP
<LI><a href="#[2d5]">&gt;&gt;</a>&nbsp;&nbsp;&nbsp;silk_corrMatrix_FLP
<LI><a href="#[2c1]">&gt;&gt;</a>&nbsp;&nbsp;&nbsp;silk_energy_FLP
<LI><a href="#[9d]">&gt;&gt;</a>&nbsp;&nbsp;&nbsp;__aeabi_drsub
<LI><a href="#[2d0]">&gt;&gt;</a>&nbsp;&nbsp;&nbsp;silk_burg_modified_FLP
<LI><a href="#[2cf]">&gt;&gt;</a>&nbsp;&nbsp;&nbsp;silk_inner_product_FLP_c
<LI><a href="#[2f4]">&gt;&gt;</a>&nbsp;&nbsp;&nbsp;silk_float2short_array
<LI><a href="#[cd]">&gt;&gt;</a>&nbsp;&nbsp;&nbsp;FLOAT2INT16
<LI><a href="#[253]">&gt;&gt;</a>&nbsp;&nbsp;&nbsp;tonality_analysis
<LI><a href="#[213]">&gt;&gt;</a>&nbsp;&nbsp;&nbsp;opus_encode_native
<LI><a href="#[d0]">&gt;&gt;</a>&nbsp;&nbsp;&nbsp;FLOAT2INT16
<LI><a href="#[9c]">&gt;&gt;</a>&nbsp;&nbsp;&nbsp;__aeabi_dsub
<LI><a href="#[259]">&gt;&gt;</a>&nbsp;&nbsp;&nbsp;silk_float2int
<LI><a href="#[2f5]">&gt;&gt;</a>&nbsp;&nbsp;&nbsp;silk_float2short_array
<LI><a href="#[2c0]">&gt;&gt;</a>&nbsp;&nbsp;&nbsp;silk_P_Ana_calc_energy_st3
<LI><a href="#[2f9]">&gt;&gt;</a>&nbsp;&nbsp;&nbsp;silk_warped_autocorrelation_FLP
<LI><a href="#[2ec]">&gt;&gt;</a>&nbsp;&nbsp;&nbsp;silk_schur_FLP
<LI><a href="#[2ee]">&gt;&gt;</a>&nbsp;&nbsp;&nbsp;silk_pitch_analysis_core_FLP
<LI><a href="#[2e7]">&gt;&gt;</a>&nbsp;&nbsp;&nbsp;silk_find_LPC_FLP
<LI><a href="#[157]">&gt;&gt;</a>&nbsp;&nbsp;&nbsp;__hardfp_pow
<LI><a href="#[155]">&gt;&gt;</a>&nbsp;&nbsp;&nbsp;__hardfp_log10
<LI><a href="#[152]">&gt;&gt;</a>&nbsp;&nbsp;&nbsp;__hardfp_log
<LI><a href="#[cf]">&gt;&gt;</a>&nbsp;&nbsp;&nbsp;__hardfp_floor
<LI><a href="#[14b]">&gt;&gt;</a>&nbsp;&nbsp;&nbsp;__hardfp_exp
<LI><a href="#[149]">&gt;&gt;</a>&nbsp;&nbsp;&nbsp;__kernel_sin
<LI><a href="#[148]">&gt;&gt;</a>&nbsp;&nbsp;&nbsp;__ieee754_rem_pio2
<LI><a href="#[150]">&gt;&gt;</a>&nbsp;&nbsp;&nbsp;__kernel_poly
<LI><a href="#[158]">&gt;&gt;</a>&nbsp;&nbsp;&nbsp;__mathlib_dbl_infnan2
<LI><a href="#[147]">&gt;&gt;</a>&nbsp;&nbsp;&nbsp;__mathlib_dbl_infnan
</UL>

<P><STRONG><a name="[9c]"></a>__aeabi_dsub</STRONG> (Thumb, 6 bytes, Stack size 0 bytes, dadd.o(.text))
<BR><BR>[Stack]<UL><LI>Max Depth = 88<LI>Call Chain = __aeabi_dsub &rArr; __aeabi_dadd &rArr; _double_epilogue &rArr; _double_round
</UL>
<BR>[Calls]<UL><LI><a href="#[98]">&gt;&gt;</a>&nbsp;&nbsp;&nbsp;__aeabi_dadd
</UL>
<BR>[Called By]<UL><LI><a href="#[1a2]">&gt;&gt;</a>&nbsp;&nbsp;&nbsp;transient_analysis
<LI><a href="#[2f9]">&gt;&gt;</a>&nbsp;&nbsp;&nbsp;silk_warped_autocorrelation_FLP
<LI><a href="#[2ee]">&gt;&gt;</a>&nbsp;&nbsp;&nbsp;silk_pitch_analysis_core_FLP
<LI><a href="#[157]">&gt;&gt;</a>&nbsp;&nbsp;&nbsp;__hardfp_pow
<LI><a href="#[152]">&gt;&gt;</a>&nbsp;&nbsp;&nbsp;__hardfp_log
<LI><a href="#[14b]">&gt;&gt;</a>&nbsp;&nbsp;&nbsp;__hardfp_exp
<LI><a href="#[149]">&gt;&gt;</a>&nbsp;&nbsp;&nbsp;__kernel_sin
<LI><a href="#[148]">&gt;&gt;</a>&nbsp;&nbsp;&nbsp;__ieee754_rem_pio2
<LI><a href="#[14a]">&gt;&gt;</a>&nbsp;&nbsp;&nbsp;__kernel_cos
</UL>

<P><STRONG><a name="[9d]"></a>__aeabi_drsub</STRONG> (Thumb, 6 bytes, Stack size 0 bytes, dadd.o(.text))
<BR><BR>[Stack]<UL><LI>Max Depth = 88<LI>Call Chain = __aeabi_drsub &rArr; __aeabi_dadd &rArr; _double_epilogue &rArr; _double_round
</UL>
<BR>[Calls]<UL><LI><a href="#[98]">&gt;&gt;</a>&nbsp;&nbsp;&nbsp;__aeabi_dadd
</UL>
<BR>[Called By]<UL><LI><a href="#[2d0]">&gt;&gt;</a>&nbsp;&nbsp;&nbsp;silk_burg_modified_FLP
<LI><a href="#[2c0]">&gt;&gt;</a>&nbsp;&nbsp;&nbsp;silk_P_Ana_calc_energy_st3
<LI><a href="#[157]">&gt;&gt;</a>&nbsp;&nbsp;&nbsp;__hardfp_pow
<LI><a href="#[152]">&gt;&gt;</a>&nbsp;&nbsp;&nbsp;__hardfp_log
<LI><a href="#[cf]">&gt;&gt;</a>&nbsp;&nbsp;&nbsp;__hardfp_floor
<LI><a href="#[14b]">&gt;&gt;</a>&nbsp;&nbsp;&nbsp;__hardfp_exp
<LI><a href="#[149]">&gt;&gt;</a>&nbsp;&nbsp;&nbsp;__kernel_sin
<LI><a href="#[148]">&gt;&gt;</a>&nbsp;&nbsp;&nbsp;__ieee754_rem_pio2
<LI><a href="#[14a]">&gt;&gt;</a>&nbsp;&nbsp;&nbsp;__kernel_cos
</UL>

<P><STRONG><a name="[9e]"></a>__aeabi_dmul</STRONG> (Thumb, 228 bytes, Stack size 48 bytes, dmul.o(.text))
<BR><BR>[Stack]<UL><LI>Max Depth = 88<LI>Call Chain = __aeabi_dmul &rArr; _double_epilogue &rArr; _double_round
</UL>
<BR>[Calls]<UL><LI><a href="#[9a]">&gt;&gt;</a>&nbsp;&nbsp;&nbsp;_double_epilogue
</UL>
<BR>[Called By]<UL><LI><a href="#[bf]">&gt;&gt;</a>&nbsp;&nbsp;&nbsp;WS2812_SetColor
<LI><a href="#[af]">&gt;&gt;</a>&nbsp;&nbsp;&nbsp;AudioDecodeProcess
<LI><a href="#[2de]">&gt;&gt;</a>&nbsp;&nbsp;&nbsp;silk_noise_shape_analysis_FLP
<LI><a href="#[2c1]">&gt;&gt;</a>&nbsp;&nbsp;&nbsp;silk_energy_FLP
<LI><a href="#[2d0]">&gt;&gt;</a>&nbsp;&nbsp;&nbsp;silk_burg_modified_FLP
<LI><a href="#[2cf]">&gt;&gt;</a>&nbsp;&nbsp;&nbsp;silk_inner_product_FLP_c
<LI><a href="#[1ff]">&gt;&gt;</a>&nbsp;&nbsp;&nbsp;opus_decode_frame
<LI><a href="#[16d]">&gt;&gt;</a>&nbsp;&nbsp;&nbsp;amp2Log2
<LI><a href="#[197]">&gt;&gt;</a>&nbsp;&nbsp;&nbsp;celt_encode_with_ec
<LI><a href="#[214]">&gt;&gt;</a>&nbsp;&nbsp;&nbsp;opus_encode_frame_native
<LI><a href="#[1a2]">&gt;&gt;</a>&nbsp;&nbsp;&nbsp;transient_analysis
<LI><a href="#[1a7]">&gt;&gt;</a>&nbsp;&nbsp;&nbsp;dynalloc_analysis
<LI><a href="#[16a]">&gt;&gt;</a>&nbsp;&nbsp;&nbsp;alloc_trim_analysis
<LI><a href="#[1bb]">&gt;&gt;</a>&nbsp;&nbsp;&nbsp;denormalise_bands
<LI><a href="#[173]">&gt;&gt;</a>&nbsp;&nbsp;&nbsp;anti_collapse
<LI><a href="#[2f8]">&gt;&gt;</a>&nbsp;&nbsp;&nbsp;silk_log2
<LI><a href="#[2c0]">&gt;&gt;</a>&nbsp;&nbsp;&nbsp;silk_P_Ana_calc_energy_st3
<LI><a href="#[2f9]">&gt;&gt;</a>&nbsp;&nbsp;&nbsp;silk_warped_autocorrelation_FLP
<LI><a href="#[2f3]">&gt;&gt;</a>&nbsp;&nbsp;&nbsp;silk_residual_energy_FLP
<LI><a href="#[2ec]">&gt;&gt;</a>&nbsp;&nbsp;&nbsp;silk_schur_FLP
<LI><a href="#[2ee]">&gt;&gt;</a>&nbsp;&nbsp;&nbsp;silk_pitch_analysis_core_FLP
<LI><a href="#[157]">&gt;&gt;</a>&nbsp;&nbsp;&nbsp;__hardfp_pow
<LI><a href="#[155]">&gt;&gt;</a>&nbsp;&nbsp;&nbsp;__hardfp_log10
<LI><a href="#[152]">&gt;&gt;</a>&nbsp;&nbsp;&nbsp;__hardfp_log
<LI><a href="#[14b]">&gt;&gt;</a>&nbsp;&nbsp;&nbsp;__hardfp_exp
<LI><a href="#[149]">&gt;&gt;</a>&nbsp;&nbsp;&nbsp;__kernel_sin
<LI><a href="#[148]">&gt;&gt;</a>&nbsp;&nbsp;&nbsp;__ieee754_rem_pio2
<LI><a href="#[150]">&gt;&gt;</a>&nbsp;&nbsp;&nbsp;__kernel_poly
<LI><a href="#[14f]">&gt;&gt;</a>&nbsp;&nbsp;&nbsp;__mathlib_dbl_underflow
<LI><a href="#[14d]">&gt;&gt;</a>&nbsp;&nbsp;&nbsp;__mathlib_dbl_overflow
<LI><a href="#[14a]">&gt;&gt;</a>&nbsp;&nbsp;&nbsp;__kernel_cos
</UL>

<P><STRONG><a name="[9f]"></a>__aeabi_ddiv</STRONG> (Thumb, 222 bytes, Stack size 32 bytes, ddiv.o(.text))
<BR><BR>[Stack]<UL><LI>Max Depth = 40<LI>Call Chain = __aeabi_ddiv &rArr; _double_round
</UL>
<BR>[Calls]<UL><LI><a href="#[9b]">&gt;&gt;</a>&nbsp;&nbsp;&nbsp;_double_round
</UL>
<BR>[Called By]<UL><LI><a href="#[2e0]">&gt;&gt;</a>&nbsp;&nbsp;&nbsp;silk_process_gains_FLP
<LI><a href="#[2de]">&gt;&gt;</a>&nbsp;&nbsp;&nbsp;silk_noise_shape_analysis_FLP
<LI><a href="#[2d0]">&gt;&gt;</a>&nbsp;&nbsp;&nbsp;silk_burg_modified_FLP
<LI><a href="#[2ec]">&gt;&gt;</a>&nbsp;&nbsp;&nbsp;silk_schur_FLP
<LI><a href="#[2ee]">&gt;&gt;</a>&nbsp;&nbsp;&nbsp;silk_pitch_analysis_core_FLP
<LI><a href="#[157]">&gt;&gt;</a>&nbsp;&nbsp;&nbsp;__hardfp_pow
<LI><a href="#[152]">&gt;&gt;</a>&nbsp;&nbsp;&nbsp;__hardfp_log
<LI><a href="#[14b]">&gt;&gt;</a>&nbsp;&nbsp;&nbsp;__hardfp_exp
<LI><a href="#[146]">&gt;&gt;</a>&nbsp;&nbsp;&nbsp;__mathlib_dbl_invalid
<LI><a href="#[153]">&gt;&gt;</a>&nbsp;&nbsp;&nbsp;__mathlib_dbl_divzero
</UL>

<P><STRONG><a name="[a0]"></a>__aeabi_i2d</STRONG> (Thumb, 34 bytes, Stack size 16 bytes, dflti.o(.text))
<BR><BR>[Stack]<UL><LI>Max Depth = 56<LI>Call Chain = __aeabi_i2d &rArr; _double_epilogue &rArr; _double_round
</UL>
<BR>[Calls]<UL><LI><a href="#[9a]">&gt;&gt;</a>&nbsp;&nbsp;&nbsp;_double_epilogue
</UL>
<BR>[Called By]<UL><LI><a href="#[af]">&gt;&gt;</a>&nbsp;&nbsp;&nbsp;AudioDecodeProcess
<LI><a href="#[2e0]">&gt;&gt;</a>&nbsp;&nbsp;&nbsp;silk_process_gains_FLP
<LI><a href="#[197]">&gt;&gt;</a>&nbsp;&nbsp;&nbsp;celt_encode_with_ec
<LI><a href="#[1a2]">&gt;&gt;</a>&nbsp;&nbsp;&nbsp;transient_analysis
<LI><a href="#[173]">&gt;&gt;</a>&nbsp;&nbsp;&nbsp;anti_collapse
<LI><a href="#[243]">&gt;&gt;</a>&nbsp;&nbsp;&nbsp;quant_band
<LI><a href="#[157]">&gt;&gt;</a>&nbsp;&nbsp;&nbsp;__hardfp_pow
<LI><a href="#[155]">&gt;&gt;</a>&nbsp;&nbsp;&nbsp;__hardfp_log10
<LI><a href="#[152]">&gt;&gt;</a>&nbsp;&nbsp;&nbsp;__hardfp_log
<LI><a href="#[14b]">&gt;&gt;</a>&nbsp;&nbsp;&nbsp;__hardfp_exp
<LI><a href="#[148]">&gt;&gt;</a>&nbsp;&nbsp;&nbsp;__ieee754_rem_pio2
</UL>

<P><STRONG><a name="[a1]"></a>__aeabi_ui2d</STRONG> (Thumb, 26 bytes, Stack size 16 bytes, dfltui.o(.text))
<BR><BR>[Stack]<UL><LI>Max Depth = 56<LI>Call Chain = __aeabi_ui2d &rArr; _double_epilogue &rArr; _double_round
</UL>
<BR>[Calls]<UL><LI><a href="#[9a]">&gt;&gt;</a>&nbsp;&nbsp;&nbsp;_double_epilogue
</UL>
<BR>[Called By]<UL><LI><a href="#[bf]">&gt;&gt;</a>&nbsp;&nbsp;&nbsp;WS2812_SetColor
<LI><a href="#[148]">&gt;&gt;</a>&nbsp;&nbsp;&nbsp;__ieee754_rem_pio2
</UL>

<P><STRONG><a name="[a2]"></a>__aeabi_d2iz</STRONG> (Thumb, 62 bytes, Stack size 16 bytes, dfixi.o(.text))
<BR><BR>[Stack]<UL><LI>Max Depth = 16<LI>Call Chain = __aeabi_d2iz
</UL>
<BR>[Calls]<UL><LI><a href="#[90]">&gt;&gt;</a>&nbsp;&nbsp;&nbsp;__aeabi_llsr
</UL>
<BR>[Called By]<UL><LI><a href="#[af]">&gt;&gt;</a>&nbsp;&nbsp;&nbsp;AudioDecodeProcess
<LI><a href="#[2f4]">&gt;&gt;</a>&nbsp;&nbsp;&nbsp;silk_float2short_array
<LI><a href="#[cd]">&gt;&gt;</a>&nbsp;&nbsp;&nbsp;FLOAT2INT16
<LI><a href="#[253]">&gt;&gt;</a>&nbsp;&nbsp;&nbsp;tonality_analysis
<LI><a href="#[213]">&gt;&gt;</a>&nbsp;&nbsp;&nbsp;opus_encode_native
<LI><a href="#[d0]">&gt;&gt;</a>&nbsp;&nbsp;&nbsp;FLOAT2INT16
<LI><a href="#[1af]">&gt;&gt;</a>&nbsp;&nbsp;&nbsp;quant_fine_energy
<LI><a href="#[1a2]">&gt;&gt;</a>&nbsp;&nbsp;&nbsp;transient_analysis
<LI><a href="#[19e]">&gt;&gt;</a>&nbsp;&nbsp;&nbsp;run_prefilter
<LI><a href="#[1a7]">&gt;&gt;</a>&nbsp;&nbsp;&nbsp;dynalloc_analysis
<LI><a href="#[16a]">&gt;&gt;</a>&nbsp;&nbsp;&nbsp;alloc_trim_analysis
<LI><a href="#[1c9]">&gt;&gt;</a>&nbsp;&nbsp;&nbsp;stereo_itheta
<LI><a href="#[164]">&gt;&gt;</a>&nbsp;&nbsp;&nbsp;op_pvq_search_c
<LI><a href="#[24c]">&gt;&gt;</a>&nbsp;&nbsp;&nbsp;quant_coarse_energy_impl
<LI><a href="#[259]">&gt;&gt;</a>&nbsp;&nbsp;&nbsp;silk_float2int
<LI><a href="#[2f5]">&gt;&gt;</a>&nbsp;&nbsp;&nbsp;silk_float2short_array
<LI><a href="#[14b]">&gt;&gt;</a>&nbsp;&nbsp;&nbsp;__hardfp_exp
<LI><a href="#[148]">&gt;&gt;</a>&nbsp;&nbsp;&nbsp;__ieee754_rem_pio2
<LI><a href="#[14a]">&gt;&gt;</a>&nbsp;&nbsp;&nbsp;__kernel_cos
</UL>

<P><STRONG><a name="[a3]"></a>__aeabi_d2uiz</STRONG> (Thumb, 50 bytes, Stack size 8 bytes, dfixui.o(.text))
<BR><BR>[Stack]<UL><LI>Max Depth = 8<LI>Call Chain = __aeabi_d2uiz
</UL>
<BR>[Calls]<UL><LI><a href="#[90]">&gt;&gt;</a>&nbsp;&nbsp;&nbsp;__aeabi_llsr
</UL>
<BR>[Called By]<UL><LI><a href="#[bf]">&gt;&gt;</a>&nbsp;&nbsp;&nbsp;WS2812_SetColor
</UL>

<P><STRONG><a name="[ce]"></a>__aeabi_f2d</STRONG> (Thumb, 38 bytes, Stack size 0 bytes, f2d.o(.text))
<BR><BR>[Called By]<UL><LI><a href="#[2e0]">&gt;&gt;</a>&nbsp;&nbsp;&nbsp;silk_process_gains_FLP
<LI><a href="#[2de]">&gt;&gt;</a>&nbsp;&nbsp;&nbsp;silk_noise_shape_analysis_FLP
<LI><a href="#[2df]">&gt;&gt;</a>&nbsp;&nbsp;&nbsp;silk_find_pred_coefs_FLP
<LI><a href="#[2d5]">&gt;&gt;</a>&nbsp;&nbsp;&nbsp;silk_corrMatrix_FLP
<LI><a href="#[2c1]">&gt;&gt;</a>&nbsp;&nbsp;&nbsp;silk_energy_FLP
<LI><a href="#[2d0]">&gt;&gt;</a>&nbsp;&nbsp;&nbsp;silk_burg_modified_FLP
<LI><a href="#[2cf]">&gt;&gt;</a>&nbsp;&nbsp;&nbsp;silk_inner_product_FLP_c
<LI><a href="#[2f4]">&gt;&gt;</a>&nbsp;&nbsp;&nbsp;silk_float2short_array
<LI><a href="#[1ff]">&gt;&gt;</a>&nbsp;&nbsp;&nbsp;opus_decode_frame
<LI><a href="#[cd]">&gt;&gt;</a>&nbsp;&nbsp;&nbsp;FLOAT2INT16
<LI><a href="#[209]">&gt;&gt;</a>&nbsp;&nbsp;&nbsp;opus_pcm_soft_clip
<LI><a href="#[253]">&gt;&gt;</a>&nbsp;&nbsp;&nbsp;tonality_analysis
<LI><a href="#[1a4]">&gt;&gt;</a>&nbsp;&nbsp;&nbsp;compute_band_energies
<LI><a href="#[16d]">&gt;&gt;</a>&nbsp;&nbsp;&nbsp;amp2Log2
<LI><a href="#[197]">&gt;&gt;</a>&nbsp;&nbsp;&nbsp;celt_encode_with_ec
<LI><a href="#[213]">&gt;&gt;</a>&nbsp;&nbsp;&nbsp;opus_encode_native
<LI><a href="#[1c7]">&gt;&gt;</a>&nbsp;&nbsp;&nbsp;compute_stereo_width
<LI><a href="#[214]">&gt;&gt;</a>&nbsp;&nbsp;&nbsp;opus_encode_frame_native
<LI><a href="#[d0]">&gt;&gt;</a>&nbsp;&nbsp;&nbsp;FLOAT2INT16
<LI><a href="#[1af]">&gt;&gt;</a>&nbsp;&nbsp;&nbsp;quant_fine_energy
<LI><a href="#[1a2]">&gt;&gt;</a>&nbsp;&nbsp;&nbsp;transient_analysis
<LI><a href="#[1ac]">&gt;&gt;</a>&nbsp;&nbsp;&nbsp;stereo_analysis
<LI><a href="#[19e]">&gt;&gt;</a>&nbsp;&nbsp;&nbsp;run_prefilter
<LI><a href="#[1f2]">&gt;&gt;</a>&nbsp;&nbsp;&nbsp;l1_metric
<LI><a href="#[1a7]">&gt;&gt;</a>&nbsp;&nbsp;&nbsp;dynalloc_analysis
<LI><a href="#[1ae]">&gt;&gt;</a>&nbsp;&nbsp;&nbsp;compute_vbr
<LI><a href="#[16a]">&gt;&gt;</a>&nbsp;&nbsp;&nbsp;alloc_trim_analysis
<LI><a href="#[177]">&gt;&gt;</a>&nbsp;&nbsp;&nbsp;celt_decode_lost
<LI><a href="#[1c9]">&gt;&gt;</a>&nbsp;&nbsp;&nbsp;stereo_itheta
<LI><a href="#[176]">&gt;&gt;</a>&nbsp;&nbsp;&nbsp;renormalise_vector
<LI><a href="#[1bb]">&gt;&gt;</a>&nbsp;&nbsp;&nbsp;denormalise_bands
<LI><a href="#[173]">&gt;&gt;</a>&nbsp;&nbsp;&nbsp;anti_collapse
<LI><a href="#[249]">&gt;&gt;</a>&nbsp;&nbsp;&nbsp;stereo_merge
<LI><a href="#[1d0]">&gt;&gt;</a>&nbsp;&nbsp;&nbsp;intensity_stereo
<LI><a href="#[164]">&gt;&gt;</a>&nbsp;&nbsp;&nbsp;op_pvq_search_c
<LI><a href="#[163]">&gt;&gt;</a>&nbsp;&nbsp;&nbsp;exp_rotation
<LI><a href="#[166]">&gt;&gt;</a>&nbsp;&nbsp;&nbsp;normalise_residual
<LI><a href="#[24c]">&gt;&gt;</a>&nbsp;&nbsp;&nbsp;quant_coarse_energy_impl
<LI><a href="#[1c4]">&gt;&gt;</a>&nbsp;&nbsp;&nbsp;compute_pitch_gain
<LI><a href="#[259]">&gt;&gt;</a>&nbsp;&nbsp;&nbsp;silk_float2int
<LI><a href="#[2f5]">&gt;&gt;</a>&nbsp;&nbsp;&nbsp;silk_float2short_array
<LI><a href="#[2c0]">&gt;&gt;</a>&nbsp;&nbsp;&nbsp;silk_P_Ana_calc_energy_st3
<LI><a href="#[2f9]">&gt;&gt;</a>&nbsp;&nbsp;&nbsp;silk_warped_autocorrelation_FLP
<LI><a href="#[2fa]">&gt;&gt;</a>&nbsp;&nbsp;&nbsp;warped_true2monic_coefs
<LI><a href="#[1f3]">&gt;&gt;</a>&nbsp;&nbsp;&nbsp;limit_coefs
<LI><a href="#[2f3]">&gt;&gt;</a>&nbsp;&nbsp;&nbsp;silk_residual_energy_FLP
<LI><a href="#[2ec]">&gt;&gt;</a>&nbsp;&nbsp;&nbsp;silk_schur_FLP
<LI><a href="#[2ee]">&gt;&gt;</a>&nbsp;&nbsp;&nbsp;silk_pitch_analysis_core_FLP
</UL>

<P><STRONG><a name="[154]"></a>__aeabi_cdcmpeq</STRONG> (Thumb, 0 bytes, Stack size 0 bytes, cdcmple.o(.text))
<BR><BR>[Called By]<UL><LI><a href="#[152]">&gt;&gt;</a>&nbsp;&nbsp;&nbsp;__hardfp_log
</UL>

<P><STRONG><a name="[14e]"></a>__aeabi_cdcmple</STRONG> (Thumb, 48 bytes, Stack size 0 bytes, cdcmple.o(.text))
<BR><BR>[Called By]<UL><LI><a href="#[197]">&gt;&gt;</a>&nbsp;&nbsp;&nbsp;celt_encode_with_ec
<LI><a href="#[1a2]">&gt;&gt;</a>&nbsp;&nbsp;&nbsp;transient_analysis
<LI><a href="#[1ae]">&gt;&gt;</a>&nbsp;&nbsp;&nbsp;compute_vbr
<LI><a href="#[14b]">&gt;&gt;</a>&nbsp;&nbsp;&nbsp;__hardfp_exp
</UL>

<P><STRONG><a name="[14c]"></a>__aeabi_cdrcmple</STRONG> (Thumb, 48 bytes, Stack size 0 bytes, cdrcmple.o(.text))
<BR><BR>[Called By]<UL><LI><a href="#[2d0]">&gt;&gt;</a>&nbsp;&nbsp;&nbsp;silk_burg_modified_FLP
<LI><a href="#[253]">&gt;&gt;</a>&nbsp;&nbsp;&nbsp;tonality_analysis
<LI><a href="#[197]">&gt;&gt;</a>&nbsp;&nbsp;&nbsp;celt_encode_with_ec
<LI><a href="#[1a2]">&gt;&gt;</a>&nbsp;&nbsp;&nbsp;transient_analysis
<LI><a href="#[2ec]">&gt;&gt;</a>&nbsp;&nbsp;&nbsp;silk_schur_FLP
<LI><a href="#[2ee]">&gt;&gt;</a>&nbsp;&nbsp;&nbsp;silk_pitch_analysis_core_FLP
<LI><a href="#[157]">&gt;&gt;</a>&nbsp;&nbsp;&nbsp;__hardfp_pow
<LI><a href="#[cf]">&gt;&gt;</a>&nbsp;&nbsp;&nbsp;__hardfp_floor
<LI><a href="#[14b]">&gt;&gt;</a>&nbsp;&nbsp;&nbsp;__hardfp_exp
</UL>

<P><STRONG><a name="[a4]"></a>__aeabi_d2f</STRONG> (Thumb, 56 bytes, Stack size 8 bytes, d2f.o(.text))
<BR><BR>[Stack]<UL><LI>Max Depth = 8<LI>Call Chain = __aeabi_d2f
</UL>
<BR>[Calls]<UL><LI><a href="#[a5]">&gt;&gt;</a>&nbsp;&nbsp;&nbsp;_float_round
</UL>
<BR>[Called By]<UL><LI><a href="#[2e0]">&gt;&gt;</a>&nbsp;&nbsp;&nbsp;silk_process_gains_FLP
<LI><a href="#[2de]">&gt;&gt;</a>&nbsp;&nbsp;&nbsp;silk_noise_shape_analysis_FLP
<LI><a href="#[2df]">&gt;&gt;</a>&nbsp;&nbsp;&nbsp;silk_find_pred_coefs_FLP
<LI><a href="#[2d6]">&gt;&gt;</a>&nbsp;&nbsp;&nbsp;silk_corrVector_FLP
<LI><a href="#[2d5]">&gt;&gt;</a>&nbsp;&nbsp;&nbsp;silk_corrMatrix_FLP
<LI><a href="#[2d0]">&gt;&gt;</a>&nbsp;&nbsp;&nbsp;silk_burg_modified_FLP
<LI><a href="#[2ce]">&gt;&gt;</a>&nbsp;&nbsp;&nbsp;silk_autocorrelation_FLP
<LI><a href="#[1ff]">&gt;&gt;</a>&nbsp;&nbsp;&nbsp;opus_decode_frame
<LI><a href="#[209]">&gt;&gt;</a>&nbsp;&nbsp;&nbsp;opus_pcm_soft_clip
<LI><a href="#[253]">&gt;&gt;</a>&nbsp;&nbsp;&nbsp;tonality_analysis
<LI><a href="#[1a4]">&gt;&gt;</a>&nbsp;&nbsp;&nbsp;compute_band_energies
<LI><a href="#[16d]">&gt;&gt;</a>&nbsp;&nbsp;&nbsp;amp2Log2
<LI><a href="#[197]">&gt;&gt;</a>&nbsp;&nbsp;&nbsp;celt_encode_with_ec
<LI><a href="#[1c7]">&gt;&gt;</a>&nbsp;&nbsp;&nbsp;compute_stereo_width
<LI><a href="#[214]">&gt;&gt;</a>&nbsp;&nbsp;&nbsp;opus_encode_frame_native
<LI><a href="#[1a2]">&gt;&gt;</a>&nbsp;&nbsp;&nbsp;transient_analysis
<LI><a href="#[1ac]">&gt;&gt;</a>&nbsp;&nbsp;&nbsp;stereo_analysis
<LI><a href="#[19e]">&gt;&gt;</a>&nbsp;&nbsp;&nbsp;run_prefilter
<LI><a href="#[1f2]">&gt;&gt;</a>&nbsp;&nbsp;&nbsp;l1_metric
<LI><a href="#[1a7]">&gt;&gt;</a>&nbsp;&nbsp;&nbsp;dynalloc_analysis
<LI><a href="#[16a]">&gt;&gt;</a>&nbsp;&nbsp;&nbsp;alloc_trim_analysis
<LI><a href="#[177]">&gt;&gt;</a>&nbsp;&nbsp;&nbsp;celt_decode_lost
<LI><a href="#[1c9]">&gt;&gt;</a>&nbsp;&nbsp;&nbsp;stereo_itheta
<LI><a href="#[176]">&gt;&gt;</a>&nbsp;&nbsp;&nbsp;renormalise_vector
<LI><a href="#[1bb]">&gt;&gt;</a>&nbsp;&nbsp;&nbsp;denormalise_bands
<LI><a href="#[173]">&gt;&gt;</a>&nbsp;&nbsp;&nbsp;anti_collapse
<LI><a href="#[249]">&gt;&gt;</a>&nbsp;&nbsp;&nbsp;stereo_merge
<LI><a href="#[243]">&gt;&gt;</a>&nbsp;&nbsp;&nbsp;quant_band
<LI><a href="#[1d0]">&gt;&gt;</a>&nbsp;&nbsp;&nbsp;intensity_stereo
<LI><a href="#[164]">&gt;&gt;</a>&nbsp;&nbsp;&nbsp;op_pvq_search_c
<LI><a href="#[163]">&gt;&gt;</a>&nbsp;&nbsp;&nbsp;exp_rotation
<LI><a href="#[166]">&gt;&gt;</a>&nbsp;&nbsp;&nbsp;normalise_residual
<LI><a href="#[1c4]">&gt;&gt;</a>&nbsp;&nbsp;&nbsp;compute_pitch_gain
<LI><a href="#[2f8]">&gt;&gt;</a>&nbsp;&nbsp;&nbsp;silk_log2
<LI><a href="#[2c0]">&gt;&gt;</a>&nbsp;&nbsp;&nbsp;silk_P_Ana_calc_energy_st3
<LI><a href="#[2f9]">&gt;&gt;</a>&nbsp;&nbsp;&nbsp;silk_warped_autocorrelation_FLP
<LI><a href="#[2fa]">&gt;&gt;</a>&nbsp;&nbsp;&nbsp;warped_true2monic_coefs
<LI><a href="#[1f3]">&gt;&gt;</a>&nbsp;&nbsp;&nbsp;limit_coefs
<LI><a href="#[2f3]">&gt;&gt;</a>&nbsp;&nbsp;&nbsp;silk_residual_energy_FLP
<LI><a href="#[2ec]">&gt;&gt;</a>&nbsp;&nbsp;&nbsp;silk_schur_FLP
<LI><a href="#[2ee]">&gt;&gt;</a>&nbsp;&nbsp;&nbsp;silk_pitch_analysis_core_FLP
<LI><a href="#[2e9]">&gt;&gt;</a>&nbsp;&nbsp;&nbsp;silk_find_LTP_FLP
<LI><a href="#[2e7]">&gt;&gt;</a>&nbsp;&nbsp;&nbsp;silk_find_LPC_FLP
</UL>

<P><STRONG><a name="[322]"></a>__aeabi_uidiv</STRONG> (Thumb, 0 bytes, Stack size 12 bytes, uidiv.o(.text), UNUSED)

<P><STRONG><a name="[161]"></a>__aeabi_uidivmod</STRONG> (Thumb, 44 bytes, Stack size 12 bytes, uidiv.o(.text), UNUSED)
<BR><BR>[Called By]<UL><LI><a href="#[142]">&gt;&gt;</a>&nbsp;&nbsp;&nbsp;_printf_core
</UL>

<P><STRONG><a name="[23f]"></a>strerror</STRONG> (Thumb, 40 bytes, Stack size 0 bytes, strerror.o(.text))
<BR><BR>[Called By]<UL><LI><a href="#[f2]">&gt;&gt;</a>&nbsp;&nbsp;&nbsp;perror
</UL>

<P><STRONG><a name="[97]"></a>strtol</STRONG> (Thumb, 112 bytes, Stack size 32 bytes, strtol.o(.text))
<BR><BR>[Stack]<UL><LI>Max Depth = 72<LI>Call Chain = strtol &rArr; _strtoul
</UL>
<BR>[Calls]<UL><LI><a href="#[a7]">&gt;&gt;</a>&nbsp;&nbsp;&nbsp;_strtoul
<LI><a href="#[a6]">&gt;&gt;</a>&nbsp;&nbsp;&nbsp;__rt_ctype_table
<LI><a href="#[96]">&gt;&gt;</a>&nbsp;&nbsp;&nbsp;__aeabi_errno_addr
</UL>
<BR>[Called By]<UL><LI><a href="#[95]">&gt;&gt;</a>&nbsp;&nbsp;&nbsp;atoi
</UL>

<P><STRONG><a name="[323]"></a>__I$use$fp</STRONG> (Thumb, 0 bytes, Stack size 0 bytes, iusefp.o(.text), UNUSED)

<P><STRONG><a name="[a5]"></a>_float_round</STRONG> (Thumb, 18 bytes, Stack size 0 bytes, fepilogue.o(.text))
<BR><BR>[Called By]<UL><LI><a href="#[a4]">&gt;&gt;</a>&nbsp;&nbsp;&nbsp;__aeabi_d2f
</UL>

<P><STRONG><a name="[324]"></a>_float_epilogue</STRONG> (Thumb, 92 bytes, Stack size 4 bytes, fepilogue.o(.text), UNUSED)

<P><STRONG><a name="[9b]"></a>_double_round</STRONG> (Thumb, 30 bytes, Stack size 8 bytes, depilogue.o(.text))
<BR><BR>[Stack]<UL><LI>Max Depth = 8<LI>Call Chain = _double_round
</UL>
<BR>[Called By]<UL><LI><a href="#[9f]">&gt;&gt;</a>&nbsp;&nbsp;&nbsp;__aeabi_ddiv
<LI><a href="#[98]">&gt;&gt;</a>&nbsp;&nbsp;&nbsp;__aeabi_dadd
<LI><a href="#[a8]">&gt;&gt;</a>&nbsp;&nbsp;&nbsp;_dsqrt
<LI><a href="#[9a]">&gt;&gt;</a>&nbsp;&nbsp;&nbsp;_double_epilogue
</UL>

<P><STRONG><a name="[9a]"></a>_double_epilogue</STRONG> (Thumb, 156 bytes, Stack size 32 bytes, depilogue.o(.text))
<BR><BR>[Stack]<UL><LI>Max Depth = 40<LI>Call Chain = _double_epilogue &rArr; _double_round
</UL>
<BR>[Calls]<UL><LI><a href="#[90]">&gt;&gt;</a>&nbsp;&nbsp;&nbsp;__aeabi_llsr
<LI><a href="#[91]">&gt;&gt;</a>&nbsp;&nbsp;&nbsp;__aeabi_llsl
<LI><a href="#[9b]">&gt;&gt;</a>&nbsp;&nbsp;&nbsp;_double_round
</UL>
<BR>[Called By]<UL><LI><a href="#[a1]">&gt;&gt;</a>&nbsp;&nbsp;&nbsp;__aeabi_ui2d
<LI><a href="#[a0]">&gt;&gt;</a>&nbsp;&nbsp;&nbsp;__aeabi_i2d
<LI><a href="#[9e]">&gt;&gt;</a>&nbsp;&nbsp;&nbsp;__aeabi_dmul
<LI><a href="#[98]">&gt;&gt;</a>&nbsp;&nbsp;&nbsp;__aeabi_dadd
</UL>

<P><STRONG><a name="[15b]"></a>__ARM_scalbn</STRONG> (Thumb, 46 bytes, Stack size 16 bytes, dscalb.o(.text))
<BR><BR>[Stack]<UL><LI>Max Depth = 16<LI>Call Chain = __ARM_scalbn
</UL>
<BR>[Called By]<UL><LI><a href="#[157]">&gt;&gt;</a>&nbsp;&nbsp;&nbsp;__hardfp_pow
</UL>

<P><STRONG><a name="[325]"></a>scalbn</STRONG> (Thumb, 0 bytes, Stack size 16 bytes, dscalb.o(.text), UNUSED)

<P><STRONG><a name="[a8]"></a>_dsqrt</STRONG> (Thumb, 162 bytes, Stack size 32 bytes, dsqrt.o(.text))
<BR><BR>[Stack]<UL><LI>Max Depth = 40<LI>Call Chain = _dsqrt &rArr; _double_round
</UL>
<BR>[Calls]<UL><LI><a href="#[90]">&gt;&gt;</a>&nbsp;&nbsp;&nbsp;__aeabi_llsr
<LI><a href="#[9b]">&gt;&gt;</a>&nbsp;&nbsp;&nbsp;_double_round
</UL>
<BR>[Called By]<UL><LI><a href="#[159]">&gt;&gt;</a>&nbsp;&nbsp;&nbsp;sqrt
<LI><a href="#[15c]">&gt;&gt;</a>&nbsp;&nbsp;&nbsp;__hardfp_sqrt
</UL>

<P><STRONG><a name="[8e]"></a>__scatterload</STRONG> (Thumb, 28 bytes, Stack size 0 bytes, init.o(.text))
<BR><BR>[Calls]<UL><LI><a href="#[a9]">&gt;&gt;</a>&nbsp;&nbsp;&nbsp;__main_after_scatterload
</UL>
<BR>[Called By]<UL><LI><a href="#[8d]">&gt;&gt;</a>&nbsp;&nbsp;&nbsp;_main_scatterload
</UL>

<P><STRONG><a name="[326]"></a>__scatterload_rt2</STRONG> (Thumb, 0 bytes, Stack size 0 bytes, init.o(.text), UNUSED)

<P><STRONG><a name="[a6]"></a>__rt_ctype_table</STRONG> (Thumb, 4 bytes, Stack size 0 bytes, ctype_o.o(.text))
<BR><BR>[Called By]<UL><LI><a href="#[97]">&gt;&gt;</a>&nbsp;&nbsp;&nbsp;strtol
</UL>

<P><STRONG><a name="[a7]"></a>_strtoul</STRONG> (Thumb, 158 bytes, Stack size 40 bytes, _strtoul.o(.text))
<BR><BR>[Stack]<UL><LI>Max Depth = 40<LI>Call Chain = _strtoul
</UL>
<BR>[Calls]<UL><LI><a href="#[aa]">&gt;&gt;</a>&nbsp;&nbsp;&nbsp;_chval
<LI><a href="#[96]">&gt;&gt;</a>&nbsp;&nbsp;&nbsp;__aeabi_errno_addr
</UL>
<BR>[Called By]<UL><LI><a href="#[97]">&gt;&gt;</a>&nbsp;&nbsp;&nbsp;strtol
</UL>

<P><STRONG><a name="[aa]"></a>_chval</STRONG> (Thumb, 28 bytes, Stack size 0 bytes, _chval.o(.text))
<BR><BR>[Called By]<UL><LI><a href="#[a7]">&gt;&gt;</a>&nbsp;&nbsp;&nbsp;_strtoul
</UL>

<P><STRONG><a name="[327]"></a>__decompress</STRONG> (Thumb, 0 bytes, Stack size unknown bytes, __dczerorl2.o(.text), UNUSED)

<P><STRONG><a name="[328]"></a>__decompress1</STRONG> (Thumb, 86 bytes, Stack size unknown bytes, __dczerorl2.o(.text), UNUSED)

<P><STRONG><a name="[ab]"></a>AT_INIT</STRONG> (Thumb, 582 bytes, Stack size 8 bytes, main.o(i.AT_INIT))
<BR><BR>[Stack]<UL><LI>Max Depth = 200<LI>Call Chain = AT_INIT &rArr; systick_delay_ms &rArr; RCC_GetClocksFreqValue &rArr; __aeabi_uldivmod
</UL>
<BR>[Calls]<UL><LI><a href="#[ae]">&gt;&gt;</a>&nbsp;&nbsp;&nbsp;systick_delay_ms
<LI><a href="#[ad]">&gt;&gt;</a>&nbsp;&nbsp;&nbsp;UART7_SendATCommand
<LI><a href="#[ac]">&gt;&gt;</a>&nbsp;&nbsp;&nbsp;ChangeDeviceState
</UL>
<BR>[Called By]<UL><LI><a href="#[82]">&gt;&gt;</a>&nbsp;&nbsp;&nbsp;main
</UL>

<P><STRONG><a name="[af]"></a>AudioDecodeProcess</STRONG> (Thumb, 466 bytes, Stack size 40 bytes, main.o(i.AudioDecodeProcess))
<BR><BR>[Stack]<UL><LI>Max Depth = 3632<LI>Call Chain = AudioDecodeProcess &rArr; opus_decode &rArr; opus_decode_native &rArr;  opus_decode_native (Cycle)
</UL>
<BR>[Calls]<UL><LI><a href="#[b5]">&gt;&gt;</a>&nbsp;&nbsp;&nbsp;DMA_SetCurrDataCounter
<LI><a href="#[b7]">&gt;&gt;</a>&nbsp;&nbsp;&nbsp;DMA_GetFlagStatus
<LI><a href="#[b6]">&gt;&gt;</a>&nbsp;&nbsp;&nbsp;DMA_EnableChannel
<LI><a href="#[b8]">&gt;&gt;</a>&nbsp;&nbsp;&nbsp;DMA_ClearFlag
<LI><a href="#[b3]">&gt;&gt;</a>&nbsp;&nbsp;&nbsp;opus_decode
<LI><a href="#[a0]">&gt;&gt;</a>&nbsp;&nbsp;&nbsp;__aeabi_i2d
<LI><a href="#[9e]">&gt;&gt;</a>&nbsp;&nbsp;&nbsp;__aeabi_dmul
<LI><a href="#[a2]">&gt;&gt;</a>&nbsp;&nbsp;&nbsp;__aeabi_d2iz
<LI><a href="#[b9]">&gt;&gt;</a>&nbsp;&nbsp;&nbsp;SPEAKER_DMA_INIT
<LI><a href="#[b0]">&gt;&gt;</a>&nbsp;&nbsp;&nbsp;QueueSize
<LI><a href="#[b4]">&gt;&gt;</a>&nbsp;&nbsp;&nbsp;QueuePop
[...]
</UL>
<BR>[Called By]<UL><LI><a href="#[2b3]">&gt;&gt;</a>&nbsp;&nbsp;&nbsp;silk_PLC
</UL>

<P><STRONG><a name="[2bc]"></a>silk_max_32</STRONG> (Thumb, 14 bytes, Stack size 0 bytes, plc.o(i.silk_max_32))
<BR><BR>[Called By]<UL><LI><a href="#[2b5]">&gt;&gt;</a>&nbsp;&nbsp;&nbsp;silk_PLC_conceal
<LI><a href="#[2be]">&gt;&gt;</a>&nbsp;&nbsp;&nbsp;silk_PLC_glue_frames
</UL>

<P><STRONG><a name="[2b8]"></a>silk_max_int</STRONG> (Thumb, 14 bytes, Stack size 0 bytes, plc.o(i.silk_max_int))
<BR><BR>[Called By]<UL><LI><a href="#[2b5]">&gt;&gt;</a>&nbsp;&nbsp;&nbsp;silk_PLC_conceal
</UL>

<P><STRONG><a name="[2bb]"></a>silk_min_32</STRONG> (Thumb, 14 bytes, Stack size 0 bytes, plc.o(i.silk_min_32))
<BR><BR>[Called By]<UL><LI><a href="#[2b5]">&gt;&gt;</a>&nbsp;&nbsp;&nbsp;silk_PLC_conceal
</UL>

<P><STRONG><a name="[2b9]"></a>silk_min_int</STRONG> (Thumb, 14 bytes, Stack size 0 bytes, plc.o(i.silk_min_int))
<BR><BR>[Called By]<UL><LI><a href="#[2b5]">&gt;&gt;</a>&nbsp;&nbsp;&nbsp;silk_PLC_conceal
</UL>

<P><STRONG><a name="[30a]"></a>silk_resampler_private_down_FIR_INTERPOL</STRONG> (Thumb, 2344 bytes, Stack size 52 bytes, resampler_private_down_fir.o(i.silk_resampler_private_down_FIR_INTERPOL))
<BR><BR>[Stack]<UL><LI>Max Depth = 52<LI>Call Chain = silk_resampler_private_down_FIR_INTERPOL
</UL>
<BR>[Called By]<UL><LI><a href="#[306]">&gt;&gt;</a>&nbsp;&nbsp;&nbsp;silk_resampler_private_down_FIR
</UL>

<P><STRONG><a name="[309]"></a>silk_resampler_private_IIR_FIR_INTERPOL</STRONG> (Thumb, 288 bytes, Stack size 28 bytes, resampler_private_iir_fir.o(i.silk_resampler_private_IIR_FIR_INTERPOL))
<BR><BR>[Stack]<UL><LI>Max Depth = 28<LI>Call Chain = silk_resampler_private_IIR_FIR_INTERPOL
</UL>
<BR>[Called By]<UL><LI><a href="#[305]">&gt;&gt;</a>&nbsp;&nbsp;&nbsp;silk_resampler_private_IIR_FIR
</UL>

<P><STRONG><a name="[30b]"></a>combine_pulses</STRONG> (Thumb, 36 bytes, Stack size 12 bytes, shell_coder.o(i.combine_pulses))
<BR><BR>[Stack]<UL><LI>Max Depth = 12<LI>Call Chain = combine_pulses
</UL>
<BR>[Called By]<UL><LI><a href="#[2e5]">&gt;&gt;</a>&nbsp;&nbsp;&nbsp;silk_shell_encoder
</UL>

<P><STRONG><a name="[1d3]"></a>decode_split</STRONG> (Thumb, 60 bytes, Stack size 24 bytes, shell_coder.o(i.decode_split))
<BR><BR>[Stack]<UL><LI>Max Depth = 80<LI>Call Chain = decode_split &rArr; ec_dec_icdf &rArr; ec_dec_normalize
</UL>
<BR>[Calls]<UL><LI><a href="#[187]">&gt;&gt;</a>&nbsp;&nbsp;&nbsp;ec_dec_icdf
</UL>
<BR>[Called By]<UL><LI><a href="#[2da]">&gt;&gt;</a>&nbsp;&nbsp;&nbsp;silk_shell_decoder
</UL>

<P><STRONG><a name="[1e8]"></a>encode_split</STRONG> (Thumb, 36 bytes, Stack size 24 bytes, shell_coder.o(i.encode_split))
<BR><BR>[Stack]<UL><LI>Max Depth = 88<LI>Call Chain = encode_split &rArr; ec_enc_icdf &rArr; ec_enc_normalize &rArr; ec_enc_carry_out &rArr; ec_write_byte
</UL>
<BR>[Calls]<UL><LI><a href="#[1a1]">&gt;&gt;</a>&nbsp;&nbsp;&nbsp;ec_enc_icdf
</UL>
<BR>[Called By]<UL><LI><a href="#[2e5]">&gt;&gt;</a>&nbsp;&nbsp;&nbsp;silk_shell_encoder
</UL>

<P><STRONG><a name="[25e]"></a>silk_CLZ32</STRONG> (Thumb, 22 bytes, Stack size 0 bytes, stereo_find_predictor.o(i.silk_CLZ32))
<BR><BR>[Called By]<UL><LI><a href="#[26c]">&gt;&gt;</a>&nbsp;&nbsp;&nbsp;silk_DIV32_varQ
<LI><a href="#[25d]">&gt;&gt;</a>&nbsp;&nbsp;&nbsp;silk_CLZ_FRAC
</UL>

<P><STRONG><a name="[25d]"></a>silk_CLZ_FRAC</STRONG> (Thumb, 88 bytes, Stack size 32 bytes, stereo_find_predictor.o(i.silk_CLZ_FRAC))
<BR><BR>[Stack]<UL><LI>Max Depth = 32<LI>Call Chain = silk_CLZ_FRAC
</UL>
<BR>[Calls]<UL><LI><a href="#[25e]">&gt;&gt;</a>&nbsp;&nbsp;&nbsp;silk_CLZ32
</UL>
<BR>[Called By]<UL><LI><a href="#[2c4]">&gt;&gt;</a>&nbsp;&nbsp;&nbsp;silk_SQRT_APPROX
</UL>

<P><STRONG><a name="[26c]"></a>silk_DIV32_varQ</STRONG> (Thumb, 274 bytes, Stack size 56 bytes, stereo_find_predictor.o(i.silk_DIV32_varQ))
<BR><BR>[Stack]<UL><LI>Max Depth = 56<LI>Call Chain = silk_DIV32_varQ
</UL>
<BR>[Calls]<UL><LI><a href="#[25e]">&gt;&gt;</a>&nbsp;&nbsp;&nbsp;silk_CLZ32
</UL>
<BR>[Called By]<UL><LI><a href="#[30c]">&gt;&gt;</a>&nbsp;&nbsp;&nbsp;silk_stereo_find_predictor
</UL>

<P><STRONG><a name="[2c4]"></a>silk_SQRT_APPROX</STRONG> (Thumb, 82 bytes, Stack size 24 bytes, stereo_find_predictor.o(i.silk_SQRT_APPROX))
<BR><BR>[Stack]<UL><LI>Max Depth = 56<LI>Call Chain = silk_SQRT_APPROX &rArr; silk_CLZ_FRAC
</UL>
<BR>[Calls]<UL><LI><a href="#[25d]">&gt;&gt;</a>&nbsp;&nbsp;&nbsp;silk_CLZ_FRAC
</UL>
<BR>[Called By]<UL><LI><a href="#[30c]">&gt;&gt;</a>&nbsp;&nbsp;&nbsp;silk_stereo_find_predictor
</UL>

<P><STRONG><a name="[30e]"></a>silk_max_int</STRONG> (Thumb, 14 bytes, Stack size 0 bytes, stereo_find_predictor.o(i.silk_max_int))
<BR><BR>[Called By]<UL><LI><a href="#[30c]">&gt;&gt;</a>&nbsp;&nbsp;&nbsp;silk_stereo_find_predictor
</UL>

<P><STRONG><a name="[26e]"></a>silk_CLZ32</STRONG> (Thumb, 22 bytes, Stack size 0 bytes, stereo_lr_to_ms.o(i.silk_CLZ32))
<BR><BR>[Called By]<UL><LI><a href="#[26d]">&gt;&gt;</a>&nbsp;&nbsp;&nbsp;silk_DIV32_varQ
</UL>

<P><STRONG><a name="[26d]"></a>silk_DIV32_varQ</STRONG> (Thumb, 274 bytes, Stack size 56 bytes, stereo_lr_to_ms.o(i.silk_DIV32_varQ))
<BR><BR>[Stack]<UL><LI>Max Depth = 56<LI>Call Chain = silk_DIV32_varQ
</UL>
<BR>[Calls]<UL><LI><a href="#[26e]">&gt;&gt;</a>&nbsp;&nbsp;&nbsp;silk_CLZ32
</UL>
<BR>[Called By]<UL><LI><a href="#[281]">&gt;&gt;</a>&nbsp;&nbsp;&nbsp;silk_stereo_LR_to_MS
</UL>

<P><STRONG><a name="[310]"></a>silk_CLZ32</STRONG> (Thumb, 22 bytes, Stack size 0 bytes, sum_sqr_shift.o(i.silk_CLZ32))
<BR><BR>[Called By]<UL><LI><a href="#[2bd]">&gt;&gt;</a>&nbsp;&nbsp;&nbsp;silk_sum_sqr_shift
</UL>

<P><STRONG><a name="[2c6]"></a>silk_CLZ_FRAC</STRONG> (Thumb, 100 bytes, Stack size 28 bytes, vad.o(i.silk_CLZ_FRAC))
<BR><BR>[Stack]<UL><LI>Max Depth = 28<LI>Call Chain = silk_CLZ_FRAC
</UL>
<BR>[Called By]<UL><LI><a href="#[2c5]">&gt;&gt;</a>&nbsp;&nbsp;&nbsp;silk_SQRT_APPROX
</UL>

<P><STRONG><a name="[2c5]"></a>silk_SQRT_APPROX</STRONG> (Thumb, 82 bytes, Stack size 24 bytes, vad.o(i.silk_SQRT_APPROX))
<BR><BR>[Stack]<UL><LI>Max Depth = 52<LI>Call Chain = silk_SQRT_APPROX &rArr; silk_CLZ_FRAC
</UL>
<BR>[Calls]<UL><LI><a href="#[2c6]">&gt;&gt;</a>&nbsp;&nbsp;&nbsp;silk_CLZ_FRAC
</UL>
<BR>[Called By]<UL><LI><a href="#[2c7]">&gt;&gt;</a>&nbsp;&nbsp;&nbsp;silk_VAD_GetSA_Q8_c
</UL>

<P><STRONG><a name="[2ca]"></a>silk_VAD_GetNoiseLevels</STRONG> (Thumb, 358 bytes, Stack size 32 bytes, vad.o(i.silk_VAD_GetNoiseLevels))
<BR><BR>[Stack]<UL><LI>Max Depth = 32<LI>Call Chain = silk_VAD_GetNoiseLevels
</UL>
<BR>[Called By]<UL><LI><a href="#[2c7]">&gt;&gt;</a>&nbsp;&nbsp;&nbsp;silk_VAD_GetSA_Q8_c
</UL>

<P><STRONG><a name="[2c9]"></a>silk_min_int</STRONG> (Thumb, 14 bytes, Stack size 0 bytes, vad.o(i.silk_min_int))
<BR><BR>[Called By]<UL><LI><a href="#[2c7]">&gt;&gt;</a>&nbsp;&nbsp;&nbsp;silk_VAD_GetSA_Q8_c
</UL>

<P><STRONG><a name="[2f4]"></a>silk_float2short_array</STRONG> (Thumb, 258 bytes, Stack size 48 bytes, control_codec.o(i.silk_float2short_array))
<BR><BR>[Stack]<UL><LI>Max Depth = 176<LI>Call Chain = silk_float2short_array &rArr; __hardfp_floor &rArr; __aeabi_drsub &rArr; __aeabi_dadd &rArr; _double_epilogue &rArr; _double_round
</UL>
<BR>[Calls]<UL><LI><a href="#[a2]">&gt;&gt;</a>&nbsp;&nbsp;&nbsp;__aeabi_d2iz
<LI><a href="#[ce]">&gt;&gt;</a>&nbsp;&nbsp;&nbsp;__aeabi_f2d
<LI><a href="#[98]">&gt;&gt;</a>&nbsp;&nbsp;&nbsp;__aeabi_dadd
<LI><a href="#[cf]">&gt;&gt;</a>&nbsp;&nbsp;&nbsp;__hardfp_floor
</UL>
<BR>[Called By]<UL><LI><a href="#[2d1]">&gt;&gt;</a>&nbsp;&nbsp;&nbsp;silk_setup_resamplers
</UL>

<P><STRONG><a name="[2d4]"></a>silk_setup_complexity</STRONG> (Thumb, 684 bytes, Stack size 12 bytes, control_codec.o(i.silk_setup_complexity))
<BR><BR>[Stack]<UL><LI>Max Depth = 12<LI>Call Chain = silk_setup_complexity
</UL>
<BR>[Called By]<UL><LI><a href="#[27a]">&gt;&gt;</a>&nbsp;&nbsp;&nbsp;silk_control_encoder
</UL>

<P><STRONG><a name="[2d3]"></a>silk_setup_fs</STRONG> (Thumb, 630 bytes, Stack size 24 bytes, control_codec.o(i.silk_setup_fs))
<BR><BR>[Stack]<UL><LI>Max Depth = 24<LI>Call Chain = silk_setup_fs
</UL>
<BR>[Calls]<UL><LI><a href="#[160]">&gt;&gt;</a>&nbsp;&nbsp;&nbsp;__aeabi_memclr4
<LI><a href="#[92]">&gt;&gt;</a>&nbsp;&nbsp;&nbsp;__aeabi_memclr
</UL>
<BR>[Called By]<UL><LI><a href="#[27a]">&gt;&gt;</a>&nbsp;&nbsp;&nbsp;silk_control_encoder
</UL>

<P><STRONG><a name="[2d1]"></a>silk_setup_resamplers</STRONG> (Thumb, 364 bytes, Stack size 48 bytes, control_codec.o(i.silk_setup_resamplers))
<BR><BR>[Stack]<UL><LI>Max Depth = 224<LI>Call Chain = silk_setup_resamplers &rArr; silk_float2short_array &rArr; __hardfp_floor &rArr; __aeabi_drsub &rArr; __aeabi_dadd &rArr; _double_epilogue &rArr; _double_round
</UL>
<BR>[Calls]<UL><LI><a href="#[2f4]">&gt;&gt;</a>&nbsp;&nbsp;&nbsp;silk_float2short_array
<LI><a href="#[277]">&gt;&gt;</a>&nbsp;&nbsp;&nbsp;silk_resampler
<LI><a href="#[2dc]">&gt;&gt;</a>&nbsp;&nbsp;&nbsp;silk_resampler_init
</UL>
<BR>[Called By]<UL><LI><a href="#[27a]">&gt;&gt;</a>&nbsp;&nbsp;&nbsp;silk_control_encoder
</UL>

<P><STRONG><a name="[2e2]"></a>ec_tell</STRONG> (Thumb, 18 bytes, Stack size 0 bytes, encode_frame_flp.o(i.ec_tell))
<BR><BR>[Called By]<UL><LI><a href="#[284]">&gt;&gt;</a>&nbsp;&nbsp;&nbsp;silk_encode_frame_FLP
</UL>

<P><STRONG><a name="[28c]"></a>silk_LBRR_encode_FLP</STRONG> (Thumb, 346 bytes, Stack size 4448 bytes, encode_frame_flp.o(i.silk_LBRR_encode_FLP))
<BR><BR>[Stack]<UL><LI>Max Depth = 5952<LI>Call Chain = silk_LBRR_encode_FLP &rArr; silk_NSQ_wrapper_FLP &rArr; silk_NSQ_del_dec_c &rArr; silk_noise_shape_quantizer_del_dec &rArr; silk_noise_shape_quantizer_short_prediction_c
</UL>
<BR>[Calls]<UL><LI><a href="#[28e]">&gt;&gt;</a>&nbsp;&nbsp;&nbsp;silk_NSQ_wrapper_FLP
<LI><a href="#[28d]">&gt;&gt;</a>&nbsp;&nbsp;&nbsp;silk_gains_dequant
<LI><a href="#[17d]">&gt;&gt;</a>&nbsp;&nbsp;&nbsp;__aeabi_memcpy4
<LI><a href="#[f3]">&gt;&gt;</a>&nbsp;&nbsp;&nbsp;__aeabi_memcpy
</UL>
<BR>[Called By]<UL><LI><a href="#[284]">&gt;&gt;</a>&nbsp;&nbsp;&nbsp;silk_encode_frame_FLP
</UL>

<P><STRONG><a name="[293]"></a>silk_LPC_analysis_filter10_FLP</STRONG> (Thumb, 164 bytes, Stack size 16 bytes, lpc_analysis_filter_flp.o(i.silk_LPC_analysis_filter10_FLP))
<BR><BR>[Stack]<UL><LI>Max Depth = 16<LI>Call Chain = silk_LPC_analysis_filter10_FLP
</UL>
<BR>[Called By]<UL><LI><a href="#[290]">&gt;&gt;</a>&nbsp;&nbsp;&nbsp;silk_LPC_analysis_filter_FLP
</UL>

<P><STRONG><a name="[294]"></a>silk_LPC_analysis_filter12_FLP</STRONG> (Thumb, 188 bytes, Stack size 16 bytes, lpc_analysis_filter_flp.o(i.silk_LPC_analysis_filter12_FLP))
<BR><BR>[Stack]<UL><LI>Max Depth = 16<LI>Call Chain = silk_LPC_analysis_filter12_FLP
</UL>
<BR>[Called By]<UL><LI><a href="#[290]">&gt;&gt;</a>&nbsp;&nbsp;&nbsp;silk_LPC_analysis_filter_FLP
</UL>

<P><STRONG><a name="[295]"></a>silk_LPC_analysis_filter16_FLP</STRONG> (Thumb, 236 bytes, Stack size 16 bytes, lpc_analysis_filter_flp.o(i.silk_LPC_analysis_filter16_FLP))
<BR><BR>[Stack]<UL><LI>Max Depth = 16<LI>Call Chain = silk_LPC_analysis_filter16_FLP
</UL>
<BR>[Called By]<UL><LI><a href="#[290]">&gt;&gt;</a>&nbsp;&nbsp;&nbsp;silk_LPC_analysis_filter_FLP
</UL>

<P><STRONG><a name="[291]"></a>silk_LPC_analysis_filter6_FLP</STRONG> (Thumb, 116 bytes, Stack size 16 bytes, lpc_analysis_filter_flp.o(i.silk_LPC_analysis_filter6_FLP))
<BR><BR>[Stack]<UL><LI>Max Depth = 16<LI>Call Chain = silk_LPC_analysis_filter6_FLP
</UL>
<BR>[Called By]<UL><LI><a href="#[290]">&gt;&gt;</a>&nbsp;&nbsp;&nbsp;silk_LPC_analysis_filter_FLP
</UL>

<P><STRONG><a name="[292]"></a>silk_LPC_analysis_filter8_FLP</STRONG> (Thumb, 140 bytes, Stack size 16 bytes, lpc_analysis_filter_flp.o(i.silk_LPC_analysis_filter8_FLP))
<BR><BR>[Stack]<UL><LI>Max Depth = 16<LI>Call Chain = silk_LPC_analysis_filter8_FLP
</UL>
<BR>[Called By]<UL><LI><a href="#[290]">&gt;&gt;</a>&nbsp;&nbsp;&nbsp;silk_LPC_analysis_filter_FLP
</UL>

<P><STRONG><a name="[1f3]"></a>limit_coefs</STRONG> (Thumb, 208 bytes, Stack size 56 bytes, noise_shape_analysis_flp.o(i.limit_coefs))
<BR><BR>[Stack]<UL><LI>Max Depth = 64<LI>Call Chain = limit_coefs &rArr; __aeabi_d2f
</UL>
<BR>[Calls]<UL><LI><a href="#[1f4]">&gt;&gt;</a>&nbsp;&nbsp;&nbsp;silk_bwexpander_FLP
<LI><a href="#[ce]">&gt;&gt;</a>&nbsp;&nbsp;&nbsp;__aeabi_f2d
<LI><a href="#[a4]">&gt;&gt;</a>&nbsp;&nbsp;&nbsp;__aeabi_d2f
<LI><a href="#[16c]">&gt;&gt;</a>&nbsp;&nbsp;&nbsp;__hardfp_fabs
</UL>
<BR>[Called By]<UL><LI><a href="#[2de]">&gt;&gt;</a>&nbsp;&nbsp;&nbsp;silk_noise_shape_analysis_FLP
</UL>

<P><STRONG><a name="[2fa]"></a>warped_true2monic_coefs</STRONG> (Thumb, 494 bytes, Stack size 64 bytes, noise_shape_analysis_flp.o(i.warped_true2monic_coefs))
<BR><BR>[Stack]<UL><LI>Max Depth = 72<LI>Call Chain = warped_true2monic_coefs &rArr; __aeabi_d2f
</UL>
<BR>[Calls]<UL><LI><a href="#[1f4]">&gt;&gt;</a>&nbsp;&nbsp;&nbsp;silk_bwexpander_FLP
<LI><a href="#[ce]">&gt;&gt;</a>&nbsp;&nbsp;&nbsp;__aeabi_f2d
<LI><a href="#[a4]">&gt;&gt;</a>&nbsp;&nbsp;&nbsp;__aeabi_d2f
<LI><a href="#[16c]">&gt;&gt;</a>&nbsp;&nbsp;&nbsp;__hardfp_fabs
</UL>
<BR>[Called By]<UL><LI><a href="#[2de]">&gt;&gt;</a>&nbsp;&nbsp;&nbsp;silk_noise_shape_analysis_FLP
</UL>

<P><STRONG><a name="[2bf]"></a>silk_P_Ana_calc_corr_st3</STRONG> (Thumb, 266 bytes, Stack size 264 bytes, pitch_analysis_core_flp.o(i.silk_P_Ana_calc_corr_st3))
<BR><BR>[Stack]<UL><LI>Max Depth = 336<LI>Call Chain = silk_P_Ana_calc_corr_st3 &rArr; celt_pitch_xcorr_c &rArr; xcorr_kernel_c
</UL>
<BR>[Calls]<UL><LI><a href="#[15e]">&gt;&gt;</a>&nbsp;&nbsp;&nbsp;celt_pitch_xcorr_c
</UL>
<BR>[Called By]<UL><LI><a href="#[2ee]">&gt;&gt;</a>&nbsp;&nbsp;&nbsp;silk_pitch_analysis_core_FLP
</UL>

<P><STRONG><a name="[2c0]"></a>silk_P_Ana_calc_energy_st3</STRONG> (Thumb, 474 bytes, Stack size 200 bytes, pitch_analysis_core_flp.o(i.silk_P_Ana_calc_energy_st3))
<BR><BR>[Stack]<UL><LI>Max Depth = 384<LI>Call Chain = silk_P_Ana_calc_energy_st3 &rArr; silk_energy_FLP &rArr; __aeabi_dmul &rArr; _double_epilogue &rArr; _double_round
</UL>
<BR>[Calls]<UL><LI><a href="#[9e]">&gt;&gt;</a>&nbsp;&nbsp;&nbsp;__aeabi_dmul
<LI><a href="#[2c1]">&gt;&gt;</a>&nbsp;&nbsp;&nbsp;silk_energy_FLP
<LI><a href="#[9d]">&gt;&gt;</a>&nbsp;&nbsp;&nbsp;__aeabi_drsub
<LI><a href="#[ce]">&gt;&gt;</a>&nbsp;&nbsp;&nbsp;__aeabi_f2d
<LI><a href="#[98]">&gt;&gt;</a>&nbsp;&nbsp;&nbsp;__aeabi_dadd
<LI><a href="#[a4]">&gt;&gt;</a>&nbsp;&nbsp;&nbsp;__aeabi_d2f
</UL>
<BR>[Called By]<UL><LI><a href="#[2ee]">&gt;&gt;</a>&nbsp;&nbsp;&nbsp;silk_pitch_analysis_core_FLP
</UL>

<P><STRONG><a name="[2f5]"></a>silk_float2short_array</STRONG> (Thumb, 258 bytes, Stack size 48 bytes, pitch_analysis_core_flp.o(i.silk_float2short_array))
<BR><BR>[Stack]<UL><LI>Max Depth = 176<LI>Call Chain = silk_float2short_array &rArr; __hardfp_floor &rArr; __aeabi_drsub &rArr; __aeabi_dadd &rArr; _double_epilogue &rArr; _double_round
</UL>
<BR>[Calls]<UL><LI><a href="#[a2]">&gt;&gt;</a>&nbsp;&nbsp;&nbsp;__aeabi_d2iz
<LI><a href="#[ce]">&gt;&gt;</a>&nbsp;&nbsp;&nbsp;__aeabi_f2d
<LI><a href="#[98]">&gt;&gt;</a>&nbsp;&nbsp;&nbsp;__aeabi_dadd
<LI><a href="#[cf]">&gt;&gt;</a>&nbsp;&nbsp;&nbsp;__hardfp_floor
</UL>
<BR>[Called By]<UL><LI><a href="#[2ee]">&gt;&gt;</a>&nbsp;&nbsp;&nbsp;silk_pitch_analysis_core_FLP
</UL>

<P><STRONG><a name="[2f8]"></a>silk_log2</STRONG> (Thumb, 68 bytes, Stack size 32 bytes, pitch_analysis_core_flp.o(i.silk_log2))
<BR><BR>[Stack]<UL><LI>Max Depth = 280<LI>Call Chain = silk_log2 &rArr; __hardfp_log10 &rArr; log &rArr; __hardfp_log &rArr; __kernel_poly &rArr; __aeabi_dmul &rArr; _double_epilogue &rArr; _double_round
</UL>
<BR>[Calls]<UL><LI><a href="#[9e]">&gt;&gt;</a>&nbsp;&nbsp;&nbsp;__aeabi_dmul
<LI><a href="#[a4]">&gt;&gt;</a>&nbsp;&nbsp;&nbsp;__aeabi_d2f
<LI><a href="#[155]">&gt;&gt;</a>&nbsp;&nbsp;&nbsp;__hardfp_log10
</UL>
<BR>[Called By]<UL><LI><a href="#[2ee]">&gt;&gt;</a>&nbsp;&nbsp;&nbsp;silk_pitch_analysis_core_FLP
</UL>

<P><STRONG><a name="[2ff]"></a>silk_short2float_array</STRONG> (Thumb, 36 bytes, Stack size 8 bytes, pitch_analysis_core_flp.o(i.silk_short2float_array))
<BR><BR>[Stack]<UL><LI>Max Depth = 8<LI>Call Chain = silk_short2float_array
</UL>
<BR>[Called By]<UL><LI><a href="#[2ee]">&gt;&gt;</a>&nbsp;&nbsp;&nbsp;silk_pitch_analysis_core_FLP
</UL>

<P><STRONG><a name="[259]"></a>silk_float2int</STRONG> (Thumb, 72 bytes, Stack size 40 bytes, wrappers_flp.o(i.silk_float2int))
<BR><BR>[Stack]<UL><LI>Max Depth = 168<LI>Call Chain = silk_float2int &rArr; __hardfp_floor &rArr; __aeabi_drsub &rArr; __aeabi_dadd &rArr; _double_epilogue &rArr; _double_round
</UL>
<BR>[Calls]<UL><LI><a href="#[a2]">&gt;&gt;</a>&nbsp;&nbsp;&nbsp;__aeabi_d2iz
<LI><a href="#[ce]">&gt;&gt;</a>&nbsp;&nbsp;&nbsp;__aeabi_f2d
<LI><a href="#[98]">&gt;&gt;</a>&nbsp;&nbsp;&nbsp;__aeabi_dadd
<LI><a href="#[cf]">&gt;&gt;</a>&nbsp;&nbsp;&nbsp;__hardfp_floor
</UL>
<BR>[Called By]<UL><LI><a href="#[28e]">&gt;&gt;</a>&nbsp;&nbsp;&nbsp;silk_NSQ_wrapper_FLP
<LI><a href="#[2ef]">&gt;&gt;</a>&nbsp;&nbsp;&nbsp;silk_quant_LTP_gains_FLP
<LI><a href="#[258]">&gt;&gt;</a>&nbsp;&nbsp;&nbsp;silk_A2NLSF_FLP
</UL>

<P><STRONG><a name="[c1]"></a>DataStageIn</STRONG> (Thumb, 176 bytes, Stack size 32 bytes, usbfsd_core.o(i.DataStageIn))
<BR><BR>[Stack]<UL><LI>Max Depth = 52<LI>Call Chain = DataStageIn &rArr; USB_CopyUserToPMABuf
</UL>
<BR>[Calls]<UL><LI><a href="#[c2]">&gt;&gt;</a>&nbsp;&nbsp;&nbsp;USB_GetEpTxAddr
<LI><a href="#[c4]">&gt;&gt;</a>&nbsp;&nbsp;&nbsp;USB_SetEpTxCnt
<LI><a href="#[c3]">&gt;&gt;</a>&nbsp;&nbsp;&nbsp;USB_CopyUserToPMABuf
</UL>
<BR>[Called By]<UL><LI><a href="#[121]">&gt;&gt;</a>&nbsp;&nbsp;&nbsp;USB_ProcessIn0
<LI><a href="#[c8]">&gt;&gt;</a>&nbsp;&nbsp;&nbsp;Data_Setup0
</UL>

<P><STRONG><a name="[c5]"></a>DataStageOut</STRONG> (Thumb, 174 bytes, Stack size 24 bytes, usbfsd_core.o(i.DataStageOut))
<BR><BR>[Stack]<UL><LI>Max Depth = 44<LI>Call Chain = DataStageOut &rArr; USB_CopyPMAToUserBuf
</UL>
<BR>[Calls]<UL><LI><a href="#[c6]">&gt;&gt;</a>&nbsp;&nbsp;&nbsp;USB_GetEpRxAddr
<LI><a href="#[c7]">&gt;&gt;</a>&nbsp;&nbsp;&nbsp;USB_CopyPMAToUserBuf
<LI><a href="#[c4]">&gt;&gt;</a>&nbsp;&nbsp;&nbsp;USB_SetEpTxCnt
</UL>
<BR>[Called By]<UL><LI><a href="#[123]">&gt;&gt;</a>&nbsp;&nbsp;&nbsp;USB_ProcessOut0
</UL>

<P><STRONG><a name="[c8]"></a>Data_Setup0</STRONG> (Thumb, 628 bytes, Stack size 40 bytes, usbfsd_core.o(i.Data_Setup0))
<BR><BR>[Stack]<UL><LI>Max Depth = 92<LI>Call Chain = Data_Setup0 &rArr; DataStageIn &rArr; USB_CopyUserToPMABuf
</UL>
<BR>[Calls]<UL><LI><a href="#[c1]">&gt;&gt;</a>&nbsp;&nbsp;&nbsp;DataStageIn
</UL>
<BR>[Called By]<UL><LI><a href="#[122]">&gt;&gt;</a>&nbsp;&nbsp;&nbsp;USB_ProcessSetup0
</UL>

<P><STRONG><a name="[e9]"></a>NoData_Setup0</STRONG> (Thumb, 294 bytes, Stack size 16 bytes, usbfsd_core.o(i.NoData_Setup0))
<BR><BR>[Stack]<UL><LI>Max Depth = 56<LI>Call Chain = NoData_Setup0 &rArr; Standard_ClearFeature &rArr; USB_SetEpRxCnt
</UL>
<BR>[Calls]<UL><LI><a href="#[ed]">&gt;&gt;</a>&nbsp;&nbsp;&nbsp;Standard_SetInterface
<LI><a href="#[ee]">&gt;&gt;</a>&nbsp;&nbsp;&nbsp;Standard_SetEndPointFeature
<LI><a href="#[eb]">&gt;&gt;</a>&nbsp;&nbsp;&nbsp;Standard_SetDeviceFeature
<LI><a href="#[ea]">&gt;&gt;</a>&nbsp;&nbsp;&nbsp;Standard_SetConfiguration
<LI><a href="#[ec]">&gt;&gt;</a>&nbsp;&nbsp;&nbsp;Standard_ClearFeature
</UL>
<BR>[Called By]<UL><LI><a href="#[122]">&gt;&gt;</a>&nbsp;&nbsp;&nbsp;USB_ProcessSetup0
</UL>

<P><STRONG><a name="[142]"></a>_printf_core</STRONG> (Thumb, 336 bytes, Stack size 88 bytes, printf1.o(i._printf_core), UNUSED)
<BR><BR>[Calls]<UL><LI><a href="#[161]">&gt;&gt;</a>&nbsp;&nbsp;&nbsp;__aeabi_uidivmod
</UL>
<BR>[Called By]<UL><LI><a href="#[143]">&gt;&gt;</a>&nbsp;&nbsp;&nbsp;__0sprintf$1
<LI><a href="#[141]">&gt;&gt;</a>&nbsp;&nbsp;&nbsp;__0printf$1
</UL>

<P><STRONG><a name="[8b]"></a>_sputc</STRONG> (Thumb, 10 bytes, Stack size 0 bytes, printf1.o(i._sputc))
<BR><BR>[Called By]<UL><LI><a href="#[143]">&gt;&gt;</a>&nbsp;&nbsp;&nbsp;__0sprintf$1
</UL>
<BR>[Address Reference Count : 1]<UL><LI> printf1.o(i.__0sprintf$1)
</UL><P>
<H3>
Undefined Global Symbols
</H3><HR></body></html>
