Component: ARM Compiler 5.06 update 6 (build 750) Tool: armlink [4d35ed]

==============================================================================

Section Cross References

    startup_n32h482.o(RESET) refers to startup_n32h482.o(STACK) for __initial_sp
    startup_n32h482.o(RESET) refers to startup_n32h482.o(.text) for Reset_Handler
    startup_n32h482.o(RESET) refers to n32h47x_48x_it.o(i.NMI_Handler) for NMI_Handler
    startup_n32h482.o(RESET) refers to n32h47x_48x_it.o(i.HardFault_Handler) for HardFault_Handler
    startup_n32h482.o(RESET) refers to n32h47x_48x_it.o(i.MemManage_Handler) for MemManage_Handler
    startup_n32h482.o(RESET) refers to n32h47x_48x_it.o(i.BusFault_Handler) for BusFault_Handler
    startup_n32h482.o(RESET) refers to n32h47x_48x_it.o(i.UsageFault_Handler) for UsageFault_Handler
    startup_n32h482.o(RESET) refers to n32h47x_48x_it.o(i.SVC_Handler) for SVC_Handler
    startup_n32h482.o(RESET) refers to n32h47x_48x_it.o(i.DebugMon_Handler) for DebugMon_Handler
    startup_n32h482.o(RESET) refers to n32h47x_48x_it.o(i.SysTick_Handler) for SysTick_Handler
    startup_n32h482.o(RESET) refers to n32h47x_48x_it.o(i.USB_FS_LP_IRQHandler) for USB_FS_LP_IRQHandler
    startup_n32h482.o(RESET) refers to n32h47x_48x_it.o(i.USB_FS_WKUP_IRQHandler) for USB_FS_WKUP_IRQHandler
    startup_n32h482.o(RESET) refers to n32h47x_48x_it.o(i.USART4_IRQHandler) for USART4_IRQHandler
    startup_n32h482.o(RESET) refers to n32h47x_48x_it.o(i.UART7_IRQHandler) for UART7_IRQHandler
    startup_n32h482.o(.text) refers to system_n32h47x_48x_1.o(i.SystemInit) for SystemInit
    startup_n32h482.o(.text) refers to entry.o(.ARM.Collect$$$$00000000) for __main
    system_n32h47x_48x_1.o(i.SystemCoreClockUpdate) refers to system_n32h47x_48x_1.o(.data) for SystemCoreClock
    system_n32h47x_48x_1.o(i.SystemInit) refers to system_n32h47x_48x_1.o(i.SetSysClock) for SetSysClock
    system_n32h47x_48x_1.o(i.SystemInit) refers to system_n32h47x_48x_1.o(i.SetStartupVolt) for SetStartupVolt
    n32h47x_48x_adc.o(i.ADC_ConfigClk) refers to n32h47x_48x_rcc.o(i.RCC_ConfigAdcPllClk) for RCC_ConfigAdcPllClk
    n32h47x_48x_adc.o(i.ADC_ConfigClk) refers to n32h47x_48x_rcc.o(i.RCC_ConfigAdcHclk) for RCC_ConfigAdcHclk
    n32h47x_48x_adc.o(i.ADC_ConfigClk) refers to n32h47x_48x_adc.o(i.ADC_SelectClockMode) for ADC_SelectClockMode
    n32h47x_48x_adc.o(i.ADC_DeInit) refers to n32h47x_48x_rcc.o(i.RCC_EnableAHBPeriphReset) for RCC_EnableAHBPeriphReset
    n32h47x_48x_comp.o(i.COMP_DeInit) refers to n32h47x_48x_rcc.o(i.RCC_EnableAPB2PeriphReset) for RCC_EnableAPB2PeriphReset
    n32h47x_48x_cordic.o(i.CORDIC_DeInit) refers to n32h47x_48x_rcc.o(i.RCC_EnableAHBPeriphReset) for RCC_EnableAHBPeriphReset
    n32h47x_48x_dac.o(i.DAC_CaliEnable) refers to n32h47x_48x_dac.o(i.DAC_BaseAddrGet) for DAC_BaseAddrGet
    n32h47x_48x_dac.o(i.DAC_ClearFlag) refers to n32h47x_48x_dac.o(i.DAC_BaseAddrGet) for DAC_BaseAddrGet
    n32h47x_48x_dac.o(i.DAC_ClearITPendingBit) refers to n32h47x_48x_dac.o(i.DAC_BaseAddrGet) for DAC_BaseAddrGet
    n32h47x_48x_dac.o(i.DAC_ConfigInt) refers to n32h47x_48x_dac.o(i.DAC_BaseAddrGet) for DAC_BaseAddrGet
    n32h47x_48x_dac.o(i.DAC_ConnetToExternalPinEnable) refers to n32h47x_48x_dac.o(i.DAC_BaseAddrGet) for DAC_BaseAddrGet
    n32h47x_48x_dac.o(i.DAC_ConnetToOnChipEnable) refers to n32h47x_48x_dac.o(i.DAC_BaseAddrGet) for DAC_BaseAddrGet
    n32h47x_48x_dac.o(i.DAC_DMADoubleDataModeEnable) refers to n32h47x_48x_dac.o(i.DAC_BaseAddrGet) for DAC_BaseAddrGet
    n32h47x_48x_dac.o(i.DAC_DeInit) refers to n32h47x_48x_rcc.o(i.RCC_EnableAPB1PeriphReset) for RCC_EnableAPB1PeriphReset
    n32h47x_48x_dac.o(i.DAC_DeInit) refers to n32h47x_48x_rcc.o(i.RCC_EnableAHBPeriphReset) for RCC_EnableAHBPeriphReset
    n32h47x_48x_dac.o(i.DAC_DmaEnable) refers to n32h47x_48x_dac.o(i.DAC_BaseAddrGet) for DAC_BaseAddrGet
    n32h47x_48x_dac.o(i.DAC_Enable) refers to n32h47x_48x_dac.o(i.DAC_BaseAddrGet) for DAC_BaseAddrGet
    n32h47x_48x_dac.o(i.DAC_GetFlagSts) refers to n32h47x_48x_dac.o(i.DAC_BaseAddrGet) for DAC_BaseAddrGet
    n32h47x_48x_dac.o(i.DAC_GetIntSts) refers to n32h47x_48x_dac.o(i.DAC_BaseAddrGet) for DAC_BaseAddrGet
    n32h47x_48x_dac.o(i.DAC_GetOutputDataVal) refers to n32h47x_48x_dac.o(i.DAC_BaseAddrGet) for DAC_BaseAddrGet
    n32h47x_48x_dac.o(i.DAC_HighDriveAbilityEnable) refers to n32h47x_48x_dac.o(i.DAC_BaseAddrGet) for DAC_BaseAddrGet
    n32h47x_48x_dac.o(i.DAC_Init) refers to n32h47x_48x_dac.o(i.DAC_BaseAddrGet) for DAC_BaseAddrGet
    n32h47x_48x_dac.o(i.DAC_SetData) refers to n32h47x_48x_dac.o(i.DAC_BaseAddrGet) for DAC_BaseAddrGet
    n32h47x_48x_dac.o(i.DAC_SetSawtoothResetValue) refers to n32h47x_48x_dac.o(i.DAC_BaseAddrGet) for DAC_BaseAddrGet
    n32h47x_48x_dac.o(i.DAC_SetSawtoothStepValue) refers to n32h47x_48x_dac.o(i.DAC_BaseAddrGet) for DAC_BaseAddrGet
    n32h47x_48x_dac.o(i.DAC_SetUserTrimming) refers to n32h47x_48x_dac.o(i.DAC_BaseAddrGet) for DAC_BaseAddrGet
[...]
    0x08002974   0x08002974   0x0000002a   Code   RO        16394    i.QueuePop          queue.o
    0x0800299e   0x0800299e   0x00000002   PAD
    0x080029a0   0x080029a0   0x00000058   Code   RO        16395    i.QueuePush         queue.o
    0x080029f8   0x080029f8   0x00000006   Code   RO        16396    i.QueueSize         queue.o
    0x080029fe   0x080029fe   0x00000002   PAD
    0x08002a00   0x08002a00   0x00000014   Code   RO         3891    i.RCC_ConfigI2S2Clk  n32h47x_48x_rcc.o
    0x08002a14   0x08002a14   0x00000014   Code   RO         3892    i.RCC_ConfigI2S3Clk  n32h47x_48x_rcc.o
    0x08002a28   0x08002a28   0x00000014   Code   RO         3900    i.RCC_ConfigPclk1   n32h47x_48x_rcc.o
    0x08002a3c   0x08002a3c   0x00000020   Code   RO         3916    i.RCC_EnableAHB1PeriphClk  n32h47x_48x_rcc.o
    0x08002a5c   0x08002a5c   0x00000020   Code   RO         3917    i.RCC_EnableAHBPeriphClk  n32h47x_48x_rcc.o
    0x08002a7c   0x08002a7c   0x00000020   Code   RO         3919    i.RCC_EnableAPB1PeriphClk  n32h47x_48x_rcc.o
    0x08002a9c   0x08002a9c   0x00000018   Code   RO         3920    i.RCC_EnableAPB1PeriphReset  n32h47x_48x_rcc.o
    0x08002ab4   0x08002ab4   0x00000020   Code   RO         3921    i.RCC_EnableAPB2PeriphClk  n32h47x_48x_rcc.o
    0x08002ad4   0x08002ad4   0x00000018   Code   RO         3922    i.RCC_EnableAPB2PeriphReset  n32h47x_48x_rcc.o
    0x08002aec   0x08002aec   0x00000218   Code   RO         3939    i.RCC_GetClocksFreqValue  n32h47x_48x_rcc.o
    0x08002d04   0x08002d04   0x000000d0   Code   RO        15687    i.Resume            usbfsd_pwr.o
    0x08002dd4   0x08002dd4   0x00000024   Code   RO        15688    i.Resume_Init       usbfsd_pwr.o
    0x08002df8   0x08002df8   0x00000030   Code   RO        15500    i.SOF_Callback      usbfsd_endp.o
    0x08002e28   0x08002e28   0x00000058   Code   RO        15221    i.SPEAKER_DMA_INIT  speaker.o
    0x08002e80   0x08002e80   0x00000044   Code   RO        15222    i.SPEAKER_GPIO_INIT  speaker.o
    0x08002ec4   0x08002ec4   0x00000050   Code   RO        15223    i.SPEAKER_I2S_INIT  speaker.o
    0x08002f14   0x08002f14   0x00000024   Code   RO        15224    i.SPEAKER_RCC_INIT  speaker.o
    0x08002f38   0x08002f38   0x00000028   Code   RO        15226    i.SPEAKER_Start     speaker.o
    0x08002f60   0x08002f60   0x00000070   Code   RO         7690    i.SPI_I2S_DeInit    n32h47x_48x_spi.o
    0x08002fd0   0x08002fd0   0x00000012   Code   RO         7691    i.SPI_I2S_EnableDma  n32h47x_48x_spi.o
    0x08002fe2   0x08002fe2   0x00000002   Code   RO         9703    i.SVC_Handler       n32h47x_48x_it.o
    0x08002fe4   0x08002fe4   0x00000038   Code   RO        15982    i.SetEPRxStatus     usbfsd_regs.o
    0x0800301c   0x0800301c   0x00000038   Code   RO        15983    i.SetEPTxStatus     usbfsd_regs.o
    0x08003054   0x08003054   0x0000009c   Code   RO           13    i.SetStartupVolt    system_n32h47x_48x_1.o
    0x080030f0   0x080030f0   0x000000d0   Code   RO           14    i.SetSysClock       system_n32h47x_48x_1.o
    0x080031c0   0x080031c0   0x00000164   Code   RO        15744    i.Standard_ClearFeature  usbfsd_core.o
    0x08003324   0x08003324   0x0000002c   Code   RO        15745    i.Standard_GetConfiguration  usbfsd_core.o
    0x08003350   0x08003350   0x00000024   Code   RO        15746    i.Standard_GetDescriptorData  usbfsd_core.o
    0x08003374   0x08003374   0x0000002c   Code   RO        15747    i.Standard_GetInterface  usbfsd_core.o
    0x080033a0   0x080033a0   0x000000fc   Code   RO        15748    i.Standard_GetStatus  usbfsd_core.o
    0x0800349c   0x0800349c   0x00000048   Code   RO        15749    i.Standard_SetConfiguration  usbfsd_core.o
    0x080034e4   0x080034e4   0x00000028   Code   RO        15750    i.Standard_SetDeviceFeature  usbfsd_core.o
    0x0800350c   0x0800350c   0x000000c4   Code   RO        15751    i.Standard_SetEndPointFeature  usbfsd_core.o
    0x080035d0   0x080035d0   0x0000006c   Code   RO        15752    i.Standard_SetInterface  usbfsd_core.o
    0x0800363c   0x0800363c   0x00000094   Code   RO        15689    i.Suspend           usbfsd_pwr.o
    0x080036d0   0x080036d0   0x00000002   Code   RO         9704    i.SysTick_Handler   n32h47x_48x_it.o
    0x080036d2   0x080036d2   0x00000002   PAD
    0x080036d4   0x080036d4   0x00000098   Code   RO           16    i.SystemInit        system_n32h47x_48x_1.o
    0x0800376c   0x0800376c   0x00000016   Code   RO         7976    i.TIM_ConfigArPreload  n32h47x_48x_tim.o
    0x08003782   0x08003782   0x00000010   Code   RO         8001    i.TIM_ConfigOc2Preload  n32h47x_48x_tim.o
    0x08003792   0x08003792   0x00000016   Code   RO         8024    i.TIM_Enable        n32h47x_48x_tim.o
    0x080037a8   0x080037a8   0x00000012   Code   RO         8029    i.TIM_EnableDma     n32h47x_48x_tim.o
    0x080037ba   0x080037ba   0x00000002   PAD
    0x080037bc   0x080037bc   0x000000e0   Code   RO         8064    i.TIM_InitOc2       n32h47x_48x_tim.o
    0x0800389c   0x0800389c   0x00000014   Code   RO         8069    i.TIM_InitOcStruct  n32h47x_48x_tim.o
    0x080038b0   0x080038b0   0x0000001e   Code   RO         8070    i.TIM_InitTimBaseStruct  n32h47x_48x_tim.o
    0x080038ce   0x080038ce   0x00000002   PAD
    0x080038d0   0x080038d0   0x0000037c   Code   RO         8071    i.TIM_InitTimeBase  n32h47x_48x_tim.o
    0x08003c4c   0x08003c4c   0x00000060   Code   RO        15285    i.UART7_DMA_Configuration  websocket.o
    0x08003cac   0x08003cac   0x00000048   Code   RO        15286    i.UART7_GPIO_INIT   websocket.o
    0x08003cf4   0x08003cf4   0x00000050   Code   RO        15287    i.UART7_INIT        websocket.o
    0x08003d44   0x08003d44   0x000003dc   Code   RO         9705    i.UART7_IRQHandler  n32h47x_48x_it.o
    0x08004120   0x08004120   0x00000026   Code   RO        15288    i.UART7_NVIC_Configuration  websocket.o
    0x08004146   0x08004146   0x00000024   Code   RO        15289    i.UART7_RCC_INIT    websocket.o
    0x0800416a   0x0800416a   0x00000002   PAD
    0x0800416c   0x0800416c   0x00000038   Code   RO        15290    i.UART7_SendATCommand  websocket.o
    0x080041a4   0x080041a4   0x0000002c   Code   RO         9706    i.USART4_IRQHandler  n32h47x_48x_it.o
    0x080041d0   0x080041d0   0x00000030   Code   RO        15291    i.USART7_SendBuffer  websocket.o
    0x08004200   0x08004200   0x00000098   Code   RO        15360    i.USART_COM_Init    hw_config.o
    0x08004298   0x08004298   0x000000c0   Code   RO        15361    i.USART_Config      hw_config.o
    0x08004358   0x08004358   0x0000003a   Code   RO         8901    i.USART_ConfigInt   n32h47x_48x_usart.o
    0x08004392   0x08004392   0x00000002   PAD
    0x08004394   0x08004394   0x00000028   Code   RO        15362    i.USART_Config_Default  hw_config.o
    0x080043bc   0x080043bc   0x00000016   Code   RO         8908    i.USART_Enable      n32h47x_48x_usart.o
    0x080043d2   0x080043d2   0x00000012   Code   RO         8909    i.USART_EnableDMA   n32h47x_48x_usart.o
    0x080043e4   0x080043e4   0x00000010   Code   RO         8917    i.USART_GetFlagStatus  n32h47x_48x_usart.o
    0x080043f4   0x080043f4   0x0000003a   Code   RO         8918    i.USART_GetIntStatus  n32h47x_48x_usart.o
    0x0800442e   0x0800442e   0x00000002   PAD
    0x08004430   0x08004430   0x000000f8   Code   RO         8923    i.USART_Init        n32h47x_48x_usart.o
    0x08004528   0x08004528   0x0000000a   Code   RO         8928    i.USART_ReceiveData  n32h47x_48x_usart.o
    0x08004532   0x08004532   0x00000008   Code   RO         8930    i.USART_SendData    n32h47x_48x_usart.o
    0x0800453a   0x0800453a   0x0000001a   Code   RO         8935    i.USART_StructInit  n32h47x_48x_usart.o
    0x08004554   0x08004554   0x00000060   Code   RO        15363    i.USART_To_USB_Send_Data  hw_config.o
    0x080045b4   0x080045b4   0x0000000c   Code   RO        15984    i.USB_ByteSwap      usbfsd_regs.o
    0x080045c0   0x080045c0   0x00000030   Code   RO        15985    i.USB_ClrDattogRx   usbfsd_regs.o
    0x080045f0   0x080045f0   0x00000030   Code   RO        15986    i.USB_ClrDattogTx   usbfsd_regs.o
    0x08004620   0x08004620   0x00000020   Code   RO        15991    i.USB_ClrStsOut     usbfsd_regs.o
    0x08004640   0x08004640   0x00000030   Code   RO        15948    i.USB_CopyPMAToUserBuf  usbfsd_mem.o
    0x08004670   0x08004670   0x00000044   Code   RO        15949    i.USB_CopyUserToPMABuf  usbfsd_mem.o
    0x080046b4   0x080046b4   0x0000026c   Code   RO        15907    i.USB_CorrectTransferLp  usbfsd_int.o
    0x08004920   0x08004920   0x00000008   Code   RO         9707    i.USB_FS_LP_IRQHandler  n32h47x_48x_it.o
    0x08004928   0x08004928   0x0000000c   Code   RO         9708    i.USB_FS_WKUP_IRQHandler  n32h47x_48x_it.o
    0x08004934   0x08004934   0x00000020   Code   RO        16004    i.USB_GetEpRxAddr   usbfsd_regs.o
    0x08004954   0x08004954   0x00000024   Code   RO        16005    i.USB_GetEpRxCnt    usbfsd_regs.o
    0x08004978   0x08004978   0x00000020   Code   RO        16007    i.USB_GetEpTxAddr   usbfsd_regs.o
    0x08004998   0x08004998   0x000001d4   Code   RO        15542    i.USB_Istr          usbfsd_istr.o
    0x08004b6c   0x08004b6c   0x00000070   Code   RO        15753    i.USB_ProcessIn0    usbfsd_core.o
    0x08004bdc   0x08004bdc   0x00000002   Code   RO        15754    i.USB_ProcessNop    usbfsd_core.o
    0x08004bde   0x08004bde   0x00000002   PAD
    0x08004be0   0x08004be0   0x00000050   Code   RO        15755    i.USB_ProcessOut0   usbfsd_core.o
    0x08004c30   0x08004c30   0x00000048   Code   RO        15756    i.USB_ProcessPost0  usbfsd_core.o
    0x08004c78   0x08004c78   0x000000bc   Code   RO        15757    i.USB_ProcessSetup0  usbfsd_core.o
    0x08004d34   0x08004d34   0x00000010   Code   RO        16016    i.USB_SetBuftab     usbfsd_regs.o
    0x08004d44   0x08004d44   0x0000004c   Code   RO        15758    i.USB_SetDeviceAddress  usbfsd_core.o
    0x08004d90   0x08004d90   0x00000020   Code   RO        16030    i.USB_SetEpRxAddr   usbfsd_regs.o
    0x08004db0   0x08004db0   0x0000004c   Code   RO        16031    i.USB_SetEpRxCnt    usbfsd_regs.o
    0x08004dfc   0x08004dfc   0x0000002a   Code   RO        16032    i.USB_SetEpRxValid  usbfsd_regs.o
    0x08004e26   0x08004e26   0x00000002   PAD
    0x08004e28   0x08004e28   0x00000020   Code   RO        16033    i.USB_SetEpTxAddr   usbfsd_regs.o
    0x08004e48   0x08004e48   0x0000001c   Code   RO        16034    i.USB_SetEpTxCnt    usbfsd_regs.o
    0x08004e64   0x08004e64   0x0000002a   Code   RO        16035    i.USB_SetEpTxValid  usbfsd_regs.o
    0x08004e8e   0x08004e8e   0x0000001e   Code   RO        16036    i.USB_SetEpType     usbfsd_regs.o
    0x08004eac   0x08004eac   0x00000024   Code   RO        16353    i.USB_SilInit       usbfsd_sil.o
    0x08004ed0   0x08004ed0   0x0000002e   Code   RO        16354    i.USB_SilRead       usbfsd_sil.o
    0x08004efe   0x08004efe   0x00000002   PAD
    0x08004f00   0x08004f00   0x0000002c   Code   RO        15367    i.USB_To_USART_Send_Data  hw_config.o
    0x08004f2c   0x08004f2c   0x00000004   Code   RO         9709    i.UsageFault_Handler  n32h47x_48x_it.o
    0x08004f30   0x08004f30   0x00000064   Code   RO        15572    i.Virtual_Com_Port_Data_Setup  usbfsd_prop.o
    0x08004f94   0x08004f94   0x00000014   Code   RO        15573    i.Virtual_Com_Port_GetConfigDescriptor  usbfsd_prop.o
    0x08004fa8   0x08004fa8   0x00000014   Code   RO        15574    i.Virtual_Com_Port_GetDeviceDescriptor  usbfsd_prop.o
    0x08004fbc   0x08004fbc   0x0000001c   Code   RO        15575    i.Virtual_Com_Port_GetLineCoding  usbfsd_prop.o
    0x08004fd8   0x08004fd8   0x00000028   Code   RO        15576    i.Virtual_Com_Port_GetStringDescriptor  usbfsd_prop.o
    0x08005000   0x08005000   0x00000016   Code   RO        15577    i.Virtual_Com_Port_Get_Interface_Setting  usbfsd_prop.o
    0x08005016   0x08005016   0x00000002   PAD
    0x08005018   0x08005018   0x00000028   Code   RO        15578    i.Virtual_Com_Port_NoData_Setup  usbfsd_prop.o
    0x08005040   0x08005040   0x000000ec   Code   RO        15579    i.Virtual_Com_Port_Reset  usbfsd_prop.o
    0x0800512c   0x0800512c   0x00000018   Code   RO        15580    i.Virtual_Com_Port_SetConfiguration  usbfsd_prop.o
    0x08005144   0x08005144   0x0000000c   Code   RO        15581    i.Virtual_Com_Port_SetDeviceAddress  usbfsd_prop.o
    0x08005150   0x08005150   0x0000001c   Code   RO        15582    i.Virtual_Com_Port_SetLineCoding  usbfsd_prop.o
    0x0800516c   0x0800516c   0x0000001c   Code   RO        15583    i.Virtual_Com_Port_Status_In  usbfsd_prop.o
    0x08005188   0x08005188   0x00000002   Code   RO        15584    i.Virtual_Com_Port_Status_Out  usbfsd_prop.o
    0x0800518a   0x0800518a   0x00000002   PAD
    0x0800518c   0x0800518c   0x00000034   Code   RO        15585    i.Virtual_Com_Port_init  usbfsd_prop.o
    0x080051c0   0x080051c0   0x0000006c   Code   RO         9873    i.WS2812_DMA_INIT   ws2812.o
    0x0800522c   0x0800522c   0x0000002c   Code   RO         9874    i.WS2812_GPIO_INIT  ws2812.o
    0x08005258   0x08005258   0x00000054   Code   RO         9875    i.WS2812_PWM        ws2812.o
    0x080052ac   0x080052ac   0x0000002c   Code   RO         9876    i.WS2812_RCC_INIT   ws2812.o
    0x080052d8   0x080052d8   0x00000068   Code   RO         9877    i.WS2812_Send       ws2812.o
    0x08005340   0x08005340   0x000000bc   Code   RO         9878    i.WS2812_SetColor   ws2812.o
    0x080053fc   0x080053fc   0x00000028   Code   RO         9539    i.WsSend_WaitTimeOut  main.o
    0x08005424   0x08005424   0x00000020   Code   RO        16623    i.__0printf$1       mc_w.l(printf1.o)
    0x08005444   0x08005444   0x00000028   Code   RO        16625    i.__0sprintf$1      mc_w.l(printf1.o)
    0x0800546c   0x0800546c   0x00000030   Code   RO        16912    i.__ARM_fpclassify  m_wm.l(fpclassify.o)
    0x0800549c   0x0800549c   0x00000008   Code   RO        16954    i.__aeabi_errno_addr  mc_w.l(errno.o)
    0x080054a4   0x080054a4   0x00000004   PAD
    0x080054a8   0x080054a8   0x000000c8   Code   RO        16459    i.__hardfp_cos      m_wm.l(cos.o)
    0x08005570   0x08005570   0x00000358   Code   RO        16471    i.__hardfp_exp      m_wm.l(exp.o)
    0x080058c8   0x080058c8   0x00000014   Code   RO        16485    i.__hardfp_fabs     m_wm.l(fabs.o)
    0x080058dc   0x080058dc   0x00000004   PAD
    0x080058e0   0x080058e0   0x00000118   Code   RO        16491    i.__hardfp_floor    m_wm.l(floor.o)
    0x080059f8   0x080059f8   0x000003c4   Code   RO        16497    i.__hardfp_log      m_wm.l(log.o)
    0x08005dbc   0x08005dbc   0x00000004   PAD
    0x08005dc0   0x08005dc0   0x00000130   Code   RO        16511    i.__hardfp_log10    m_wm.l(log10.o)
    0x08005ef0   0x08005ef0   0x00000c50   Code   RO        16523    i.__hardfp_pow      m_wm.l(pow.o)
    0x08006b40   0x08006b40   0x0000007a   Code   RO        16537    i.__hardfp_sqrt     m_wm.l(sqrt.o)
    0x08006bba   0x08006bba   0x00000006   PAD
    0x08006bc0   0x08006bc0   0x00000438   Code   RO        16917    i.__ieee754_rem_pio2  m_wm.l(rred.o)
    0x08006ff8   0x08006ff8   0x00000170   Code   RO        16895    i.__kernel_cos      m_wm.l(cos_i.o)
    0x08007168   0x08007168   0x000000f8   Code   RO        16914    i.__kernel_poly     m_wm.l(poly.o)
    0x08007260   0x08007260   0x00000130   Code   RO        16922    i.__kernel_sin      m_wm.l(sin_i.o)
    0x08007390   0x08007390   0x00000030   Code   RO        16898    i.__mathlib_dbl_divzero  m_wm.l(dunder.o)
    0x080073c0   0x080073c0   0x00000014   Code   RO        16899    i.__mathlib_dbl_infnan  m_wm.l(dunder.o)
    0x080073d4   0x080073d4   0x00000014   Code   RO        16900    i.__mathlib_dbl_infnan2  m_wm.l(dunder.o)
    0x080073e8   0x080073e8   0x00000020   Code   RO        16901    i.__mathlib_dbl_invalid  m_wm.l(dunder.o)
    0x08007408   0x08007408   0x00000020   Code   RO        16902    i.__mathlib_dbl_overflow  m_wm.l(dunder.o)
    0x08007428   0x08007428   0x00000020   Code   RO        16904    i.__mathlib_dbl_underflow  m_wm.l(dunder.o)
    0x08007448   0x08007448   0x0000000e   Code   RO        17010    i.__scatterload_copy  mc_w.l(handlers.o)
    0x08007456   0x08007456   0x00000002   Code   RO        17011    i.__scatterload_null  mc_w.l(handlers.o)
    0x08007458   0x08007458   0x0000000e   Code   RO        17012    i.__scatterload_zeroinit  mc_w.l(handlers.o)
    0x08007466   0x08007466   0x00000002   PAD
    0x08007468   0x08007468   0x0000000c   Code   RO        16956    i.__set_errno       mc_w.l(errno.o)
    0x08007474   0x08007474   0x0000013c   Code   RO        11954    i._celt_autocorr    celt_lpc.o
    0x080075b0   0x080075b0   0x0000011c   Code   RO        11955    i._celt_lpc         celt_lpc.o
    0x080076cc   0x080076cc   0x00000154   Code   RO        16630    i._printf_core      mc_w.l(printf1.o)
    0x08007820   0x08007820   0x0000000a   Code   RO        16632    i._sputc            mc_w.l(printf1.o)
    0x0800782a   0x0800782a   0x000000b2   Code   RO        12534    i.alg_quant         vq.o
    0x080078dc   0x080078dc   0x00000084   Code   RO        12535    i.alg_unquant       vq.o
    0x08007960   0x08007960   0x00000010   Code   RO        10343    i.align             opus_decoder.o
    0x08007970   0x08007970   0x00000010   Code   RO        10624    i.align             opus_encoder.o
    0x08007980   0x08007980   0x000005e8   Code   RO        11814    i.alloc_trim_analysis  celt_encoder.o
    0x08007f68   0x08007f68   0x000000c4   Code   RO        12437    i.amp2Log2          quant_bands.o
    0x0800802c   0x0800802c   0x000000b4   Code   RO        10251    i.analysis_compute_dense  mlp.o
    0x080080e0   0x080080e0   0x000001fc   Code   RO        10252    i.analysis_compute_gru  mlp.o
    0x080082dc   0x080082dc   0x000002dc   Code   RO        11419    i.anti_collapse     bands.o
    0x080085b8   0x080085b8   0x0000004c   Code   RO        11420    i.bitexact_cos      bands.o
    0x08008604   0x08008604   0x00000062   Code   RO        11421    i.bitexact_log2tan  bands.o
    0x08008666   0x08008666   0x00000070   Code   RO        11422    i.bits2pulses       bands.o
    0x080086d6   0x080086d6   0x00000002   PAD
    0x080086d8   0x080086d8   0x0000084e   Code   RO        11713    i.celt_decode_lost  celt_decoder.o
    0x08008f26   0x08008f26   0x00000028   Code   RO        11714    i.celt_decode_with_ec  celt_decoder.o
    0x08008f4e   0x08008f4e   0x00000002   PAD
    0x08008f50   0x08008f50   0x0000121c   Code   RO        11715    i.celt_decode_with_ec_dred  celt_decoder.o
    0x0800a16c   0x0800a16c   0x0000001e   Code   RO        11716    i.celt_decoder_get_size  celt_decoder.o
    0x0800a18a   0x0800a18a   0x00000044   Code   RO        11717    i.celt_decoder_init  celt_decoder.o
    0x0800a1ce   0x0800a1ce   0x00000002   PAD
    0x0800a1d0   0x0800a1d0   0x000029a0   Code   RO        11815    i.celt_encode_with_ec  celt_encoder.o
    0x0800cb70   0x0800cb70   0x0000001e   Code   RO        11816    i.celt_encoder_get_size  celt_encoder.o
    0x0800cb8e   0x0800cb8e   0x0000003e   Code   RO        11817    i.celt_encoder_init  celt_encoder.o
    0x0800cbcc   0x0800cbcc   0x000000d0   Code   RO        12363    i.celt_fir5         pitch.o
    0x0800cc9c   0x0800cc9c   0x00000124   Code   RO        11956    i.celt_fir_c        celt_lpc.o
    0x0800cdc0   0x0800cdc0   0x000002a8   Code   RO        11957    i.celt_iir          celt_lpc.o
    0x0800d068   0x0800d068   0x00000038   Code   RO        10625    i.celt_inner_prod_c  opus_encoder.o
    0x0800d0a0   0x0800d0a0   0x00000038   Code   RO        11423    i.celt_inner_prod_c  bands.o
    0x0800d0d8   0x0800d0d8   0x00000038   Code   RO        11818    i.celt_inner_prod_c  celt_encoder.o
    0x0800d110   0x0800d110   0x00000038   Code   RO        12364    i.celt_inner_prod_c  pitch.o
    0x0800d148   0x0800d148   0x00000038   Code   RO        12536    i.celt_inner_prod_c  vq.o
    0x0800d180   0x0800d180   0x00000014   Code   RO        11424    i.celt_lcg_rand     bands.o
    0x0800d194   0x0800d194   0x00000084   Code   RO        10626    i.celt_maxabs16     opus_encoder.o
    0x0800d218   0x0800d218   0x00000084   Code   RO        11819    i.celt_maxabs16     celt_encoder.o
    0x0800d29c   0x0800d29c   0x0000009c   Code   RO        12365    i.celt_pitch_xcorr_c  pitch.o
    0x0800d338   0x0800d338   0x00000056   Code   RO        11718    i.celt_plc_pitch_search  celt_decoder.o
    0x0800d38e   0x0800d38e   0x00000002   PAD
    0x0800d390   0x0800d390   0x00000184   Code   RO        11820    i.celt_preemphasis  celt_encoder.o
    0x0800d514   0x0800d514   0x00000008   Code   RO        11425    i.celt_sudiv        bands.o
    0x0800d51c   0x0800d51c   0x0000034a   Code   RO        11719    i.celt_synthesis    celt_decoder.o
    0x0800d866   0x0800d866   0x00000008   Code   RO        11426    i.celt_udiv         bands.o
    0x0800d86e   0x0800d86e   0x00000008   Code   RO        12366    i.celt_udiv         pitch.o
    0x0800d876   0x0800d876   0x00000008   Code   RO        12510    i.celt_udiv         rate.o
    0x0800d87e   0x0800d87e   0x00000008   Code   RO        12537    i.celt_udiv         vq.o
    0x0800d886   0x0800d886   0x0000015a   Code   RO        12962    i.check_control_input  check_control_input.o
    0x0800d9e0   0x0800d9e0   0x000003e0   Code   RO        12511    i.clt_compute_allocation  rate.o
    0x0800ddc0   0x0800ddc0   0x0000023c   Code   RO        12328    i.clt_mdct_backward_c  mdct.o
    0x0800dffc   0x0800dffc   0x000002e4   Code   RO        12329    i.clt_mdct_forward_c  mdct.o
    0x0800e2e0   0x0800e2e0   0x00000258   Code   RO        11646    i.comb_filter       celt.o
    0x0800e538   0x0800e538   0x000000a2   Code   RO        11647    i.comb_filter_const_c  celt.o
    0x0800e5da   0x0800e5da   0x00000032   Code   RO        13187    i.combine_and_check  encode_pulses.o
    0x0800e60c   0x0800e60c   0x00000024   Code   RO        13953    i.combine_pulses    shell_coder.o
    0x0800e630   0x0800e630   0x000000b8   Code   RO        11427    i.compute_band_energies  bands.o
    0x0800e6e8   0x0800e6e8   0x00000042   Code   RO        11428    i.compute_channel_weights  bands.o
    0x0800e72a   0x0800e72a   0x000000b2   Code   RO        10627    i.compute_equiv_rate  opus_encoder.o
    0x0800e7dc   0x0800e7dc   0x0000002e   Code   RO        10628    i.compute_frame_energy  opus_encoder.o
    0x0800e80a   0x0800e80a   0x0000014c   Code   RO        11821    i.compute_mdcts     celt_encoder.o
    0x0800e956   0x0800e956   0x00000056   Code   RO        12367    i.compute_pitch_gain  pitch.o
    0x0800e9ac   0x0800e9ac   0x00000080   Code   RO        11429    i.compute_qn        bands.o
    0x0800ea2c   0x0800ea2c   0x00000086   Code   RO        10629    i.compute_redundancy_bytes  opus_encoder.o
    0x0800eab2   0x0800eab2   0x00000002   PAD
    0x0800eab4   0x0800eab4   0x00000100   Code   RO        10630    i.compute_silk_rate_for_hybrid  opus_encoder.o
    0x0800ebb4   0x0800ebb4   0x000004a6   Code   RO        10631    i.compute_stereo_width  opus_encoder.o
    0x0800f05a   0x0800f05a   0x00000002   PAD
    0x0800f05c   0x0800f05c   0x000004d8   Code   RO        11430    i.compute_theta     bands.o
    0x0800f534   0x0800f534   0x00000380   Code   RO        11822    i.compute_vbr       celt_encoder.o
    0x0800f8b4   0x0800f8b4   0x000001a0   Code   RO        12010    i.cwrsi             cwrs.o
    0x0800fa54   0x0800fa54   0x0000010c   Code   RO        10632    i.dc_reject         opus_encoder.o
    0x0800fb60   0x0800fb60   0x0000002e   Code   RO        10633    i.decide_dtx_mode   opus_encoder.o
    0x0800fb8e   0x0800fb8e   0x00000002   PAD
    0x0800fb90   0x0800fb90   0x000000b4   Code   RO        10634    i.decide_fec        opus_encoder.o
    0x0800fc44   0x0800fc44   0x0000006c   Code   RO        12011    i.decode_pulses     cwrs.o
    0x0800fcb0   0x0800fcb0   0x00000040   Code   RO        13954    i.decode_split      shell_coder.o
    0x0800fcf0   0x0800fcf0   0x0000015c   Code   RO        11720    i.deemphasis        celt_decoder.o
    0x0800fe4c   0x0800fe4c   0x00000098   Code   RO        11721    i.deemphasis_stereo_simple  celt_decoder.o
    0x0800fee4   0x0800fee4   0x000000b0   Code   RO        11431    i.deinterleave_hadamard  bands.o
    0x0800ff94   0x0800ff94   0x0000015c   Code   RO        11432    i.denormalise_bands  bands.o
    0x080100f0   0x080100f0   0x00000188   Code   RO         9996    i.downmix_and_resample  analysis.o
    0x08010278   0x08010278   0x000000ae   Code   RO        10636    i.downmix_int       opus_encoder.o
    0x08010326   0x08010326   0x00000002   PAD
    0x08010328   0x08010328   0x00000068   Code   RO        12368    i.dual_inner_prod_c  pitch.o
    0x08010390   0x08010390   0x00000c4c   Code   RO        11823    i.dynalloc_analysis  celt_encoder.o
    0x08010fdc   0x08010fdc   0x00000040   Code   RO        12057    i.ec_dec_bit_logp   entdec.o
    0x0801101c   0x0801101c   0x00000040   Code   RO        12058    i.ec_dec_bits       entdec.o
    0x0801105c   0x0801105c   0x00000044   Code   RO        12059    i.ec_dec_icdf       entdec.o
    0x080110a0   0x080110a0   0x00000040   Code   RO        12061    i.ec_dec_init       entdec.o
    0x080110e0   0x080110e0   0x00000040   Code   RO        12062    i.ec_dec_normalize  entdec.o
    0x08011120   0x08011120   0x00000074   Code   RO        12063    i.ec_dec_uint       entdec.o
    0x08011194   0x08011194   0x00000038   Code   RO        12064    i.ec_dec_update     entdec.o
    0x080111cc   0x080111cc   0x00000030   Code   RO        12065    i.ec_decode         entdec.o
    0x080111fc   0x080111fc   0x0000003a   Code   RO        12066    i.ec_decode_bin     entdec.o
    0x08011236   0x08011236   0x00000034   Code   RO        12139    i.ec_enc_bit_logp   entenc.o
    0x0801126a   0x0801126a   0x00000042   Code   RO        12140    i.ec_enc_bits       entenc.o
    0x080112ac   0x080112ac   0x00000058   Code   RO        12141    i.ec_enc_carry_out  entenc.o
    0x08011304   0x08011304   0x000000fa   Code   RO        12142    i.ec_enc_done       entenc.o
    0x080113fe   0x080113fe   0x00000048   Code   RO        12143    i.ec_enc_icdf       entenc.o
    0x08011446   0x08011446   0x00000028   Code   RO        12145    i.ec_enc_init       entenc.o
    0x0801146e   0x0801146e   0x00000032   Code   RO        12146    i.ec_enc_normalize  entenc.o
    0x080114a0   0x080114a0   0x00000062   Code   RO        12147    i.ec_enc_patch_initial_bits  entenc.o
    0x08011502   0x08011502   0x0000003e   Code   RO        12148    i.ec_enc_shrink     entenc.o
    0x08011540   0x08011540   0x00000056   Code   RO        12149    i.ec_enc_uint       entenc.o
    0x08011596   0x08011596   0x00000042   Code   RO        12150    i.ec_encode         entenc.o
    0x080115d8   0x080115d8   0x00000048   Code   RO        12151    i.ec_encode_bin     entenc.o
    0x08011620   0x08011620   0x0000008a   Code   RO        12278    i.ec_laplace_decode  laplace.o
    0x080116aa   0x080116aa   0x000000a8   Code   RO        12280    i.ec_laplace_encode  laplace.o
    0x08011752   0x08011752   0x00000012   Code   RO        12282    i.ec_laplace_get_freq1  laplace.o
    0x08011764   0x08011764   0x0000001a   Code   RO        12067    i.ec_read_byte      entdec.o
    0x0801177e   0x0801177e   0x0000001e   Code   RO        12068    i.ec_read_byte_from_end  entdec.o
    0x0801179c   0x0801179c   0x00000012   Code   RO        10344    i.ec_tell           opus_decoder.o
    0x080117ae   0x080117ae   0x00000012   Code   RO        10637    i.ec_tell           opus_encoder.o
    0x080117c0   0x080117c0   0x00000012   Code   RO        11722    i.ec_tell           celt_decoder.o
    0x080117d2   0x080117d2   0x00000012   Code   RO        11824    i.ec_tell           celt_encoder.o
    0x080117e4   0x080117e4   0x00000012   Code   RO        12438    i.ec_tell           quant_bands.o
    0x080117f6   0x080117f6   0x00000012   Code   RO        12703    i.ec_tell           enc_api.o
    0x08011808   0x08011808   0x00000012   Code   RO        14433    i.ec_tell           encode_frame_flp.o
    0x0801181a   0x0801181a   0x00000002   PAD
    0x0801181c   0x0801181c   0x00000040   Code   RO        12040    i.ec_tell_frac      entcode.o
    0x0801185c   0x0801185c   0x00000024   Code   RO        12152    i.ec_write_byte     entenc.o
    0x08011880   0x08011880   0x00000028   Code   RO        12153    i.ec_write_byte_at_end  entenc.o
    0x080118a8   0x080118a8   0x00000068   Code   RO        12012    i.encode_pulses     cwrs.o
    0x08011910   0x08011910   0x00000022   Code   RO        10296    i.encode_size       opus.o
    0x08011932   0x08011932   0x00000002   PAD
    0x08011934   0x08011934   0x00000028   Code   RO        13955    i.encode_split      shell_coder.o
    0x0801195c   0x0801195c   0x0000017c   Code   RO        12538    i.exp_rotation      vq.o
    0x08011ad8   0x08011ad8   0x0000009a   Code   RO        12539    i.exp_rotation1     vq.o
    0x08011b72   0x08011b72   0x00000054   Code   RO        12540    i.extract_collapse_mask  vq.o
    0x08011bc6   0x08011bc6   0x00000018   Code   RO        16487    i.fabs              m_wm.l(fabs.o)
    0x08011bde   0x08011bde   0x00000002   PAD
    0x08011be0   0x08011be0   0x0000011c   Code   RO         9997    i.fast_atan2f       analysis.o
    0x08011cfc   0x08011cfc   0x0000011c   Code   RO        12541    i.fast_atan2f       vq.o
    0x08011e18   0x08011e18   0x0000014c   Code   RO        12369    i.find_best_pitch   pitch.o
    0x08011f64   0x08011f64   0x00000068   Code   RO         9837    i.fputc             log.o
    0x08011fcc   0x08011fcc   0x00000018   Code   RO        16942    i.fputs             mc_w.l(fputs.o)
    0x08011fe4   0x08011fe4   0x000000d4   Code   RO        10638    i.frame_size_select  opus_encoder.o
    0x080120b8   0x080120b8   0x00000050   Code   RO        16839    i.free              mc_w.l(malloc.o)
    0x08012108   0x08012108   0x0000010a   Code   RO        10639    i.gain_fade         opus_encoder.o
    0x08012212   0x08012212   0x0000004c   Code   RO        10253    i.gemm_accum        mlp.o
    0x0801225e   0x0801225e   0x0000006c   Code   RO        10640    i.gen_toc           opus_encoder.o
    0x080122ca   0x080122ca   0x00000002   PAD
    0x080122cc   0x080122cc   0x00000080   Code   RO        11433    i.haar1             bands.o
    0x0801234c   0x0801234c   0x00000106   Code   RO        10641    i.hp_cutoff         opus_encoder.o
    0x08012452   0x08012452   0x00000072   Code   RO        11434    i.hysteresis_decision  bands.o
    0x080124c4   0x080124c4   0x00000090   Code   RO        12013    i.icwrs             cwrs.o
    0x08012554   0x08012554   0x00000042   Code   RO        11648    i.init_caps         celt.o
    0x08012596   0x08012596   0x00000002   PAD
    0x08012598   0x08012598   0x000000c8   Code   RO        11435    i.intensity_stereo  bands.o
    0x08012660   0x08012660   0x000000b0   Code   RO        11436    i.interleave_hadamard  bands.o
    0x08012710   0x08012710   0x00000614   Code   RO        12512    i.interp_bits2pulses  rate.o
    0x08012d24   0x08012d24   0x00000060   Code   RO        10642    i.is_digital_silence  opus_encoder.o
    0x08012d84   0x08012d84   0x00000032   Code   RO        12316    i.isqrt32           mathops.o
    0x08012db6   0x08012db6   0x00000002   PAD
    0x08012db8   0x08012db8   0x000001b4   Code   RO        12231    i.kf_bfly2          kiss_fft.o
    0x08012f6c   0x08012f6c   0x0000021e   Code   RO        12232    i.kf_bfly3          kiss_fft.o
    0x0801318a   0x0801318a   0x000003a6   Code   RO        12233    i.kf_bfly4          kiss_fft.o
    0x08013530   0x08013530   0x00000498   Code   RO        12234    i.kf_bfly5          kiss_fft.o
    0x080139c8   0x080139c8   0x0000008c   Code   RO        11825    i.l1_metric         celt_encoder.o
    0x08013a54   0x08013a54   0x000000dc   Code   RO        14819    i.limit_coefs       noise_shape_analysis_flp.o
    0x08013b30   0x08013b30   0x00000010   Code   RO        16499    i.log               m_wm.l(log.o)
    0x08013b40   0x08013b40   0x0000007c   Code   RO         9838    i.log_init          log.o
    0x08013bbc   0x08013bbc   0x00000078   Code   RO        12439    i.loss_distortion   quant_bands.o
    0x08013c34   0x08013c34   0x00000140   Code   RO         9540    i.main              main.o
    0x08013d74   0x08013d74   0x0000006c   Code   RO        16840    i.malloc            mc_w.l(malloc.o)
    0x08013de0   0x08013de0   0x0000004e   Code   RO        11826    i.median_of_3       celt_encoder.o
    0x08013e2e   0x08013e2e   0x000000f0   Code   RO        11827    i.median_of_5       celt_encoder.o
    0x08013f1e   0x08013f1e   0x00000002   PAD
    0x08013f20   0x08013f20   0x00000094   Code   RO        11437    i.normalise_bands   bands.o
    0x08013fb4   0x08013fb4   0x00000080   Code   RO        12542    i.normalise_residual  vq.o
    0x08014034   0x08014034   0x00000368   Code   RO        12543    i.op_pvq_search_c   vq.o
    0x0801439c   0x0801439c   0x0000000c   Code   RO        10345    i.opus_alloc        opus_decoder.o
    0x080143a8   0x080143a8   0x000001ea   Code   RO        11723    i.opus_custom_decoder_ctl  celt_decoder.o
    0x08014592   0x08014592   0x00000024   Code   RO        11724    i.opus_custom_decoder_get_size  celt_decoder.o
    0x080145b6   0x080145b6   0x0000006e   Code   RO        11725    i.opus_custom_decoder_init  celt_decoder.o
    0x08014624   0x08014624   0x000002f4   Code   RO        11828    i.opus_custom_encoder_ctl  celt_encoder.o
    0x08014918   0x08014918   0x00000020   Code   RO        11829    i.opus_custom_encoder_get_size  celt_encoder.o
    0x08014938   0x08014938   0x00000076   Code   RO        11830    i.opus_custom_encoder_init_arch  celt_encoder.o
    0x080149ae   0x080149ae   0x00000002   PAD
    0x080149b0   0x080149b0   0x00000060   Code   RO        12346    i.opus_custom_mode_create  modes.o
    0x08014a10   0x08014a10   0x000000c2   Code   RO        10346    i.opus_decode       opus_decoder.o
    0x08014ad2   0x08014ad2   0x00000002   PAD
    0x08014ad4   0x08014ad4   0x00000b08   Code   RO        10348    i.opus_decode_frame  opus_decoder.o
    0x080155dc   0x080155dc   0x00000254   Code   RO        10349    i.opus_decode_native  opus_decoder.o
    0x08015830   0x08015830   0x00000094   Code   RO        10350    i.opus_decoder_create  opus_decoder.o
    0x080158c4   0x080158c4   0x00000014   Code   RO        10355    i.opus_decoder_get_nb_samples  opus_decoder.o
    0x080158d8   0x080158d8   0x0000003c   Code   RO        10356    i.opus_decoder_get_size  opus_decoder.o
    0x08015914   0x08015914   0x000000d8   Code   RO        10357    i.opus_decoder_init  opus_decoder.o
    0x080159ec   0x080159ec   0x000000b0   Code   RO        10643    i.opus_encode       opus_encoder.o
    0x08015a9c   0x08015a9c   0x00001a6a   Code   RO        10645    i.opus_encode_frame_native  opus_encoder.o
    0x08017506   0x08017506   0x00000002   PAD
    0x08017508   0x08017508   0x00001636   Code   RO        10646    i.opus_encode_native  opus_encoder.o
    0x08018b3e   0x08018b3e   0x00000002   PAD
    0x08018b40   0x08018b40   0x000000c8   Code   RO        10647    i.opus_encoder_create  opus_encoder.o
    0x08018c08   0x08018c08   0x000006d0   Code   RO        10648    i.opus_encoder_ctl  opus_encoder.o
    0x080192d8   0x080192d8   0x0000003e   Code   RO        10650    i.opus_encoder_get_size  opus_encoder.o
    0x08019316   0x08019316   0x00000002   PAD
    0x08019318   0x08019318   0x000001dc   Code   RO        10651    i.opus_encoder_init  opus_encoder.o
    0x080194f4   0x080194f4   0x00000068   Code   RO        12235    i.opus_fft_c        kiss_fft.o
    0x0801955c   0x0801955c   0x0000010e   Code   RO        12236    i.opus_fft_impl     kiss_fft.o
    0x0801966a   0x0801966a   0x0000000c   Code   RO        10368    i.opus_free         opus_decoder.o
    0x08019676   0x08019676   0x0000000c   Code   RO        10652    i.opus_free         opus_encoder.o
    0x08019682   0x08019682   0x00000042   Code   RO        10127    i.opus_packet_extensions_count  extensions.o
    0x080196c4   0x080196c4   0x00000254   Code   RO        10128    i.opus_packet_extensions_generate  extensions.o
    0x08019918   0x08019918   0x000000be   Code   RO        10129    i.opus_packet_extensions_parse  extensions.o
    0x080199d6   0x080199d6   0x0000004c   Code   RO        10369    i.opus_packet_get_bandwidth  opus_decoder.o
    0x08019a22   0x08019a22   0x00000026   Code   RO        10370    i.opus_packet_get_mode  opus_decoder.o
    0x08019a48   0x08019a48   0x00000012   Code   RO        10371    i.opus_packet_get_nb_channels  opus_decoder.o
    0x08019a5a   0x08019a5a   0x00000032   Code   RO        10372    i.opus_packet_get_nb_frames  opus_decoder.o
    0x08019a8c   0x08019a8c   0x00000044   Code   RO        10373    i.opus_packet_get_nb_samples  opus_decoder.o
    0x08019ad0   0x08019ad0   0x0000006a   Code   RO        10297    i.opus_packet_get_samples_per_frame  opus.o
    0x08019b3a   0x08019b3a   0x0000002c   Code   RO        11324    i.opus_packet_pad   repacketizer.o
    0x08019b66   0x08019b66   0x000000a6   Code   RO        11325    i.opus_packet_pad_impl  repacketizer.o
    0x08019c0c   0x08019c0c   0x00000296   Code   RO        10299    i.opus_packet_parse_impl  opus.o
    0x08019ea2   0x08019ea2   0x00000002   PAD
    0x08019ea4   0x08019ea4   0x00000454   Code   RO        10300    i.opus_pcm_soft_clip  opus.o
    0x0801a2f8   0x0801a2f8   0x00000016   Code   RO        11327    i.opus_repacketizer_cat  repacketizer.o
    0x0801a30e   0x0801a30e   0x000000ee   Code   RO        11328    i.opus_repacketizer_cat_impl  repacketizer.o
    0x0801a3fc   0x0801a3fc   0x00000006   Code   RO        11333    i.opus_repacketizer_init  repacketizer.o
    0x0801a402   0x0801a402   0x00000528   Code   RO        11336    i.opus_repacketizer_out_range_impl  repacketizer.o
    0x0801a92a   0x0801a92a   0x0000003a   Code   RO        10301    i.parse_size        opus.o
    0x0801a964   0x0801a964   0x0000029c   Code   RO        11831    i.patch_transient_decision  celt_encoder.o
    0x0801ac00   0x0801ac00   0x00000040   Code   RO        16552    i.perror            mc_w.l(perror.o)
    0x0801ac40   0x0801ac40   0x00000238   Code   RO        12370    i.pitch_downsample  pitch.o
    0x0801ae78   0x0801ae78   0x00000210   Code   RO        12371    i.pitch_search      pitch.o
    0x0801b088   0x0801b088   0x00000108   Code   RO        11726    i.prefilter_and_fold  celt_decoder.o
    0x0801b190   0x0801b190   0x00000022   Code   RO        11438    i.pulses2bits       bands.o
    0x0801b1b2   0x0801b1b2   0x00000f9c   Code   RO        11439    i.quant_all_bands   bands.o
    0x0801c14e   0x0801c14e   0x00000002   PAD
    0x0801c150   0x0801c150   0x00000268   Code   RO        11440    i.quant_band        bands.o
    0x0801c3b8   0x0801c3b8   0x0000009e   Code   RO        11441    i.quant_band_n1     bands.o
    0x0801c456   0x0801c456   0x00000002   PAD
    0x0801c458   0x0801c458   0x000003ec   Code   RO        11442    i.quant_band_stereo  bands.o
    0x0801c844   0x0801c844   0x000003e0   Code   RO        12440    i.quant_coarse_energy  quant_bands.o
    0x0801cc24   0x0801cc24   0x00000318   Code   RO        12441    i.quant_coarse_energy_impl  quant_bands.o
    0x0801cf3c   0x0801cf3c   0x0000010c   Code   RO        12442    i.quant_energy_finalise  quant_bands.o
    0x0801d048   0x0801d048   0x00000134   Code   RO        12443    i.quant_fine_energy  quant_bands.o
    0x0801d17c   0x0801d17c   0x0000044a   Code   RO        11443    i.quant_partition   bands.o
    0x0801d5c6   0x0801d5c6   0x00000002   PAD
    0x0801d5c8   0x0801d5c8   0x00000484   Code   RO        12372    i.remove_doubling   pitch.o
    0x0801da4c   0x0801da4c   0x0000008c   Code   RO        12544    i.renormalise_vector  vq.o
    0x0801dad8   0x0801dad8   0x00000046   Code   RO        11651    i.resampling_factor  celt.o
    0x0801db1e   0x0801db1e   0x000000c0   Code   RO         9998    i.run_analysis      analysis.o
    0x0801dbde   0x0801dbde   0x00000002   PAD
    0x0801dbe0   0x0801dbe0   0x00000514   Code   RO        11832    i.run_prefilter     celt_encoder.o
    0x0801e0f4   0x0801e0f4   0x00000030   Code   RO        10254    i.sigmoid_approx    mlp.o
    0x0801e124   0x0801e124   0x0000023c   Code   RO        12876    i.silk_A2NLSF       a2nlsf.o
    0x0801e360   0x0801e360   0x00000044   Code   RO        15158    i.silk_A2NLSF_FLP   wrappers_flp.o
    0x0801e3a4   0x0801e3a4   0x00000160   Code   RO        12877    i.silk_A2NLSF_eval_poly  a2nlsf.o
    0x0801e504   0x0801e504   0x0000008e   Code   RO        12878    i.silk_A2NLSF_init  a2nlsf.o
    0x0801e592   0x0801e592   0x00000040   Code   RO        12879    i.silk_A2NLSF_trans_poly  a2nlsf.o
    0x0801e5d2   0x0801e5d2   0x00000016   Code   RO        13069    i.silk_CLZ32        decode_core.o
    0x0801e5e8   0x0801e5e8   0x00000016   Code   RO        13421    i.silk_CLZ32        lpc_inv_pred_gain.o
    0x0801e5fe   0x0801e5fe   0x00000016   Code   RO        13479    i.silk_CLZ32        nlsf_encode.o
    0x0801e614   0x0801e614   0x00000016   Code   RO        13593    i.silk_CLZ32        nsq.o
    0x0801e62a   0x0801e62a   0x00000016   Code   RO        13643    i.silk_CLZ32        nsq_del_dec.o
    0x0801e640   0x0801e640   0x00000016   Code   RO        13708    i.silk_CLZ32        plc.o
    0x0801e656   0x0801e656   0x00000016   Code   RO        14054    i.silk_CLZ32        stereo_find_predictor.o
    0x0801e66c   0x0801e66c   0x00000016   Code   RO        14097    i.silk_CLZ32        stereo_lr_to_ms.o
    0x0801e682   0x0801e682   0x00000016   Code   RO        14146    i.silk_CLZ32        sum_sqr_shift.o
    0x0801e698   0x0801e698   0x00000064   Code   RO        12974    i.silk_CLZ_FRAC     cng.o
    0x0801e6fc   0x0801e6fc   0x00000064   Code   RO        13344    i.silk_CLZ_FRAC     lin2log.o
    0x0801e760   0x0801e760   0x00000058   Code   RO        13709    i.silk_CLZ_FRAC     plc.o
    0x0801e7b8   0x0801e7b8   0x00000058   Code   RO        14055    i.silk_CLZ_FRAC     stereo_find_predictor.o
    0x0801e810   0x0801e810   0x00000064   Code   RO        14166    i.silk_CLZ_FRAC     vad.o
    0x0801e874   0x0801e874   0x000008c0   Code   RO        12975    i.silk_CNG          cng.o
    0x0801f134   0x0801f134   0x00000040   Code   RO        12976    i.silk_CNG_Reset    cng.o
    0x0801f174   0x0801f174   0x00000048   Code   RO        12977    i.silk_CNG_exc      cng.o
    0x0801f1bc   0x0801f1bc   0x00000112   Code   RO        13070    i.silk_DIV32_varQ   decode_core.o
    0x0801f2ce   0x0801f2ce   0x00000112   Code   RO        13480    i.silk_DIV32_varQ   nlsf_encode.o
    0x0801f3e0   0x0801f3e0   0x00000112   Code   RO        13594    i.silk_DIV32_varQ   nsq.o
    0x0801f4f2   0x0801f4f2   0x00000112   Code   RO        13644    i.silk_DIV32_varQ   nsq_del_dec.o
    0x0801f604   0x0801f604   0x00000112   Code   RO        14056    i.silk_DIV32_varQ   stereo_find_predictor.o
    0x0801f716   0x0801f716   0x00000112   Code   RO        14098    i.silk_DIV32_varQ   stereo_lr_to_ms.o
    0x0801f828   0x0801f828   0x00000978   Code   RO        12611    i.silk_Decode       dec_api.o
    0x080201a0   0x080201a0   0x00001074   Code   RO        12704    i.silk_Encode       enc_api.o
    0x08021214   0x08021214   0x0000000c   Code   RO        12612    i.silk_Get_Decoder_Size  dec_api.o
    0x08021220   0x08021220   0x0000000c   Code   RO        12705    i.silk_Get_Encoder_Size  enc_api.o
    0x0802122c   0x0802122c   0x00000174   Code   RO        13239    i.silk_HP_variable_cutoff  hp_variable_cutoff.o
    0x080213a0   0x080213a0   0x000000f6   Code   RO        13071    i.silk_INVERSE32_varQ  decode_core.o
    0x08021496   0x08021496   0x000000f6   Code   RO        13422    i.silk_INVERSE32_varQ  lpc_inv_pred_gain.o
    0x0802158c   0x0802158c   0x000000f6   Code   RO        13595    i.silk_INVERSE32_varQ  nsq.o
    0x08021682   0x08021682   0x000000f6   Code   RO        13645    i.silk_INVERSE32_varQ  nsq_del_dec.o
    0x08021778   0x08021778   0x000000f6   Code   RO        13710    i.silk_INVERSE32_varQ  plc.o
    0x0802186e   0x0802186e   0x00000046   Code   RO        12613    i.silk_InitDecoder  dec_api.o
    0x080218b4   0x080218b4   0x00000050   Code   RO        12706    i.silk_InitEncoder  enc_api.o
    0x08021904   0x08021904   0x00000160   Code   RO        14434    i.silk_LBRR_encode_FLP  encode_frame_flp.o
    0x08021a64   0x08021a64   0x000000c4   Code   RO        13393    i.silk_LPC_analysis_filter  lpc_analysis_filter.o
    0x08021b28   0x08021b28   0x000000a4   Code   RO        14682    i.silk_LPC_analysis_filter10_FLP  lpc_analysis_filter_flp.o
    0x08021bcc   0x08021bcc   0x000000bc   Code   RO        14683    i.silk_LPC_analysis_filter12_FLP  lpc_analysis_filter_flp.o
    0x08021c88   0x08021c88   0x000000ec   Code   RO        14684    i.silk_LPC_analysis_filter16_FLP  lpc_analysis_filter_flp.o
    0x08021d74   0x08021d74   0x00000074   Code   RO        14685    i.silk_LPC_analysis_filter6_FLP  lpc_analysis_filter_flp.o
    0x08021de8   0x08021de8   0x0000008c   Code   RO        14686    i.silk_LPC_analysis_filter8_FLP  lpc_analysis_filter_flp.o
    0x08021e74   0x08021e74   0x0000007e   Code   RO        14687    i.silk_LPC_analysis_filter_FLP  lpc_analysis_filter_flp.o
    0x08021ef2   0x08021ef2   0x00000002   PAD
    0x08021ef4   0x08021ef4   0x000001a0   Code   RO        13408    i.silk_LPC_fit      lpc_fit.o
    0x08022094   0x08022094   0x0000003c   Code   RO        13423    i.silk_LPC_inverse_pred_gain_c  lpc_inv_pred_gain.o
    0x080220d0   0x080220d0   0x00000204   Code   RO        13376    i.silk_LP_interpolate_filter_taps  lp_variable_cutoff.o
    0x080222d4   0x080222d4   0x0000006e   Code   RO        13377    i.silk_LP_variable_cutoff  lp_variable_cutoff.o
    0x08022342   0x08022342   0x000000d4   Code   RO        14763    i.silk_LTP_analysis_filter_FLP  ltp_analysis_filter_flp.o
    0x08022416   0x08022416   0x00000002   PAD
    0x08022418   0x08022418   0x000000d8   Code   RO        14791    i.silk_LTP_scale_ctrl_FLP  ltp_scale_ctrl_flp.o
    0x080224f0   0x080224f0   0x00000006   Code   RO        12614    i.silk_LoadOSCEModels  dec_api.o
    0x080224f6   0x080224f6   0x00000002   PAD
    0x080224f8   0x080224f8   0x00000128   Code   RO        13575    i.silk_NLSF2A       nlsf2a.o
    0x08022620   0x08022620   0x0000004c   Code   RO        15159    i.silk_NLSF2A_FLP   wrappers_flp.o
    0x0802266c   0x0802266c   0x000000a8   Code   RO        13576    i.silk_NLSF2A_find_poly  nlsf2a.o
    0x08022714   0x08022714   0x0000009c   Code   RO        13541    i.silk_NLSF_VQ      nlsf_vq.o
    0x080227b0   0x080227b0   0x000000e4   Code   RO        13553    i.silk_NLSF_VQ_weights_laroia  nlsf_vq_weights_laroia.o
    0x08022894   0x08022894   0x0000009e   Code   RO        13450    i.silk_NLSF_decode  nlsf_decode.o
    0x08022932   0x08022932   0x000003fc   Code   RO        13467    i.silk_NLSF_del_dec_quant  nlsf_del_dec_quant.o
    0x08022d2e   0x08022d2e   0x00000230   Code   RO        13481    i.silk_NLSF_encode  nlsf_encode.o
    0x08022f5e   0x08022f5e   0x0000005c   Code   RO        13451    i.silk_NLSF_residual_dequant  nlsf_decode.o
    0x08022fba   0x08022fba   0x00000002   PAD
    0x08022fbc   0x08022fbc   0x000002ac   Code   RO        13504    i.silk_NLSF_stabilize  nlsf_stabilize.o
    0x08023268   0x08023268   0x00000082   Code   RO        13529    i.silk_NLSF_unpack  nlsf_unpack.o
    0x080232ea   0x080232ea   0x00000002   PAD
    0x080232ec   0x080232ec   0x000002f4   Code   RO        13596    i.silk_NSQ_c        nsq.o
    0x080235e0   0x080235e0   0x000008e8   Code   RO        13646    i.silk_NSQ_del_dec_c  nsq_del_dec.o
    0x08023ec8   0x08023ec8   0x000000ac   Code   RO        13597    i.silk_NSQ_noise_shape_feedback_loop_c  nsq.o
    0x08023f74   0x08023f74   0x000002ac   Code   RO        15160    i.silk_NSQ_wrapper_FLP  wrappers_flp.o
    0x08024220   0x08024220   0x0000005c   Code   RO        13711    i.silk_PLC          plc.o
    0x0802427c   0x0802427c   0x00000038   Code   RO        13712    i.silk_PLC_Reset    plc.o
    0x080242b4   0x080242b4   0x00000af8   Code   RO        13713    i.silk_PLC_conceal  plc.o
    0x08024dac   0x08024dac   0x00000188   Code   RO        13714    i.silk_PLC_energy   plc.o
    0x08024f34   0x08024f34   0x00000162   Code   RO        13715    i.silk_PLC_glue_frames  plc.o
    0x08025096   0x08025096   0x00000190   Code   RO        13716    i.silk_PLC_update   plc.o
    0x08025226   0x08025226   0x00000002   PAD
    0x08025228   0x08025228   0x00000120   Code   RO        14860    i.silk_P_Ana_calc_corr_st3  pitch_analysis_core_flp.o
    0x08025348   0x08025348   0x000001f8   Code   RO        14861    i.silk_P_Ana_calc_energy_st3  pitch_analysis_core_flp.o
    0x08025540   0x08025540   0x000000a2   Code   RO        12707    i.silk_QueryEncoder  enc_api.o
    0x080255e2   0x080255e2   0x0000003c   Code   RO        12615    i.silk_ResetDecoder  dec_api.o
    0x0802561e   0x0802561e   0x00000052   Code   RO        12978    i.silk_SQRT_APPROX  cng.o
    0x08025670   0x08025670   0x00000052   Code   RO        14057    i.silk_SQRT_APPROX  stereo_find_predictor.o
    0x080256c2   0x080256c2   0x00000052   Code   RO        14167    i.silk_SQRT_APPROX  vad.o
    0x08025714   0x08025714   0x00000166   Code   RO        14168    i.silk_VAD_GetNoiseLevels  vad.o
    0x0802587a   0x0802587a   0x00000002   PAD
    0x0802587c   0x0802587c   0x0000054c   Code   RO        14169    i.silk_VAD_GetSA_Q8_c  vad.o
    0x08025dc8   0x08025dc8   0x0000008a   Code   RO        14170    i.silk_VAD_Init     vad.o
    0x08025e52   0x08025e52   0x000001f2   Code   RO        14209    i.silk_VQ_WMat_EC_c  vq_wmat_ec.o
    0x08026044   0x08026044   0x0000015c   Code   RO        12906    i.silk_ana_filt_bank_1  ana_filt_bank_1.o
    0x080261a0   0x080261a0   0x000000e0   Code   RO        14278    i.silk_apply_sine_window_FLP  apply_sine_window_flp.o
    0x08026280   0x08026280   0x0000004c   Code   RO        14315    i.silk_autocorrelation_FLP  autocorrelation_flp.o
    0x080262cc   0x080262cc   0x00000188   Code   RO        12920    i.silk_biquad_alt_stride1  biquad_alt.o
    0x08026454   0x08026454   0x000000e8   Code   RO        10653    i.silk_biquad_float  opus_encoder.o
    0x0802653c   0x0802653c   0x0000094e   Code   RO        14343    i.silk_burg_modified_FLP  burg_modified_flp.o
    0x08026e8a   0x08026e8a   0x0000004a   Code   RO        12938    i.silk_bwexpander   bwexpander.o
    0x08026ed4   0x08026ed4   0x0000007c   Code   RO        12950    i.silk_bwexpander_32  bwexpander_32.o
    0x08026f50   0x08026f50   0x00000044   Code   RO        14371    i.silk_bwexpander_FLP  bwexpander_flp.o
    0x08026f94   0x08026f94   0x00000098   Code   RO        13049    i.silk_control_SNR  control_snr.o
    0x0802702c   0x0802702c   0x00000180   Code   RO        13037    i.silk_control_audio_bandwidth  control_audio_bandwidth.o
    0x080271ac   0x080271ac   0x00000148   Code   RO        14224    i.silk_control_encoder  control_codec.o
    0x080272f4   0x080272f4   0x00000162   Code   RO        14399    i.silk_corrMatrix_FLP  corrmatrix_flp.o
    0x08027456   0x08027456   0x0000004c   Code   RO        14400    i.silk_corrVector_FLP  corrmatrix_flp.o
    0x080274a2   0x080274a2   0x00000002   PAD
    0x080274a4   0x080274a4   0x00000a20   Code   RO        13072    i.silk_decode_core  decode_core.o
    0x08027ec4   0x08027ec4   0x00000188   Code   RO        13099    i.silk_decode_frame  decode_frame.o
    0x0802804c   0x0802804c   0x000002ac   Code   RO        13111    i.silk_decode_indices  decode_indices.o
    0x080282f8   0x080282f8   0x000001b0   Code   RO        13123    i.silk_decode_parameters  decode_parameters.o
    0x080284a8   0x080284a8   0x000000b4   Code   RO        13135    i.silk_decode_pitch  decode_pitch.o
    0x0802855c   0x0802855c   0x00000168   Code   RO        13151    i.silk_decode_pulses  decode_pulses.o
    0x080286c4   0x080286c4   0x00000098   Code   RO        13019    i.silk_decode_signs  code_signs.o
    0x0802875c   0x0802875c   0x0000014c   Code   RO        13175    i.silk_decoder_set_fs  decoder_set_fs.o
    0x080288a8   0x080288a8   0x000000aa   Code   RO        14435    i.silk_encode_do_VAD_FLP  encode_frame_flp.o
    0x08028952   0x08028952   0x00000002   PAD
    0x08028954   0x08028954   0x000008bc   Code   RO        14436    i.silk_encode_frame_FLP  encode_frame_flp.o
    0x08029210   0x08029210   0x0000030c   Code   RO        13163    i.silk_encode_indices  encode_indices.o
    0x0802951c   0x0802951c   0x0000039c   Code   RO        13188    i.silk_encode_pulses  encode_pulses.o
    0x080298b8   0x080298b8   0x0000008c   Code   RO        13020    i.silk_encode_signs  code_signs.o
    0x08029944   0x08029944   0x000001b4   Code   RO        14486    i.silk_energy_FLP   energy_flp.o
    0x08029af8   0x08029af8   0x000001b0   Code   RO        14514    i.silk_find_LPC_FLP  find_lpc_flp.o
    0x08029ca8   0x08029ca8   0x000000e8   Code   RO        14542    i.silk_find_LTP_FLP  find_ltp_flp.o
    0x08029d90   0x08029d90   0x000002f0   Code   RO        14570    i.silk_find_pitch_lags_FLP  find_pitch_lags_flp.o
    0x0802a080   0x0802a080   0x0000027c   Code   RO        14598    i.silk_find_pred_coefs_FLP  find_pred_coefs_flp.o
    0x0802a2fc   0x0802a2fc   0x00000050   Code   RO        15161    i.silk_float2int    wrappers_flp.o
    0x0802a34c   0x0802a34c   0x00000110   Code   RO        14225    i.silk_float2short_array  control_codec.o
    0x0802a45c   0x0802a45c   0x00000110   Code   RO        14862    i.silk_float2short_array  pitch_analysis_core_flp.o
    0x0802a56c   0x0802a56c   0x0000001a   Code   RO        13204    i.silk_gains_ID     gain_quant.o
    0x0802a586   0x0802a586   0x000000b6   Code   RO        13205    i.silk_gains_dequant  gain_quant.o
    0x0802a63c   0x0802a63c   0x00000180   Code   RO        13206    i.silk_gains_quant  gain_quant.o
    0x0802a7bc   0x0802a7bc   0x00000018   Code   RO        13274    i.silk_init_decoder  init_decoder.o
    0x0802a7d4   0x0802a7d4   0x00000042   Code   RO        13295    i.silk_init_encoder  init_encoder.o
    0x0802a816   0x0802a816   0x00000024   Code   RO        13320    i.silk_inner_prod_aligned_scale  inner_prod_aligned.o
    0x0802a83a   0x0802a83a   0x00000002   PAD
    0x0802a83c   0x0802a83c   0x000001b8   Code   RO        14626    i.silk_inner_product_FLP_c  inner_product_flp.o
    0x0802a9f4   0x0802a9f4   0x000000e2   Code   RO        15102    i.silk_insertion_sort_decreasing_FLP  sort_flp.o
    0x0802aad6   0x0802aad6   0x0000009a   Code   RO        14000    i.silk_insertion_sort_increasing  sort.o
    0x0802ab70   0x0802ab70   0x00000038   Code   RO        14001    i.silk_insertion_sort_increasing_all_values_int16  sort.o
    0x0802aba8   0x0802aba8   0x0000002e   Code   RO        13332    i.silk_interpolate  interpolate.o
    0x0802abd6   0x0802abd6   0x0000006c   Code   RO        14654    i.silk_k2a_FLP      k2a_flp.o
    0x0802ac42   0x0802ac42   0x00000042   Code   RO        13345    i.silk_lin2log      lin2log.o
    0x0802ac84   0x0802ac84   0x0000004c   Code   RO        14863    i.silk_log2         pitch_analysis_core_flp.o
    0x0802acd0   0x0802acd0   0x0000008a   Code   RO        13364    i.silk_log2lin      log2lin.o
    0x0802ad5a   0x0802ad5a   0x0000000e   Code   RO        13717    i.silk_max_32       plc.o
    0x0802ad68   0x0802ad68   0x0000000e   Code   RO        13505    i.silk_max_int      nlsf_stabilize.o
    0x0802ad76   0x0802ad76   0x0000000e   Code   RO        13554    i.silk_max_int      nlsf_vq_weights_laroia.o
    0x0802ad84   0x0802ad84   0x0000000e   Code   RO        13718    i.silk_max_int      plc.o
    0x0802ad92   0x0802ad92   0x0000000e   Code   RO        14058    i.silk_max_int      stereo_find_predictor.o
    0x0802ada0   0x0802ada0   0x0000000e   Code   RO        13207    i.silk_min_32       gain_quant.o
    0x0802adae   0x0802adae   0x0000000e   Code   RO        13719    i.silk_min_32       plc.o
    0x0802adbc   0x0802adbc   0x0000000e   Code   RO        13506    i.silk_min_int      nlsf_stabilize.o
    0x0802adca   0x0802adca   0x0000000e   Code   RO        13555    i.silk_min_int      nlsf_vq_weights_laroia.o
    0x0802add8   0x0802add8   0x0000000e   Code   RO        13647    i.silk_min_int      nsq_del_dec.o
    0x0802ade6   0x0802ade6   0x0000000e   Code   RO        13720    i.silk_min_int      plc.o
    0x0802adf4   0x0802adf4   0x0000000e   Code   RO        14171    i.silk_min_int      vad.o
    0x0802ae02   0x0802ae02   0x00000002   PAD
    0x0802ae04   0x0802ae04   0x00000834   Code   RO        14820    i.silk_noise_shape_analysis_FLP  noise_shape_analysis_flp.o
    0x0802b638   0x0802b638   0x0000059c   Code   RO        13598    i.silk_noise_shape_quantizer  nsq.o
    0x0802bbd4   0x0802bbd4   0x00000f78   Code   RO        13648    i.silk_noise_shape_quantizer_del_dec  nsq_del_dec.o
    0x0802cb4c   0x0802cb4c   0x00000194   Code   RO        13599    i.silk_noise_shape_quantizer_short_prediction_c  nsq.o
    0x0802cce0   0x0802cce0   0x00000194   Code   RO        13649    i.silk_noise_shape_quantizer_short_prediction_c  nsq_del_dec.o
    0x0802ce74   0x0802ce74   0x00000332   Code   RO        13650    i.silk_nsq_del_dec_scale_states  nsq_del_dec.o
    0x0802d1a6   0x0802d1a6   0x000002a8   Code   RO        13600    i.silk_nsq_scale_states  nsq.o
    0x0802d44e   0x0802d44e   0x00000002   PAD
    0x0802d450   0x0802d450   0x000019c2   Code   RO        14864    i.silk_pitch_analysis_core_FLP  pitch_analysis_core_flp.o
    0x0802ee12   0x0802ee12   0x0000015c   Code   RO        13790    i.silk_process_NLSFs  process_nlsfs.o
    0x0802ef6e   0x0802ef6e   0x00000002   PAD
    0x0802ef70   0x0802ef70   0x00000064   Code   RO        15162    i.silk_process_NLSFs_FLP  wrappers_flp.o
    0x0802efd4   0x0802efd4   0x00000348   Code   RO        14925    i.silk_process_gains_FLP  process_gains_flp.o
    0x0802f31c   0x0802f31c   0x0000019c   Code   RO        13802    i.silk_quant_LTP_gains  quant_ltp_gains.o
    0x0802f4b8   0x0802f4b8   0x000000ec   Code   RO        15163    i.silk_quant_LTP_gains_FLP  wrappers_flp.o
    0x0802f5a4   0x0802f5a4   0x00000104   Code   RO        13814    i.silk_resampler    resampler.o
    0x0802f6a8   0x0802f6a8   0x000000e8   Code   RO        13841    i.silk_resampler_down2  resampler_down2.o
    0x0802f790   0x0802f790   0x000001fc   Code   RO        13855    i.silk_resampler_down2_3  resampler_down2_3.o
    0x0802f98c   0x0802f98c   0x00000104   Code   RO         9999    i.silk_resampler_down2_hp  analysis.o
    0x0802fa90   0x0802fa90   0x000002ac   Code   RO        13815    i.silk_resampler_init  resampler.o
    0x0802fd3c   0x0802fd3c   0x0000005e   Code   RO        13869    i.silk_resampler_private_AR2  resampler_private_ar2.o
    0x0802fd9a   0x0802fd9a   0x000000ae   Code   RO        13902    i.silk_resampler_private_IIR_FIR  resampler_private_iir_fir.o
    0x0802fe48   0x0802fe48   0x00000128   Code   RO        13903    i.silk_resampler_private_IIR_FIR_INTERPOL  resampler_private_iir_fir.o
    0x0802ff70   0x0802ff70   0x000000e4   Code   RO        13883    i.silk_resampler_private_down_FIR  resampler_private_down_fir.o
    0x08030054   0x08030054   0x0000092c   Code   RO        13884    i.silk_resampler_private_down_FIR_INTERPOL  resampler_private_down_fir.o
    0x08030980   0x08030980   0x00000218   Code   RO        13921    i.silk_resampler_private_up2_HQ  resampler_private_up2_hq.o
    0x08030b98   0x08030b98   0x0000001e   Code   RO        13922    i.silk_resampler_private_up2_HQ_wrapper  resampler_private_up2_hq.o
    0x08030bb6   0x08030bb6   0x00000036   Code   RO        13275    i.silk_reset_decoder  init_decoder.o
    0x08030bec   0x08030bec   0x00000146   Code   RO        14984    i.silk_residual_energy_FLP  residual_energy_flp.o
    0x08030d32   0x08030d32   0x00000090   Code   RO        15018    i.silk_scale_copy_vector_FLP  scale_copy_vector_flp.o
    0x08030dc2   0x08030dc2   0x00000090   Code   RO        15046    i.silk_scale_vector_FLP  scale_vector_flp.o
    0x08030e52   0x08030e52   0x00000002   PAD
    0x08030e54   0x08030e54   0x00000158   Code   RO        15074    i.silk_schur_FLP    schur_flp.o
    0x08030fac   0x08030fac   0x000002ac   Code   RO        14226    i.silk_setup_complexity  control_codec.o
    0x08031258   0x08031258   0x0000029c   Code   RO        14227    i.silk_setup_fs     control_codec.o
    0x080314f4   0x080314f4   0x0000016c   Code   RO        14228    i.silk_setup_resamplers  control_codec.o
    0x08031660   0x08031660   0x00000144   Code   RO        13956    i.silk_shell_decoder  shell_coder.o
    0x080317a4   0x080317a4   0x000000f8   Code   RO        13957    i.silk_shell_encoder  shell_coder.o
    0x0803189c   0x0803189c   0x00000024   Code   RO        14865    i.silk_short2float_array  pitch_analysis_core_flp.o
    0x080318c0   0x080318c0   0x0000005c   Code   RO        13986    i.silk_sigm_Q15     sigm_q15.o
    0x0803191c   0x0803191c   0x0000081c   Code   RO        14099    i.silk_stereo_LR_to_MS  stereo_lr_to_ms.o
    0x08032138   0x08032138   0x000002c0   Code   RO        14122    i.silk_stereo_MS_to_LR  stereo_ms_to_lr.o
    0x080323f8   0x080323f8   0x00000018   Code   RO        14018    i.silk_stereo_decode_mid_only  stereo_decode_pred.o
    0x08032410   0x08032410   0x00000100   Code   RO        14019    i.silk_stereo_decode_pred  stereo_decode_pred.o
    0x08032510   0x08032510   0x00000018   Code   RO        14036    i.silk_stereo_encode_mid_only  stereo_encode_pred.o
    0x08032528   0x08032528   0x0000005c   Code   RO        14037    i.silk_stereo_encode_pred  stereo_encode_pred.o
    0x08032584   0x08032584   0x00000184   Code   RO        14059    i.silk_stereo_find_predictor  stereo_find_predictor.o
    0x08032708   0x08032708   0x0000011c   Code   RO        14134    i.silk_stereo_quant_pred  stereo_quant_pred.o
    0x08032824   0x08032824   0x000000b6   Code   RO        14147    i.silk_sum_sqr_shift  sum_sqr_shift.o
    0x080328da   0x080328da   0x00000262   Code   RO        15130    i.silk_warped_autocorrelation_FLP  warped_autocorrelation_flp.o
    0x08032b3c   0x08032b3c   0x000000ba   Code   RO        10130    i.skip_extension    extensions.o
    0x08032bf6   0x08032bf6   0x00000076   Code   RO        10375    i.smooth_fade       opus_decoder.o
    0x08032c6c   0x08032c6c   0x00000072   Code   RO        11444    i.special_hybrid_folding  bands.o
    0x08032cde   0x08032cde   0x00000002   PAD
    0x08032ce0   0x08032ce0   0x0000022c   Code   RO        11445    i.spreading_decision  bands.o
    0x08032f0c   0x08032f0c   0x0000006e   Code   RO        16539    i.sqrt              m_wm.l(sqrt.o)
    0x08032f7a   0x08032f7a   0x00000002   PAD
    0x08032f7c   0x08032f7c   0x000001a4   Code   RO        11833    i.stereo_analysis   celt_encoder.o
    0x08033120   0x08033120   0x00000156   Code   RO        10654    i.stereo_fade       opus_encoder.o
    0x08033276   0x08033276   0x00000002   PAD
    0x08033278   0x08033278   0x0000014c   Code   RO        12545    i.stereo_itheta     vq.o
    0x080333c4   0x080333c4   0x000001c4   Code   RO        11446    i.stereo_merge      bands.o
    0x08033588   0x08033588   0x00000054   Code   RO        11447    i.stereo_split      bands.o
    0x080335dc   0x080335dc   0x0000004a   Code   RO         9803    i.systick_delay_ms  delay.o
    0x08033626   0x08033626   0x00000002   PAD
    0x08033628   0x08033628   0x0000004c   Code   RO         9804    i.systick_delay_us  delay.o
    0x08033674   0x08033674   0x000000d8   Code   RO        10255    i.tansig_approx     mlp.o
    0x0803374c   0x0803374c   0x000005ec   Code   RO        11834    i.tf_analysis       celt_encoder.o
    0x08033d38   0x08033d38   0x000000f0   Code   RO        11727    i.tf_decode         celt_decoder.o
    0x08033e28   0x08033e28   0x000000f8   Code   RO        11835    i.tf_encode         celt_encoder.o
    0x08033f20   0x08033f20   0x00002b38   Code   RO        10000    i.tonality_analysis  analysis.o
    0x08036a58   0x08036a58   0x00000016   Code   RO        10001    i.tonality_analysis_init  analysis.o
    0x08036a6e   0x08036a6e   0x00000018   Code   RO        10002    i.tonality_analysis_reset  analysis.o
    0x08036a86   0x08036a86   0x00000002   PAD
    0x08036a88   0x08036a88   0x00000564   Code   RO        10003    i.tonality_get_info  analysis.o
    0x08036fec   0x08036fec   0x0000053c   Code   RO        11836    i.transient_analysis  celt_encoder.o
    0x08037528   0x08037528   0x000001a0   Code   RO        12444    i.unquant_coarse_energy  quant_bands.o
    0x080376c8   0x080376c8   0x000000c8   Code   RO        12445    i.unquant_energy_finalise  quant_bands.o
    0x08037790   0x08037790   0x000000ac   Code   RO        12446    i.unquant_fine_energy  quant_bands.o
    0x0803783c   0x0803783c   0x00000052   Code   RO        10655    i.user_bitrate_to_bitrate  opus_encoder.o
    0x0803788e   0x0803788e   0x00000002   PAD
    0x08037890   0x08037890   0x000001fc   Code   RO        14821    i.warped_true2monic_coefs  noise_shape_analysis_flp.o
    0x08037a8c   0x08037a8c   0x00000210   Code   RO        11958    i.xcorr_kernel_c    celt_lpc.o
    0x08037c9c   0x08037c9c   0x00000210   Code   RO        12373    i.xcorr_kernel_c    pitch.o
    0x08037eac   0x08037eac   0x00000010   Data   RO         3952    .constdata          n32h47x_48x_rcc.o
    0x08037ebc   0x08037ebc   0x00000644   Data   RO        10004    .constdata          analysis.o
    0x08038500   0x08038500   0x000013b8   Data   RO        10284    .constdata          mlp_data.o
    0x080398b8   0x080398b8   0x000000cc   Data   RO        10656    .constdata          opus_encoder.o
    0x08039984   0x08039984   0x000000bc   Data   RO        11448    .constdata          bands.o
    0x08039a40   0x08039a40   0x00000078   Data   RO        11652    .constdata          celt.o
    0x08039ab8   0x08039ab8   0x00000012   Data   RO        11728    .constdata          celt_decoder.o
    0x08039aca   0x08039aca   0x00000002   PAD
    0x08039acc   0x08039acc   0x0000013c   Data   RO        11837    .constdata          celt_encoder.o
    0x08039c08   0x08039c08   0x0000141c   Data   RO        12014    .constdata          cwrs.o
    0x0803b024   0x0803b024   0x00000020   Data   RO        12041    .constdata          entcode.o
    0x0803b044   0x0803b044   0x000039ac   Data   RO        12347    .constdata          modes.o
    0x0803e9f0   0x0803e9f0   0x00000054   Data   RO        12374    .constdata          pitch.o
    0x0803ea44   0x0803ea44   0x000001eb   Data   RO        12447    .constdata          quant_bands.o
    0x0803ec2f   0x0803ec2f   0x0000002a   Data   RO        12513    .constdata          rate.o
    0x0803ec59   0x0803ec59   0x00000003   PAD
    0x0803ec5c   0x0803ec5c   0x00000020   Data   RO        12546    .constdata          vq.o
    0x0803ec7c   0x0803ec7c   0x0000000c   Data   RO        12616    .constdata          dec_api.o
    0x0803ec88   0x0803ec88   0x00000102   Data   RO        12769    .constdata          table_lsf_cos.o
    0x0803ed8a   0x0803ed8a   0x00000041   Data   RO        12785    .constdata          tables_gain.o
    0x0803edcb   0x0803edcb   0x00000001   PAD
    0x0803edcc   0x0803edcc   0x000001f7   Data   RO        12798    .constdata          tables_ltp.o
    0x0803efc3   0x0803efc3   0x00000001   PAD
    0x0803efc4   0x0803efc4   0x00000580   Data   RO        12811    .constdata          tables_nlsf_cb_nb_mb.o
    0x0803f544   0x0803f544   0x00000838   Data   RO        12824    .constdata          tables_nlsf_cb_wb.o
    0x0803fd7c   0x0803fd7c   0x000000f4   Data   RO        12837    .constdata          tables_other.o
    0x0803fe70   0x0803fe70   0x00000071   Data   RO        12850    .constdata          tables_pitch_lag.o
    0x0803fee1   0x0803fee1   0x00000419   Data   RO        12863    .constdata          tables_pulses_per_block.o
    0x080402fa   0x080402fa   0x000001c5   Data   RO        13050    .constdata          control_snr.o
    0x080404bf   0x080404bf   0x0000001a   Data   RO        13577    .constdata          nlsf2a.o
    0x080404d9   0x080404d9   0x000000f1   Data   RO        13696    .constdata          pitch_est_tables.o
    0x080405ca   0x080405ca   0x0000000c   Data   RO        13721    .constdata          plc.o
    0x080405d6   0x080405d6   0x0000002a   Data   RO        13816    .constdata          resampler.o
    0x08040600   0x08040600   0x0000000c   Data   RO        13923    .constdata          resampler_private_up2_hq.o
    0x0804060c   0x0804060c   0x0000016e   Data   RO        13941    .constdata          resampler_rom.o
    0x0804077a   0x0804077a   0x00000002   PAD
    0x0804077c   0x0804077c   0x00000048   Data   RO        13987    .constdata          sigm_q15.o
    0x080407c4   0x080407c4   0x00000010   Data   RO        14172    .constdata          vad.o
    0x080407d4   0x080407d4   0x000000b1   Data   RO        15473    .constdata          usbfsd_desc.o
    0x08040885   0x08040885   0x00000003   PAD
    0x08040888   0x08040888   0x00000058   Data   RO        16474    .constdata          m_wm.l(exp.o)
    0x080408e0   0x080408e0   0x00000038   Data   RO        16500    .constdata          m_wm.l(log.o)
    0x08040918   0x08040918   0x00000088   Data   RO        16526    .constdata          m_wm.l(pow.o)
    0x080409a0   0x080409a0   0x00000030   Data   RO        16896    .constdata          m_wm.l(cos_i.o)
    0x080409d0   0x080409d0   0x00000008   Data   RO        16916    .constdata          m_wm.l(qnan.o)
    0x080409d8   0x080409d8   0x000000c8   Data   RO        16919    .constdata          m_wm.l(rred.o)
    0x08040aa0   0x08040aa0   0x00000028   Data   RO        16923    .constdata          m_wm.l(sin_i.o)
    0x08040ac8   0x08040ac8   0x00000081   Data   RO        16977    .constdata          mc_w.l(ctype_o.o)
    0x08040b49   0x08040b49   0x00000003   PAD
    0x08040b4c   0x08040b4c   0x00000004   Data   RO        16978    .constdata          mc_w.l(ctype_o.o)
    0x08040b50   0x08040b50   0x00000095   Data   RO        11653    .conststring        celt.o
    0x08040be5   0x08040be5   0x00000003   PAD
    0x08040be8   0x08040be8   0x00000020   Data   RO        17008    Region$$Table       anon$$obj.o


    Execution Region RW_IRAM1 (Exec base: 0x20000000, Load base: 0x08040c08, Size: 0x0002e5e0, Max: 0x00030000, ABSOLUTE, COMPRESSED[0x000000d8])

    Exec Addr    Load Addr    Size         Type   Attr      Idx    E Section Name        Object

    0x20000000   COMPRESSED   0x00000038   Data   RW         9542    .data               main.o
    0x20000038   COMPRESSED   0x00000025   Data   RW         9710    .data               n32h47x_48x_it.o
    0x2000005d   COMPRESSED   0x00000003   PAD
    0x20000060   COMPRESSED   0x00000004   Data   RW         9839    .data               log.o
    0x20000064   COMPRESSED   0x00000008   Data   RW         9880    .data               ws2812.o
    0x2000006c   COMPRESSED   0x0000008c   Data   RW        10657    .data               opus_encoder.o
    0x200000f8   COMPRESSED   0x00000004   Data   RW        12907    .data               ana_filt_bank_1.o
    0x200000fc   COMPRESSED   0x00000019   Data   RW        15369    .data               hw_config.o
    0x20000115   COMPRESSED   0x0000001a   Data   RW        15474    .data               usbfsd_desc.o
    0x2000012f   COMPRESSED   0x00000001   PAD
    0x20000130   COMPRESSED   0x00000004   Data   RW        15502    .data               usbfsd_endp.o
    0x20000134   COMPRESSED   0x00000044   Data   RW        15543    .data               usbfsd_istr.o
    0x20000178   COMPRESSED   0x00000094   Data   RW        15586    .data               usbfsd_prop.o
    0x2000020c   COMPRESSED   0x0000000c   Data   RW        15691    .data               usbfsd_pwr.o
    0x20000218   COMPRESSED   0x00000003   Data   RW        15759    .data               usbfsd_core.o
    0x2000021b   COMPRESSED   0x00000001   PAD
    0x2000021c   COMPRESSED   0x00000014   Data   RW        15873    .data               usbfsd_init.o
    0x20000230   COMPRESSED   0x00000004   Data   RW        15908    .data               usbfsd_int.o
    0x20000234   COMPRESSED   0x00000008   Data   RW        15950    .data               usbfsd_mem.o
    0x2000023c   COMPRESSED   0x00000004   Data   RW        16946    .data               mc_w.l(stdout.o)
    0x20000240   COMPRESSED   0x00000004   Data   RW        16947    .data               mc_w.l(stderr.o)
    0x20000244   COMPRESSED   0x00000004   Data   RW        16952    .data               mc_w.l(mvars.o)
    0x20000248   COMPRESSED   0x00000004   Data   RW        16953    .data               mc_w.l(mvars.o)
    0x2000024c   COMPRESSED   0x00000004   Data   RW        16957    .data               mc_w.l(errno.o)
    0x20000250        -       0x000050c8   Zero   RW         9541    .bss                main.o
    0x20005318        -       0x00000030   Zero   RW         9879    .bss                ws2812.o
    0x20005348        -       0x0000021c   Zero   RW        15368    .bss                hw_config.o
    0x20005564        -       0x00000040   Zero   RW        15501    .bss                usbfsd_endp.o
    0x200055a4        -       0x00000020   Zero   RW        15690    .bss                usbfsd_pwr.o
    0x200055c4        -       0x0000001c   Zero   RW        15872    .bss                usbfsd_init.o
    0x200055e0        -       0x0001c000   Zero   RW            2    HEAP                startup_n32h482.o
    0x200215e0        -       0x0000d000   Zero   RW            1    STACK               startup_n32h482.o


==============================================================================

Image component sizes


      Code (inc. data)   RO Data    RW Data    ZI Data      Debug   Object Name

      1130          4          0          0          0      11330   a2nlsf.o
       348         14          0          4          0       1535   ana_filt_bank_1.o
     13618        330       1604          0          0      30419   analysis.o
       224          8          0          0          0       2189   apply_sine_window_flp.o
        76          0          0          0          0        871   autocorrelation_flp.o
     12130        148        188          0          0      47409   bands.o
       392          4          0          0          0       1366   biquad_alt.o
      2382         50          0          0          0       1969   burg_modified_flp.o
        74          0          0          0          0       1066   bwexpander.o
       124          0          0          0          0       1085   bwexpander_32.o
        68          0          0          0          0        666   bwexpander_flp.o
       898          6        269          0          0       8268   celt.o
      9486         82         18          0          0      23557   celt_decoder.o
     24086        422        316          0          0      42503   celt_encoder.o
      2100         28          0          0          0       9639   celt_lpc.o
       346          0          0          0          0       1270   check_control_input.o
      2558         24          0          0          0      14972   cng.o
       292         10          0          0          0       2528   code_signs.o
       384          0          0          0          0       1419   control_audio_bandwidth.o
      2316         52          0          0          0      13979   control_codec.o
       152         12        453          0          0       1511   control_snr.o
       430          0          0          0          0       1852   corrmatrix_flp.o
       772         22       5148          0          0       3848   cwrs.o
      2572         10         12          0          0      13583   dec_api.o
      3134         20          0          0          0       5511   decode_core.o
       392          0          0          0          0       1624   decode_frame.o
       684         54          0          0          0       1634   decode_indices.o
       432          8          0          0          0       1485   decode_parameters.o
       180         16          0          0          0       1412   decode_pitch.o
       360         14          0          0          0       1605   decode_pulses.o
       332         38          0          0          0       1302   decoder_set_fs.o
       196          4          0          0          0       1730   delay.o
      4484         10          0          0          0       9823   enc_api.o
      2776         20          0          0          0      14533   encode_frame_flp.o
       780         54          0          0          0       1822   encode_indices.o
       974         24          0          0          0       3045   encode_pulses.o
       436         10          0          0          0        838   energy_flp.o
        64          4         32          0          0       1801   entcode.o
       658          0          0          0          0       8968   entdec.o
      1078          0          0          0          0      10004   entenc.o
      1038          0          0          0          0       6447   extensions.o
       432          4          0          0          0       1796   find_lpc_flp.o
       232          4          0          0          0       1128   find_ltp_flp.o
       752         40          0          0          0       1879   find_pitch_lags_flp.o
       636         22          0          0          0       1679   find_pred_coefs_flp.o
       606          0          0          0          0      11000   gain_quant.o
       372          0          0          0          0       2686   hp_variable_cutoff.o
       748         74          0         25        540       6430   hw_config.o
        78          0          0          0          0       1633   init_decoder.o
        66          0          0          0          0       1132   init_encoder.o
        36          0          0          0          0       1192   inner_prod_aligned.o
       440          8          0          0          0        923   inner_product_flp.o
        46          0          0          0          0       1111   interpolate.o
       108          0          0          0          0        755   k2a_flp.o
      3462          4          0          0          0       6281   kiss_fft.o
       324          0          0          0          0       2888   laplace.o
       166          0          0          0          0       2603   lin2log.o
       228         18          0          4          0       3303   log.o
       138          0          0          0          0       1063   log2lin.o
       626         10          0          0          0       2174   lp_variable_cutoff.o
       196          4          0          0          0       1475   lpc_analysis_filter.o
       970          0          0          0          0       5259   lpc_analysis_filter_flp.o
       416          8          0          0          0       1571   lpc_fit.o
      2036         20          0          0          0       4983   lpc_inv_pred_gain.o
       212          0          0          0          0       1187   ltp_analysis_filter_flp.o
       216          8          0          0          0       1170   ltp_scale_ctrl_flp.o
      2104        430          0         56      20680      12356   main.o
         0          0          0          0          0       2284   mapping_matrix.o
        50          0          0          0          0        658   mathops.o
      1312          0          0          0          0       4723   mdct.o
       332         30          0          0          0       3473   microphone.o
       132         22          0          0          0     540511   misc.o
      1028         36          0          0          0       4676   mlp.o
         0          0       5048          0          0       1447   mlp_data.o
        96          6      14764          0          0       2874   modes.o
         0          0          0          0          0      25100   n32h47x_48x_adc.o
       668         24          0          0          0      21354   n32h47x_48x_dma.o
        12          6          0          0          0       3160   n32h47x_48x_exti.o
       178          0          0          0          0      49156   n32h47x_48x_gpio.o
      1076        148          0         37          0       9795   n32h47x_48x_it.o
       772         92         16          0          0       7486   n32h47x_48x_rcc.o
       410         24          0          0          0      14566   n32h47x_48x_spi.o
      1244         80          0          0          0      28558   n32h47x_48x_tim.o
       464         20          0          0          0      14167   n32h47x_48x_usart.o
       464         14         26          0          0       2570   nlsf2a.o
       250          0          0          0          0       2171   nlsf_decode.o
      1020          0          0          0          0       2886   nlsf_del_dec_quant.o
       856          0          0          0          0       4255   nlsf_encode.o
       712          4          0          0          0       9870   nlsf_stabilize.o
       130          0          0          0          0       1171   nlsf_unpack.o
       156          0          0          0          0       1399   nlsf_vq.o
       256          0          0          0          0       2302   nlsf_vq_weights_laroia.o
      2828        130          0          0          0       6456   noise_shape_analysis_flp.o
      3990         24          0          0          0      10589   nsq.o
      8018         30          0          0          0      20697   nsq_del_dec.o
      1968         10          0          0          0       6224   opus.o
      4648         72          0          0          0      29344   opus_decoder.o
     19576        296        204        140          0      45346   opus_encoder.o
      3730         82         84          0          0      13439   pitch.o
      7770        202          0          0          0      11915   pitch_analysis_core_flp.o
         0          0        241          0          0       1175   pitch_est_tables.o
      4514         32         12          0          0      19359   plc.o
       840         70          0          0          0       2737   process_gains_flp.o
       348          0          0          0          0       1525   process_nlsfs.o
      3482         94        491          0          0      14992   quant_bands.o
       412         18          0          0          0       2339   quant_ltp_gains.o
       168         12          0          0          0       4117   queue.o
      2556          8         42          0          0       6961   rate.o
      1796          0          0          0          0       7185   repacketizer.o
       944         32         42          0          0       3918   resampler.o
       232         10          0          0          0       1279   resampler_down2.o
       508         10          0          0          0       1513   resampler_down2_3.o
        94          0          0          0          0       1229   resampler_private_ar2.o
      2576          4          0          0          0       2846   resampler_private_down_fir.o
       470          8          0          0          0       2357   resampler_private_iir_fir.o
       566         14         12          0          0       2408   resampler_private_up2_hq.o
         0          0        366          0          0       1775   resampler_rom.o
       326          0          0          0          0       1087   residual_energy_flp.o
       144          0          0          0          0        805   scale_copy_vector_flp.o
       144          0          0          0          0        736   scale_vector_flp.o
       344         10          0          0          0       1017   schur_flp.o
       712         40          0          0          0       4006   shell_coder.o
        92         14         72          0          0       1292   sigm_q15.o
       210          0          0          0          0       1975   sort.o
       226          0          0          0          0        897   sort_flp.o
       312         26          0          0          0       3505   speaker.o
        36          8        536          0     167936        876   startup_n32h482.o
       280         20          0          0          0       1864   stereo_decode_pred.o
       116         16          0          0          0       1704   stereo_encode_pred.o
       868          4          0          0          0      12681   stereo_find_predictor.o
      2372         10          0          0          0      11579   stereo_lr_to_ms.o
       704          4          0          0          0       1543   stereo_ms_to_lr.o
       284          4          0          0          0       1333   stereo_quant_pred.o
       204          0          0          0          0       8949   sum_sqr_shift.o
       516         66          0          0          0       8053   system_n32h47x_48x_1.o
         0          0        258          0          0        629   table_lsf_cos.o
         0          0         65          0          0        682   tables_gain.o
         0          0        503          0          0       1544   tables_ltp.o
         0          0       1408          0          0       1013   tables_nlsf_cb_nb_mb.o
         0          0       2104          0          0        978   tables_nlsf_cb_wb.o
         0          0        244          0          0       2124   tables_other.o
         0          0        113          0          0       1034   tables_pitch_lag.o
         0          0       1049          0          0       1437   tables_pulses_per_block.o
      3038        252          0          3          0      15354   usbfsd_core.o
         0          0        177         26          0       1135   usbfsd_desc.o
       220         32          0          4         64       2596   usbfsd_endp.o
         0          0          0         20         28       3711   usbfsd_init.o
       620         30          0          4          0       1907   usbfsd_int.o
       468         34          0         68          0       1731   usbfsd_istr.o
       116         18          0          8          0       2279   usbfsd_mem.o
       652        110          0        148          0      11761   usbfsd_prop.o
       448         46          0         12         32       3796   usbfsd_pwr.o
       650         42          0          0          0      10568   usbfsd_regs.o
        82         10          0          0          0       1672   usbfsd_sil.o
      2048          4         16          0          0      13162   vad.o
      2748         76         32          0          0      12836   vq.o
       498          0          0          0          0       1888   vq_wmat_ec.o
       610          0          0          0          0       1154   warped_autocorrelation_flp.o
       426         34          0          0          0       4759   websocket.o
      1244         62          0          0          0       6207   wrappers_flp.o
       572         50          0          8         48       4258   ws2812.o

    ----------------------------------------------------------------------
    216704       4842      36012        572     189328    1548529   Object Totals
         0          0         32          0          0          0   (incl. Generated)
       120          0         15          5          0          0   (incl. Padding)

    ----------------------------------------------------------------------

      Code (inc. data)   RO Data    RW Data    ZI Data      Debug   Library Member Name

       200         20          0          0          0        164   cos.o
       368         46         48          0          0        200   cos_i.o
       184         44          0          0          0        744   dunder.o
       856        142         88          0          0        288   exp.o
        44          0          0          0          0        248   fabs.o
       280         28          0          0          0        156   floor.o
        48          0          0          0          0        124   fpclassify.o
       980         92         56          0          0        440   log.o
       304         44          0          0          0        200   log10.o
       248          0          0          0          0        152   poly.o
      3152        296        136          0          0        352   pow.o
         0          0          8          0          0          0   qnan.o
      1080        142        200          0          0        188   rred.o
       304         24         40          0          0        208   sin_i.o
       232          0          0          0          0        296   sqrt.o
        86          0          0          0          0          0   __dczerorl2.o
        28          0          0          0          0         68   _chval.o
       158          0          0          0          0         92   _strtoul.o
        26          0          0          0          0         80   atoi.o
         8          4        133          0          0         68   ctype_o.o
         0          0          0          0          0          0   entry.o
         0          0          0          0          0          0   entry10a.o
         0          0          0          0          0          0   entry11a.o
         8          4          0          0          0          0   entry2.o
         4          0          0          0          0          0   entry5.o
         0          0          0          0          0          0   entry7b.o
         0          0          0          0          0          0   entry8b.o
         8          4          0          0          0          0   entry9a.o
        20         10          0          4          0        136   errno.o
        24          0          0          0          0         80   fputs.o
        30          0          0          0          0          0   handlers.o
        36          8          0          0          0         68   init.o
         0          0          0          0          0          0   iusefp.o
        30          0          0          0          0         68   llshl.o
        36          0          0          0          0         68   llsshr.o
        32          0          0          0          0         68   llushr.o
       188         20          0          0          0        160   malloc.o
        64          0          0          0          0         76   memmovea.o
        36          0          0          0          0        108   memseta.o
         0          0          0          8          0          0   mvars.o
        64         14          0          0          0         80   perror.o
       422         20          0          0          0        336   printf1.o
         0          0          0          4          0          0   stderr.o
         0          0          0          4          0          0   stdout.o
       228        196          0          0          0         68   strerror.o
        14          0          0          0          0         68   strlen.o
        36          0          0          0          0         80   strstr.o
       112          0          0          0          0         88   strtol.o
        44          0          0          0          0         80   uidiv.o
        98          0          0          0          0         92   uldiv.o
        48          0          0          0          0         68   cdcmple.o
        48          0          0          0          0         68   cdrcmple.o
        56          0          0          0          0         88   d2f.o
       334          0          0          0          0        148   dadd.o
       222          0          0          0          0        100   ddiv.o
       186          0          0          0          0        176   depilogue.o
        62          0          0          0          0         80   dfixi.o
        50          0          0          0          0         76   dfixui.o
        34          0          0          0          0         76   dflti.o
        26          0          0          0          0         76   dfltui.o
       228          0          0          0          0         96   dmul.o
        46          0          0          0          0         80   dscalb.o
       162          0          0          0          0        100   dsqrt.o
        38          0          0          0          0         68   f2d.o
       110          0          0          0          0        168   fepilogue.o

    ----------------------------------------------------------------------
     11796       1166        712         20          0       7260   Library Totals
        26          8          3          0          0          0   (incl. Padding)

    ----------------------------------------------------------------------

      Code (inc. data)   RO Data    RW Data    ZI Data      Debug   Library Name

      8280        878        576          0          0       3760   m_wm.l
      1840        280        133         20          0       2032   mc_w.l
      1650          0          0          0          0       1468   mf_w.l

    ----------------------------------------------------------------------
     11796       1166        712         20          0       7260   Library Totals

    ----------------------------------------------------------------------

==============================================================================


      Code (inc. data)   RO Data    RW Data    ZI Data      Debug   

    228500       6008      36724        592     189328    1492049   Grand Totals
    228500       6008      36724        216     189328    1492049   ELF Image Totals (compressed)
    228500       6008      36724        216          0          0   ROM Totals

==============================================================================

    Total RO  Size (Code + RO Data)               265224 ( 259.01kB)
    Total RW  Size (RW Data + ZI Data)            189920 ( 185.47kB)
    Total ROM Size (Code + RO Data + RW Data)     265440 ( 259.22kB)

==============================================================================

